06-22 21:38:56.141 27459 27547 D UE      : [GameActivity] memstat: Used memory: 170783
06-22 21:38:56.141 27459 27547 D UE      : [GameActivity] memstat: VmSize:	17033628 kB
06-22 21:38:56.141 27459 27547 D UE      : [GameActivity] memstat: VmHWM:	  831116 kB
06-22 21:38:56.141 27459 27547 D UE      : [GameActivity] memstat: VmRSS:	  746244 kB
06-22 21:38:56.141 27459 27547 D UE      : [GameActivity] memstat: VmData:	 1607512 kB
06-22 21:38:56.141 27459 27547 D UE      : [GameActivity] memstat: VmSwap:	   17648 kB
06-22 21:38:57.371  1519  1888 D ActivityManager: freezing 30225 com.google.android.apps.messaging
06-22 21:38:57.483  1134  1134 I WifiHAL : Creating message to get link statistics; iface = 48
06-22 21:38:57.580  1134  1134 I WifiHAL : In GetLinkStatsCommand::handleResponse
06-22 21:38:57.595  1091  2613 I bthal.flowcontrol: HciEventPreProcess: HCI Event 0xe Opcode 0xfd59 Length 22 unhandled by ControllerActivityWatcher
06-22 21:38:57.604  1519  2106 D TelephonyManager: requestModemActivityInfo: Sending result to app: ModemActivityInfo{ mTimestamp=335039662 mSleepTimeMs=252871688 mIdleTimeMs=14433417 mActivityStatsTechSpecificInfo=[{mRat=UNKNOWN,mFrequencyRange=UNKNOWN,mTxTimeMs[]=[1333212, 451492, 808220, 238944, 863370],mRxTimeMs=62999998}]}
06-22 21:38:58.526  1134  1134 I WifiHAL : Creating message to get link statistics; iface = 48
06-22 21:38:58.626  1134  1134 I WifiHAL : In GetLinkStatsCommand::handleResponse
06-22 21:38:58.662  1519  1948 D ConnectivityService: NetReassign [no changes] [c 0] [a 1] [i 9]
06-22 21:38:59.480 16581 16633 I PlayCommon: [913] alko.j(32): Preparing logs for uploading
06-22 21:38:59.488 16581 16633 I PlayCommon: [913] alko.j(183): Connecting to server: https://play.googleapis.com/play/log?format=raw&proto_v2=true
06-22 21:38:59.554 16581 16633 D TrafficStats: tagSocket(118) with statsTag=0x6900, statsUid=-1
06-22 21:38:59.736 16581 16633 I PlayCommon: [913] alko.j(220): Successfully uploaded logs.
06-22 21:39:00.006  6081  6837 I AiAiEcho: Predicting[7]: { Feature:1, creation:2023-06-22T20:11:48.677Z, expiry:2023-06-22T21:00:00Z, isExpired: false}, { Feature:1, creation:2023-06-22T21:00:00Z, expiry:2023-06-22T22:00:00Z, isExpired: true}, { Feature:1, creation:2023-06-22T22:00:00Z, expiry:2023-06-22T23:00:00Z, isExpired: true}, { Feature:1, creation:2023-06-22T23:00:00Z, expiry:2023-06-23T00:00:00Z, isExpired: true}, { Feature:1, creation:2023-06-23T00:00:00Z, expiry:2023-06-23T01:00:00Z, isExpired: true}, { Feature:1, creation:2023-06-23T01:00:00Z, expiry:2023-06-23T02:00:00Z, isExpired: true}, { Feature:1, creation:2023-06-23T02:00:00Z, expiry:2023-06-23T02:11:48.677Z, isExpired: true} [CONTEXT sampling_count=5 ]
06-22 21:39:00.007  6081  6837 I AiAiEcho: EchoTargets: Feature:1
06-22 21:39:00.007  6081  6837 I AiAiEcho: Filtered by AiAi flag check: 
06-22 21:39:00.007  6081  6837 I AiAiEcho: [CONTEXT ratelimit_period="10 SECONDS" ]
06-22 21:39:00.008  6081  6837 I AiAiEcho: Ranked targets strategy: WEIGHTED, count: 1, ranking metadata: { cardId: WEATHER-569377242, card type: 1, update time: 2023-06-22T20:11:48.677Z, expiration time: 2023-06-22T21:00:00Z, ranking metadata: RankingMetaData(urgency=0.626, priority=0.3, recency=1.0, rankScore=0.1878, importantTimePoints=# nox@7bca4) } [CONTEXT ratelimit_period="10 SECONDS" ]
06-22 21:39:00.009  6081  6837 I AiAiEcho: #weatherTwiddler: Weather removes SubtitleSupplementalItem in surface: lockscreen [CONTEXT ratelimit_period="10 SECONDS" ]
06-22 21:39:00.015  6081  6837 I AiAiEcho: #postPredictionTargets: Sending updates to UISurface lockscreen with targets# 1 (types=[1])
06-22 21:39:00.044  2030  2030 D SsBaseTemplateCard: No text view can be set up
06-22 21:39:00.046  2030  2030 D SsBaseTemplateCard: Passed-in item info is null
06-22 21:39:00.046  2030  2030 D SsBaseTemplateCard: Passed-in item info is null
06-22 21:39:00.046  2030  2030 I SsBaseTemplateCard: Secondary card pane is null
06-22 21:39:01.651  1134  1134 I WifiHAL : Creating message to get link statistics; iface = 48
06-22 21:39:01.748  1134  1134 I WifiHAL : In GetLinkStatsCommand::handleResponse
06-22 21:39:01.783  1519  1948 D ConnectivityService: NetReassign [no changes] [c 1] [a 1] [i 6]
06-22 21:39:02.150  1792  1807 I pixel-thermal: neutral_therm: 36.469
06-22 21:39:04.776  1134  1134 I WifiHAL : Creating message to get link statistics; iface = 48
06-22 21:39:04.873  1134  1134 I WifiHAL : In GetLinkStatsCommand::handleResponse
06-22 21:39:04.910  1519  1948 D ConnectivityService: NetReassign [no changes] [c 1] [a 0] [i 6]
06-22 21:39:06.192 27459 27547 D UE      : [GameActivity] --- memstats:
06-22 21:39:06.195 27459 27547 D UE      : [GameActivity] memstat: Used memory: 170783
06-22 21:39:06.196 27459 27547 D UE      : [GameActivity] memstat: VmSize:	17036076 kB
06-22 21:39:06.196 27459 27547 D UE      : [GameActivity] memstat: VmHWM:	  831116 kB
06-22 21:39:06.196 27459 27547 D UE      : [GameActivity] memstat: VmRSS:	  756800 kB
06-22 21:39:06.196 27459 27547 D UE      : [GameActivity] memstat: VmData:	 1609228 kB
06-22 21:39:06.196 27459 27547 D UE      : [GameActivity] memstat: VmSwap:	   17648 kB
06-22 21:39:07.904  1134  1134 I WifiHAL : Creating message to get link statistics; iface = 48
06-22 21:39:08.001  1134  1134 I WifiHAL : In GetLinkStatsCommand::handleResponse
06-22 21:39:08.038  1519  1948 D ConnectivityService: NetReassign [no changes] [c 1] [a 0] [i 6]
06-22 21:39:08.334  2030  2030 D DLObserver: onReceive(); android.intent.action.BATTERY_CHANGED
06-22 21:39:08.334  2030  2030 D DLObserver: plugged=2
06-22 21:39:08.335  2030  3354 D PowerUI : can't show warning due to - plugged: true status unknown: false
06-22 21:39:08.335  2030  2030 D PowerNotificationWarningsGoogleImpl: onReceive: android.intent.action.BATTERY_CHANGED
06-22 21:39:08.335  2030  2030 D BatteryDefenderNotification: isPlugged: true | isOverheated: false | defenderEnabled: false | isCharged: false | isPluggedInDock: false
06-22 21:39:08.336 27459 27459 D UE      : [GameActivity] Battery: status = 4, rawlevel = 62, scale = 100
06-22 21:39:08.336 27459 27459 D UE      : nativeBatteryEvent(stat = 4, lvl = 62  temp = 36.20 C)
06-22 21:39:08.336   519   519 I servicemanager: Found vendor.google.google_battery.IGoogleBattery/default in device VINTF manifest.
06-22 21:39:08.343  2030  2068 D BatteryInfoBroadcast: onReceive: android.intent.action.BATTERY_CHANGED isPowerSaveMode: false remainingTimeMillis: 83354539
06-22 21:39:09.164  1792  1807 I pixel-thermal: neutral_therm: 36.558
06-22 21:39:11.031  1134  1134 I WifiHAL : Creating message to get link statistics; iface = 48
06-22 21:39:11.128  1134  1134 I WifiHAL : In GetLinkStatsCommand::handleResponse
06-22 21:39:11.158  1519  1948 D ConnectivityService: NetReassign [no changes] [c 1] [a 0] [i 3]
06-22 21:39:14.158  1134  1134 I WifiHAL : Creating message to get link statistics; iface = 48
06-22 21:39:14.255  1134  1134 I WifiHAL : In GetLinkStatsCommand::handleResponse
06-22 21:39:14.290  1519  1948 D ConnectivityService: NetReassign [no changes] [c 1] [a 0] [i 5]
06-22 21:39:15.629 27354 27354 I EuiccGoogle: [2] EuiccServiceImpl.onDestroy: onDestroy: EuiccService on destroy.
06-22 21:39:15.786 27399 27449 I Finsky:background: [894] njh.run(33): Stats for Executor: bgExecutor njy@70faee6[Running, pool size = 4, active threads = 0, queued tasks = 0, completed tasks = 14]
06-22 21:39:15.798 27399 27449 I Finsky:background: [894] njh.run(33): Stats for Executor: LightweightExecutor njy@4dbbc27[Running, pool size = 0, active threads = 0, queued tasks = 0, completed tasks = 0]
06-22 21:39:16.175  1792  1807 I pixel-thermal: neutral_therm: 36.647
06-22 21:39:16.248 27459 27547 D UE      : [GameActivity] --- memstats:
06-22 21:39:16.249 27459 27547 D UE      : [GameActivity] memstat: Used memory: 170783
06-22 21:39:16.249 27459 27547 D UE      : [GameActivity] memstat: VmSize:	17033220 kB
06-22 21:39:16.249 27459 27547 D UE      : [GameActivity] memstat: VmHWM:	  831116 kB
06-22 21:39:16.250 27459 27547 D UE      : [GameActivity] memstat: VmRSS:	  745000 kB
06-22 21:39:16.250 27459 27547 D UE      : [GameActivity] memstat: VmData:	 1607188 kB
06-22 21:39:16.250 27459 27547 D UE      : [GameActivity] memstat: VmSwap:	   17648 kB
06-22 21:39:17.283  1134  1134 I WifiHAL : Creating message to get link statistics; iface = 48
06-22 21:39:17.386  1134  1134 I WifiHAL : In GetLinkStatsCommand::handleResponse
06-22 21:39:17.423  1519  1948 D ConnectivityService: NetReassign [no changes] [c 1] [a 0] [i 7]
06-22 21:39:20.419  1134  1134 I WifiHAL : Creating message to get link statistics; iface = 48
06-22 21:39:20.516  1134  1134 I WifiHAL : In GetLinkStatsCommand::handleResponse
06-22 21:39:20.543  1519  1948 D ConnectivityService: NetReassign [no changes] [c 1] [a 0] [i 4]
06-22 21:39:21.172 32456  2145 I hbox:interactor: oneway function results for code 2 on binder at 0xb4000070ca64fe30 will be dropped but finished with status UNKNOWN_TRANSACTION
06-22 21:39:23.186  1792  1807 I pixel-thermal: neutral_therm: 36.736
06-22 21:39:23.543  1134  1134 I WifiHAL : Creating message to get link statistics; iface = 48
06-22 21:39:23.640  1134  1134 I WifiHAL : In GetLinkStatsCommand::handleResponse
06-22 21:39:23.678  1519  1948 D ConnectivityService: NetReassign [no changes] [c 1] [a 1] [i 4]
06-22 21:39:24.604  6143  6143 D NativeNfcTag: Connect to a tech with a different handle
06-22 21:39:24.642  6143  6143 D NativeNfcTag: Check NDEF Failed - status = 3
06-22 21:39:24.699  6143  6143 D NativeNfcTag: Check NDEF Failed - status = 3
06-22 21:39:24.715  6143 27721 D NativeNfcTag: Starting background presence check
06-22 21:39:24.720  6143 27721 D NativeNfcTag: Tag lost, restarting polling loop
06-22 21:39:24.720  6143 27721 D NativeNfcTag: Stopping background presence check
06-22 21:39:26.300 27459 27547 D UE      : [GameActivity] --- memstats:
06-22 21:39:26.305 27459 27547 D UE      : [GameActivity] memstat: Used memory: 170783
06-22 21:39:26.305 27459 27547 D UE      : [GameActivity] memstat: VmSize:	17034716 kB
06-22 21:39:26.305 27459 27547 D UE      : [GameActivity] memstat: VmHWM:	  831116 kB
06-22 21:39:26.305 27459 27547 D UE      : [GameActivity] memstat: VmRSS:	  751212 kB
06-22 21:39:26.305 27459 27547 D UE      : [GameActivity] memstat: VmData:	 1608336 kB
06-22 21:39:26.305 27459 27547 D UE      : [GameActivity] memstat: VmSwap:	   17648 kB
06-22 21:39:26.672  1134  1134 I WifiHAL : Creating message to get link statistics; iface = 48
06-22 21:39:26.770  1134  1134 I WifiHAL : In GetLinkStatsCommand::handleResponse
06-22 21:39:26.805  1519  1948 D ConnectivityService: NetReassign [no changes] [c 1] [a 0] [i 7]
06-22 21:39:29.798  1134  1134 I WifiHAL : Creating message to get link statistics; iface = 48
06-22 21:39:29.896  1134  1134 I WifiHAL : In GetLinkStatsCommand::handleResponse
06-22 21:39:29.924  1519  1948 D ConnectivityService: NetReassign [no changes] [c 0] [a 1] [i 2]
06-22 21:39:30.199  1792  1807 I pixel-thermal: neutral_therm: 36.914
06-22 21:39:32.923  1134  1134 I WifiHAL : Creating message to get link statistics; iface = 48
06-22 21:39:33.023  1134  1134 I WifiHAL : In GetLinkStatsCommand::handleResponse
06-22 21:39:33.059  1519  1948 D ConnectivityService: NetReassign [no changes] [c 1] [a 1] [i 5]
06-22 21:39:36.052  1134  1134 I WifiHAL : Creating message to get link statistics; iface = 48
06-22 21:39:36.150  1134  1134 I WifiHAL : In GetLinkStatsCommand::handleResponse
06-22 21:39:36.185  1519  1948 D ConnectivityService: NetReassign [no changes] [c 1] [a 0] [i 3]
06-22 21:39:36.355 27459 27547 D UE      : [GameActivity] --- memstats:
06-22 21:39:36.357 27459 27547 D UE      : [GameActivity] memstat: Used memory: 170783
06-22 21:39:36.357 27459 27547 D UE      : [GameActivity] memstat: VmSize:	17032132 kB
06-22 21:39:36.357 27459 27547 D UE      : [GameActivity] memstat: VmHWM:	  831116 kB
06-22 21:39:36.357 27459 27547 D UE      : [GameActivity] memstat: VmRSS:	  759164 kB
06-22 21:39:36.357 27459 27547 D UE      : [GameActivity] memstat: VmData:	 1606408 kB
06-22 21:39:36.357 27459 27547 D UE      : [GameActivity] memstat: VmSwap:	   17648 kB
06-22 21:39:36.962  1519  1892 E ActivityManager: Sending non-protected broadcast AudioService.CHECK_MUSIC_ACTIVE from system uid 1000 pkg android
06-22 21:39:36.962  1519  1892 E ActivityManager: java.lang.Throwable
06-22 21:39:36.962  1519  1892 E ActivityManager: 	at com.android.server.am.ActivityManagerService.checkBroadcastFromSystem(ActivityManagerService.java:13564)
06-22 21:39:36.962  1519  1892 E ActivityManager: 	at com.android.server.am.ActivityManagerService.broadcastIntentLocked(ActivityManagerService.java:14282)
06-22 21:39:36.962  1519  1892 E ActivityManager: 	at com.android.server.am.ActivityManagerService.broadcastIntentInPackage(ActivityManagerService.java:14482)
06-22 21:39:36.962  1519  1892 E ActivityManager: 	at com.android.server.am.ActivityManagerService$LocalService.broadcastIntentInPackage(ActivityManagerService.java:16985)
06-22 21:39:36.962  1519  1892 E ActivityManager: 	at com.android.server.am.PendingIntentRecord.sendInner(PendingIntentRecord.java:526)
06-22 21:39:36.962  1519  1892 E ActivityManager: 	at com.android.server.am.PendingIntentRecord.sendWithResult(PendingIntentRecord.java:311)
06-22 21:39:36.962  1519  1892 E ActivityManager: 	at com.android.server.am.ActivityManagerService.sendIntentSender(ActivityManagerService.java:5380)
06-22 21:39:36.962  1519  1892 E ActivityManager: 	at android.app.PendingIntent.sendAndReturnResult(PendingIntent.java:1012)
06-22 21:39:36.962  1519  1892 E ActivityManager: 	at android.app.PendingIntent.send(PendingIntent.java:983)
06-22 21:39:36.962  1519  1892 E ActivityManager: 	at com.android.server.alarm.AlarmManagerService$DeliveryTracker.deliverLocked(AlarmManagerService.java:5544)
06-22 21:39:36.962  1519  1892 E ActivityManager: 	at com.android.server.alarm.AlarmManagerService.deliverAlarmsLocked(AlarmManagerService.java:4444)
06-22 21:39:36.962  1519  1892 E ActivityManager: 	at com.android.server.alarm.AlarmManagerService$AlarmThread.run(AlarmManagerService.java:4755)
06-22 21:39:37.036  1519  1745 I DropBoxManagerService: add tag=system_server_wtf isTagEnabled=true flags=0x6
06-22 21:39:37.211  1792  1807 I pixel-thermal: neutral_therm: 37.025
06-22 21:39:37.231  2152  2552 I bluetooth: packages/modules/Bluetooth/system/gd/hci/le_address_manager.cc:257 ack_pause: Client already in paused state
06-22 21:39:37.241  2152  2552 I bluetooth: packages/modules/Bluetooth/system/gd/hci/le_address_manager.cc:576 OnCommandComplete: Received command complete with op_code LE_SET_RANDOM_ADDRESS
06-22 21:39:37.241  2152  2552 I bluetooth: packages/modules/Bluetooth/system/gd/hci/le_address_manager.cc:595 OnCommandComplete: update random address : 6b:52:e1:84:92:f9
06-22 21:39:37.243  2152  2552 I bluetooth: packages/modules/Bluetooth/system/gd/hci/le_address_manager.cc:286 resume_registered_clients: Resuming registered clients
06-22 21:39:39.054  1519  1745 W BroadcastQueue: Background execution not allowed: receiving Intent { act=android.intent.action.DROPBOX_ENTRY_ADDED flg=0x10 (has extras) } to com.google.android.gms/.stats.service.DropBoxEntryAddedReceiver
06-22 21:39:39.054  1519  1745 W BroadcastQueue: Background execution not allowed: receiving Intent { act=android.intent.action.DROPBOX_ENTRY_ADDED flg=0x10 (has extras) } to com.google.android.gms/.chimera.GmsIntentOperationService$PersistentTrustedReceiver
06-22 21:39:39.180  1134  1134 I WifiHAL : Creating message to get link statistics; iface = 48
06-22 21:39:39.280  1134  1134 I WifiHAL : In GetLinkStatsCommand::handleResponse
06-22 21:39:39.312  1519  1948 D ConnectivityService: NetReassign [no changes] [c 1] [a 0] [i 3]
06-22 21:39:41.414 26504 25560 I NetworkScheduler.Stats: (REDACTED) Task %s/%s started execution. cause:%s exec_start_elapsed_seconds: %s
06-22 21:39:41.437 26504 24856 I NetworkScheduler.Stats: (REDACTED) Task %s/%s finished executing. cause:%s result: %s elapsed_millis: %s uptime_millis: %s exec_start_elapsed_seconds: %s
06-22 21:39:41.515 26504 25560 I NetworkScheduler.Stats: (REDACTED) Task %s/%s started execution. cause:%s exec_start_elapsed_seconds: %s
06-22 21:39:41.515 26504 25560 I NetworkScheduler.Stats: (REDACTED) Task %s/%s started execution. cause:%s exec_start_elapsed_seconds: %s
06-22 21:39:41.537 26504 27767 I NetworkScheduler.Stats: (REDACTED) Task %s/%s finished executing. cause:%s result: %s elapsed_millis: %s uptime_millis: %s exec_start_elapsed_seconds: %s
06-22 21:39:41.541 26504 27767 I NetworkScheduler.Stats: (REDACTED) Task %s/%s finished executing. cause:%s result: %s elapsed_millis: %s uptime_millis: %s exec_start_elapsed_seconds: %s
06-22 21:39:41.579 26504 27767 I NetworkScheduler.Stats: (REDACTED) Task %s/%s started execution. cause:%s exec_start_elapsed_seconds: %s
06-22 21:39:41.606 26504 27365 I NetworkScheduler.Stats: (REDACTED) Task %s/%s started execution. cause:%s exec_start_elapsed_seconds: %s
06-22 21:39:41.611 26504 27767 I NetworkScheduler.Stats: (REDACTED) Task %s/%s finished executing. cause:%s result: %s elapsed_millis: %s uptime_millis: %s exec_start_elapsed_seconds: %s
06-22 21:39:41.615 26504 27767 I NetworkScheduler.Stats: (REDACTED) Task %s/%s finished executing. cause:%s result: %s elapsed_millis: %s uptime_millis: %s exec_start_elapsed_seconds: %s
06-22 21:39:41.640 26504 27365 I NetworkScheduler.Stats: (REDACTED) Task %s/%s started execution. cause:%s exec_start_elapsed_seconds: %s
06-22 21:39:41.654 26504 27767 I NetworkScheduler.Stats: (REDACTED) Task %s/%s started execution. cause:%s exec_start_elapsed_seconds: %s
06-22 21:39:41.655 26504 27767 I NetworkScheduler.Stats: (REDACTED) Task %s/%s finished executing. cause:%s result: %s elapsed_millis: %s uptime_millis: %s exec_start_elapsed_seconds: %s
06-22 21:39:41.673 26504 27767 I NetworkScheduler.Stats: (REDACTED) Task %s/%s started execution. cause:%s exec_start_elapsed_seconds: %s
06-22 21:39:41.675 26504 24856 I NetworkScheduler.Stats: (REDACTED) Task %s/%s finished executing. cause:%s result: %s elapsed_millis: %s uptime_millis: %s exec_start_elapsed_seconds: %s
06-22 21:39:41.691 26504 24856 I NetworkScheduler.Stats: (REDACTED) Task %s/%s started execution. cause:%s exec_start_elapsed_seconds: %s
06-22 21:39:41.693 26504 24856 I NetworkScheduler.Stats: (REDACTED) Task %s/%s finished executing. cause:%s result: %s elapsed_millis: %s uptime_millis: %s exec_start_elapsed_seconds: %s
06-22 21:39:41.710 26504 27365 I NetworkScheduler.Stats: (REDACTED) Task %s/%s started execution. cause:%s exec_start_elapsed_seconds: %s
06-22 21:39:41.711 26504 27365 I NetworkScheduler.Stats: (REDACTED) Task %s/%s finished executing. cause:%s result: %s elapsed_millis: %s uptime_millis: %s exec_start_elapsed_seconds: %s
06-22 21:39:41.731 26504 27767 I NetworkScheduler.Stats: (REDACTED) Task %s/%s started execution. cause:%s exec_start_elapsed_seconds: %s
06-22 21:39:41.732 26504 27767 I NetworkScheduler.Stats: (REDACTED) Task %s/%s finished executing. cause:%s result: %s elapsed_millis: %s uptime_millis: %s exec_start_elapsed_seconds: %s
06-22 21:39:41.749 26504 27365 I NetworkScheduler.Stats: (REDACTED) Task %s/%s started execution. cause:%s exec_start_elapsed_seconds: %s
06-22 21:39:41.754 26504 25560 I NetworkScheduler.Stats: (REDACTED) Task %s/%s finished executing. cause:%s result: %s elapsed_millis: %s uptime_millis: %s exec_start_elapsed_seconds: %s
06-22 21:39:41.759 26504 25560 I NetworkScheduler.Stats: (REDACTED) Task %s/%s finished executing. cause:%s result: %s elapsed_millis: %s uptime_millis: %s exec_start_elapsed_seconds: %s
06-22 21:39:41.782 26504 25560 I NetworkScheduler.Stats: (REDACTED) Task %s/%s started execution. cause:%s exec_start_elapsed_seconds: %s
06-22 21:39:41.793 26504 25560 I NetworkScheduler.Stats: (REDACTED) Task %s/%s started execution. cause:%s exec_start_elapsed_seconds: %s
06-22 21:39:41.795 26504 25560 I NetworkScheduler.Stats: (REDACTED) Task %s/%s finished executing. cause:%s result: %s elapsed_millis: %s uptime_millis: %s exec_start_elapsed_seconds: %s
06-22 21:39:41.813 26504 25560 I NetworkScheduler.Stats: (REDACTED) Task %s/%s started execution. cause:%s exec_start_elapsed_seconds: %s
06-22 21:39:41.815 26504 25560 I NetworkScheduler.Stats: (REDACTED) Task %s/%s finished executing. cause:%s result: %s elapsed_millis: %s uptime_millis: %s exec_start_elapsed_seconds: %s
06-22 21:39:41.819 26504 25560 I NetworkScheduler.Stats: (REDACTED) Task %s/%s finished executing. cause:%s result: %s elapsed_millis: %s uptime_millis: %s exec_start_elapsed_seconds: %s
06-22 21:39:42.311  1134  1134 I WifiHAL : Creating message to get link statistics; iface = 48
06-22 21:39:42.408  1134  1134 I WifiHAL : In GetLinkStatsCommand::handleResponse
06-22 21:39:42.442  1519  1948 D ConnectivityService: NetReassign [no changes] [c 0] [a 1] [i 1]
06-22 21:39:44.225  1792  1807 I pixel-thermal: neutral_therm: 37.048
06-22 21:39:45.443  1134  1134 I WifiHAL : Creating message to get link statistics; iface = 48
06-22 21:39:45.542  1134  1134 I WifiHAL : In GetLinkStatsCommand::handleResponse
06-22 21:39:45.575  1519  1948 D ConnectivityService: NetReassign [no changes] [c 1] [a 0] [i 2]
06-22 21:39:46.408 27459 27547 D UE      : [GameActivity] --- memstats:
06-22 21:39:46.410 27459 27547 D UE      : [GameActivity] memstat: Used memory: 170783
06-22 21:39:46.410 27459 27547 D UE      : [GameActivity] memstat: VmSize:	17034444 kB
06-22 21:39:46.410 27459 27547 D UE      : [GameActivity] memstat: VmHWM:	  831116 kB
06-22 21:39:46.410 27459 27547 D UE      : [GameActivity] memstat: VmRSS:	  735408 kB
06-22 21:39:46.410 27459 27547 D UE      : [GameActivity] memstat: VmData:	 1608004 kB
06-22 21:39:46.410 27459 27547 D UE      : [GameActivity] memstat: VmSwap:	   17648 kB
06-22 21:39:47.875  2030  2030 D DLObserver: onReceive(); android.intent.action.BATTERY_CHANGED
06-22 21:39:47.876  2030  2030 D DLObserver: plugged=2
06-22 21:39:47.879  2030  2030 D PowerNotificationWarningsGoogleImpl: onReceive: android.intent.action.BATTERY_CHANGED
06-22 21:39:47.879 27459 27459 D UE      : [GameActivity] Battery: status = 4, rawlevel = 62, scale = 100
06-22 21:39:47.879  2030  3373 D PowerUI : can't show warning due to - plugged: true status unknown: false
06-22 21:39:47.879 27459 27459 D UE      : nativeBatteryEvent(stat = 4, lvl = 62  temp = 36.30 C)
06-22 21:39:47.879  2030  2030 D BatteryDefenderNotification: isPlugged: true | isOverheated: false | defenderEnabled: false | isCharged: false | isPluggedInDock: false
06-22 21:39:47.880   519   519 I servicemanager: Found vendor.google.google_battery.IGoogleBattery/default in device VINTF manifest.
06-22 21:39:47.900  2030  2068 D BatteryInfoBroadcast: onReceive: android.intent.action.BATTERY_CHANGED isPowerSaveMode: false remainingTimeMillis: 83347282
06-22 21:39:48.572  1134  1134 I WifiHAL : Creating message to get link statistics; iface = 48
06-22 21:39:48.670  1134  1134 I WifiHAL : In GetLinkStatsCommand::handleResponse
06-22 21:39:48.705  1519  1948 D ConnectivityService: NetReassign [no changes] [c 1] [a 1] [i 6]
06-22 21:39:51.228  1792  1807 I pixel-thermal: VIRTUAL-SKIN: 39.0667
06-22 21:39:51.228  1792  1807 I pixel-thermal: VIRTUAL-SKIN power_budget=9399.94 err=3.9333 err_integral=0 s_power=3500 time_elapsed_ms=7006 p=5899.94 i=0 d=0 control target=2
06-22 21:39:51.228  1792  1807 I pixel-thermal: VIRTUAL-SKIN's thermal-cpufreq-0 binded power rail S4M_VDD_CPUCL0: power threshold = 200, avg power = 205.243
06-22 21:39:51.228  1792  1807 I pixel-thermal: VIRTUAL-SKIN's thermal-cpufreq-2 binded power rail S2M_VDD_CPUCL2: power threshold = 200, avg power = 282.694
06-22 21:39:51.228  1792  1807 I pixel-thermal: VIRTUAL-SKIN's thermal-cpufreq-1 binded power rail S3M_VDD_CPUCL1: power threshold = 200, avg power = 44.3816
06-22 21:39:51.228  1792  1807 I pixel-thermal: VIRTUAL-SKIN's thermal-gpufreq-0 binded power rail S2S_VDD_G3D: power threshold = 200, avg power = 536.868
06-22 21:39:51.228  1792  1807 I pixel-thermal: VIRTUAL-SKIN-CHARGE: 39.0667
06-22 21:39:51.228  1792  1807 I pixel-thermal: VIRTUAL-SKIN-CHARGE's fcc binded power rail POWER_FOR_CHARGING_THROTTLING: power threshold = 500, avg power = 1432.81
06-22 21:39:51.228  1792  1807 I pixel-thermal: neutral_therm: 37.181
06-22 21:39:51.228  1792  1807 I pixel-thermal: Successfully update cdev tpu_cooling sysfs to 2
06-22 21:39:51.229  1792  1807 I pixel-thermal: Successfully update cdev thermal-gpufreq-0 sysfs to 1
06-22 21:39:51.229  1792  1807 I pixel-thermal: Successfully update cdev thermal-cpufreq-1 sysfs to 2
06-22 21:39:51.229  1792  1807 I pixel-thermal: Successfully update cdev thermal-cpufreq-2 sysfs to 2
06-22 21:39:51.230  1792  1807 I pixel-thermal: Successfully update cdev fcc sysfs to 4
06-22 21:39:51.235  1519  1802 V DisplayPowerController[0]: Brightness [0.020754948] reason changing to: 'automatic [ throttled ]', previous reason: 'automatic'.
06-22 21:39:51.235  1792  1807 I pixel-thermal: Send Hint THERMAL_VIRTUAL-SKIN_LIGHT Enable: true
06-22 21:39:51.236 27459 27459 D UE      : [GameActivity] === Thermal status changed to 1
06-22 21:39:51.235  2030  4752 I ReverseChargingControl: notifyThrottling(): thermal status=1
06-22 21:39:51.237  6172  6211 I ThermalStatusMonitor: Throttling Seen: temp.getType(): 3 temp.getName(): VIRTUAL-SKIN temp.getValue(): 39.066704 temp.getStatus(): 1
06-22 21:39:51.240  1519  1802 I DisplayPowerController[0]: BrightnessEvent: disp=0, physDisp=local:4619827677550801152, brt=0.020754948, initBrt=0.020754948, rcmdBrt=0.020754948, preBrt=0.07596944, lux=2.5585797, preLux=9.142498, hbmMax=0.62, hbmMode=off, rbcStrength=50, powerFactor=1.0, thrmMax=0.57642573, wasShortTermModelActive=false, flags=, reason=automatic [ throttled ], autoBrightness=true
06-22 21:39:51.242  6172 27813 D WifiThermal: Action is the same as current action. No GRil communication needed
06-22 21:39:51.242  1519  1519 D CompatibilityChangeReporter: Compat change id reported: 168419799; UID 1000; state: DISABLED
06-22 21:39:51.250  1092  1963 I Lyric   : camera_thermal_manager.cc:63: notifyThrottling with ThermalType: 3, name: VIRTUAL-SKIN, value: 39.0667, throttlingStatus: 1
06-22 21:39:51.283  2030  2030 D DLObserver: onReceive(); android.intent.action.BATTERY_CHANGED
06-22 21:39:51.283  2030  2030 D DLObserver: plugged=2
06-22 21:39:51.285  2030  3388 D PowerUI : can't show warning due to - plugged: true status unknown: false
06-22 21:39:51.285  2030  2030 D PowerNotificationWarningsGoogleImpl: onReceive: android.intent.action.BATTERY_CHANGED
06-22 21:39:51.285  2030  2030 D BatteryDefenderNotification: isPlugged: true | isOverheated: false | defenderEnabled: false | isCharged: false | isPluggedInDock: false
06-22 21:39:51.285 27459 27459 D UE      : [GameActivity] Battery: status = 4, rawlevel = 62, scale = 100
06-22 21:39:51.286 27459 27459 D UE      : nativeBatteryEvent(stat = 4, lvl = 62  temp = 36.50 C)
06-22 21:39:51.286   519   519 I servicemanager: Found vendor.google.google_battery.IGoogleBattery/default in device VINTF manifest.
06-22 21:39:51.294  2030  2068 D BatteryInfoBroadcast: onReceive: android.intent.action.BATTERY_CHANGED isPowerSaveMode: false remainingTimeMillis: 83346658
06-22 21:39:51.336 26890 27817 D TrafficStats: tagSocket(137) with statsTag=0x1, statsUid=-1
06-22 21:39:51.382 26890 27817 W DynamiteModule: Local module descriptor class for com.google.android.gms.providerinstaller.dynamite not found.
06-22 21:39:51.395 26504 24113 W ProviderHelper: Unknown dynamite feature providerinstaller.dynamite
06-22 21:39:51.400 26890 27817 W ProviderInstaller: Failed to load providerinstaller module: No acceptable module com.google.android.gms.providerinstaller.dynamite found. Local version is 0 and remote version is 0.
06-22 21:39:51.409 26890 27817 W Conscrypt: Could not set socket write timeout: java.net.SocketException: Socket closed
06-22 21:39:51.426 26890 27817 W Conscrypt: 	at com.google.android.gms.org.conscrypt.Platform.setSocketWriteTimeout(:com.google.android.gms@232216044@23.22.16 (190400-540586286):2)
06-22 21:39:51.426 26890 27817 W Conscrypt: 	at com.google.android.gms.org.conscrypt.ConscryptFileDescriptorSocket.setSoWriteTimeout(:com.google.android.gms@232216044@23.22.16 (190400-540586286):0)
06-22 21:39:51.552 26890 27817 W Conscrypt: Could not set socket write timeout: java.net.SocketException: Socket closed
06-22 21:39:51.552 26890 27817 W Conscrypt: 	at com.google.android.gms.org.conscrypt.Platform.setSocketWriteTimeout(:com.google.android.gms@232216044@23.22.16 (190400-540586286):2)
06-22 21:39:51.552 26890 27817 W Conscrypt: 	at com.google.android.gms.org.conscrypt.ConscryptFileDescriptorSocket.setSoWriteTimeout(:com.google.android.gms@232216044@23.22.16 (190400-540586286):0)
06-22 21:39:51.698  1134  1134 I WifiHAL : Creating message to get link statistics; iface = 48
06-22 21:39:51.795  1134  1134 I WifiHAL : In GetLinkStatsCommand::handleResponse
06-22 21:39:51.828  1519  1948 D ConnectivityService: NetReassign [no changes] [c 1] [a 0] [i 6]
06-22 21:39:54.103 26890 27817 D TrafficStats: tagSocket(137) with statsTag=0x1, statsUid=-1
06-22 21:39:54.131 26890 27817 W DynamiteModule: Local module descriptor class for com.google.android.gms.providerinstaller.dynamite not found.
06-22 21:39:54.139 26504 24113 W ProviderHelper: Unknown dynamite feature providerinstaller.dynamite
06-22 21:39:54.143 26890 27817 W ProviderInstaller: Failed to load providerinstaller module: No acceptable module com.google.android.gms.providerinstaller.dynamite found. Local version is 0 and remote version is 0.
06-22 21:39:54.150 26890 27817 W Conscrypt: Could not set socket write timeout: java.net.SocketException: Socket closed
06-22 21:39:54.151 26890 27817 W Conscrypt: 	at com.google.android.gms.org.conscrypt.Platform.setSocketWriteTimeout(:com.google.android.gms@232216044@23.22.16 (190400-540586286):2)
06-22 21:39:54.151 26890 27817 W Conscrypt: 	at com.google.android.gms.org.conscrypt.ConscryptFileDescriptorSocket.setSoWriteTimeout(:com.google.android.gms@232216044@23.22.16 (190400-540586286):0)
06-22 21:39:54.289 26890 27817 W Conscrypt: Could not set socket write timeout: java.net.SocketException: Socket closed
06-22 21:39:54.290 26890 27817 W Conscrypt: 	at com.google.android.gms.org.conscrypt.Platform.setSocketWriteTimeout(:com.google.android.gms@232216044@23.22.16 (190400-540586286):2)
06-22 21:39:54.290 26890 27817 W Conscrypt: 	at com.google.android.gms.org.conscrypt.ConscryptFileDescriptorSocket.setSoWriteTimeout(:com.google.android.gms@232216044@23.22.16 (190400-540586286):0)
06-22 21:39:54.824  1134  1134 I WifiHAL : Creating message to get link statistics; iface = 48
06-22 21:39:54.924  1134  1134 I WifiHAL : In GetLinkStatsCommand::handleResponse
06-22 21:39:54.944  6143  6143 D NativeNfcTag: Connect to a tech with a different handle
06-22 21:39:54.969  1519  1948 D ConnectivityService: NetReassign [no changes] [c 1] [a 1] [i 5]
06-22 21:39:54.991  6143  6143 D NativeNfcTag: Check NDEF Failed - status = 3
06-22 21:39:55.050  6143  6143 D NativeNfcTag: Check NDEF Failed - status = 3
06-22 21:39:55.066  6143 27834 D NativeNfcTag: Starting background presence check
06-22 21:39:55.071  6143 27834 D NativeNfcTag: Tag lost, restarting polling loop
06-22 21:39:55.071  6143 27834 D NativeNfcTag: Stopping background presence check
06-22 21:39:56.461 27459 27547 D UE      : [GameActivity] --- memstats:
06-22 21:39:56.464 27459 27547 D UE      : [GameActivity] memstat: Used memory: 170783
06-22 21:39:56.464 27459 27547 D UE      : [GameActivity] memstat: VmSize:	17031724 kB
06-22 21:39:56.464 27459 27547 D UE      : [GameActivity] memstat: VmHWM:	  831116 kB
06-22 21:39:56.465 27459 27547 D UE      : [GameActivity] memstat: VmRSS:	  755488 kB
06-22 21:39:56.465 27459 27547 D UE      : [GameActivity] memstat: VmData:	 1606060 kB
06-22 21:39:56.465 27459 27547 D UE      : [GameActivity] memstat: VmSwap:	   17644 kB
06-22 21:39:57.500 26890 27817 D TrafficStats: tagSocket(149) with statsTag=0x1, statsUid=-1
06-22 21:39:57.526 26890 27817 W DynamiteModule: Local module descriptor class for com.google.android.gms.providerinstaller.dynamite not found.
06-22 21:39:57.537 26504 24113 W ProviderHelper: Unknown dynamite feature providerinstaller.dynamite
06-22 21:39:57.542 26890 27817 W ProviderInstaller: Failed to load providerinstaller module: No acceptable module com.google.android.gms.providerinstaller.dynamite found. Local version is 0 and remote version is 0.
06-22 21:39:57.552 26890 27817 W Conscrypt: Could not set socket write timeout: java.net.SocketException: Socket closed
06-22 21:39:57.553 26890 27817 W Conscrypt: 	at com.google.android.gms.org.conscrypt.Platform.setSocketWriteTimeout(:com.google.android.gms@232216044@23.22.16 (190400-540586286):2)
06-22 21:39:57.553 26890 27817 W Conscrypt: 	at com.google.android.gms.org.conscrypt.ConscryptFileDescriptorSocket.setSoWriteTimeout(:com.google.android.gms@232216044@23.22.16 (190400-540586286):0)
06-22 21:39:57.684 26890 27817 W Conscrypt: Could not set socket write timeout: java.net.SocketException: Socket closed
06-22 21:39:57.684 26890 27817 W Conscrypt: 	at com.google.android.gms.org.conscrypt.Platform.setSocketWriteTimeout(:com.google.android.gms@232216044@23.22.16 (190400-540586286):2)
06-22 21:39:57.684 26890 27817 W Conscrypt: 	at com.google.android.gms.org.conscrypt.ConscryptFileDescriptorSocket.setSoWriteTimeout(:com.google.android.gms@232216044@23.22.16 (190400-540586286):0)
06-22 21:39:57.959  1134  1134 I WifiHAL : Creating message to get link statistics; iface = 48
06-22 21:39:58.033 16581 16600 I Finsky  : [884] njh.run(33): Stats for Executor: BlockingExecutor njy@7acf3b6[Running, pool size = 0, active threads = 0, queued tasks = 0, completed tasks = 43]
06-22 21:39:58.034 16581 16600 I Finsky  : [884] njh.run(33): Stats for Executor: LightweightExecutor njy@ba968b7[Running, pool size = 4, active threads = 0, queued tasks = 0, completed tasks = 182]
06-22 21:39:58.041 16581 16600 I Finsky  : [884] njh.run(33): Stats for Executor: bgExecutor njy@9938824[Running, pool size = 4, active threads = 0, queued tasks = 0, completed tasks = 637]
06-22 21:39:58.056  1134  1134 I WifiHAL : In GetLinkStatsCommand::handleResponse
06-22 21:39:58.095  1519  1948 D ConnectivityService: NetReassign [no changes] [c 1] [a 1] [i 5]
06-22 21:39:58.251  1792  1807 I pixel-thermal: VIRTUAL-SKIN: 39.1527
06-22 21:39:58.251  1792  1807 I pixel-thermal: VIRTUAL-SKIN power_budget=9270.95 err=3.8473 err_integral=0 s_power=3500 time_elapsed_ms=7021 p=5770.95 i=0 d=-0.000122488 control target=2
06-22 21:39:58.251  1792  1807 I pixel-thermal: VIRTUAL-SKIN's thermal-cpufreq-0 binded power rail S4M_VDD_CPUCL0: power threshold = 200, avg power = 205.243
06-22 21:39:58.251  1792  1807 I pixel-thermal: VIRTUAL-SKIN's thermal-cpufreq-2 binded power rail S2M_VDD_CPUCL2: power threshold = 200, avg power = 282.694
06-22 21:39:58.251  1792  1807 I pixel-thermal: VIRTUAL-SKIN's thermal-cpufreq-1 binded power rail S3M_VDD_CPUCL1: power threshold = 200, avg power = 44.3816
06-22 21:39:58.251  1792  1807 I pixel-thermal: VIRTUAL-SKIN's thermal-gpufreq-0 binded power rail S2S_VDD_G3D: power threshold = 200, avg power = 536.868
06-22 21:39:58.252  1792  1807 I pixel-thermal: VIRTUAL-SKIN-CHARGE: 39.1527
06-22 21:39:58.252  1792  1807 I pixel-thermal: VIRTUAL-SKIN-CHARGE's fcc binded power rail POWER_FOR_CHARGING_THROTTLING: power threshold = 500, avg power = 1432.81
06-22 21:39:58.252  1792  1807 I pixel-thermal: neutral_therm: 37.226
06-22 21:39:58.252  1792  1807 I pixel-thermal: Successfully update cdev thermal-cpufreq-1 sysfs to 1
06-22 21:40:00.056  6081  6837 I AiAiEcho: Predicting[7]: { Feature:1, creation:2023-06-22T20:11:48.677Z, expiry:2023-06-22T21:00:00Z, isExpired: false}, { Feature:1, creation:2023-06-22T21:00:00Z, expiry:2023-06-22T22:00:00Z, isExpired: true}, { Feature:1, creation:2023-06-22T22:00:00Z, expiry:2023-06-22T23:00:00Z, isExpired: true}, { Feature:1, creation:2023-06-22T23:00:00Z, expiry:2023-06-23T00:00:00Z, isExpired: true}, { Feature:1, creation:2023-06-23T00:00:00Z, expiry:2023-06-23T01:00:00Z, isExpired: true}, { Feature:1, creation:2023-06-23T01:00:00Z, expiry:2023-06-23T02:00:00Z, isExpired: true}, { Feature:1, creation:2023-06-23T02:00:00Z, expiry:2023-06-23T02:11:48.677Z, isExpired: true} [CONTEXT sampling_count=5 ]
06-22 21:40:00.058  6081  6837 I AiAiEcho: EchoTargets: Feature:1
06-22 21:40:00.058  6081  6837 I AiAiEcho: Filtered by AiAi flag check: 
06-22 21:40:00.058  6081  6837 I AiAiEcho: [CONTEXT ratelimit_period="10 SECONDS" ]
06-22 21:40:00.058  6081  6837 I AiAiEcho: Ranked targets strategy: WEIGHTED, count: 1, ranking metadata: { cardId: WEATHER-569377242, card type: 1, update time: 2023-06-22T20:11:48.677Z, expiration time: 2023-06-22T21:00:00Z, ranking metadata: RankingMetaData(urgency=0.582, priority=0.3, recency=1.0, rankScore=0.1746, importantTimePoints=# nox@7bca4) } [CONTEXT ratelimit_period="10 SECONDS" ]
06-22 21:40:00.059  6081  6837 I AiAiEcho: #weatherTwiddler: Weather removes SubtitleSupplementalItem in surface: lockscreen [CONTEXT ratelimit_period="10 SECONDS" ]
06-22 21:40:00.064  6081  6837 I AiAiEcho: #postPredictionTargets: Sending updates to UISurface lockscreen with targets# 1 (types=[1])
06-22 21:40:00.066  2030  2030 D SsBaseTemplateCard: No text view can be set up
06-22 21:40:00.067  2030  2030 D SsBaseTemplateCard: Passed-in item info is null
06-22 21:40:00.067  2030  2030 D SsBaseTemplateCard: Passed-in item info is null
06-22 21:40:00.067  2030  2030 I SsBaseTemplateCard: Secondary card pane is null
06-22 21:40:01.013 26890 27817 D TrafficStats: tagSocket(152) with statsTag=0x1, statsUid=-1
06-22 21:40:01.044 26890 27817 W DynamiteModule: Local module descriptor class for com.google.android.gms.providerinstaller.dynamite not found.
06-22 21:40:01.049 26504 24113 W ProviderHelper: Unknown dynamite feature providerinstaller.dynamite
06-22 21:40:01.054 26890 27817 W ProviderInstaller: Failed to load providerinstaller module: No acceptable module com.google.android.gms.providerinstaller.dynamite found. Local version is 0 and remote version is 0.
06-22 21:40:01.057 26890 27817 W Conscrypt: Could not set socket write timeout: java.net.SocketException: Socket closed
06-22 21:40:01.057 26890 27817 W Conscrypt: 	at com.google.android.gms.org.conscrypt.Platform.setSocketWriteTimeout(:com.google.android.gms@232216044@23.22.16 (190400-540586286):2)
06-22 21:40:01.057 26890 27817 W Conscrypt: 	at com.google.android.gms.org.conscrypt.ConscryptFileDescriptorSocket.setSoWriteTimeout(:com.google.android.gms@232216044@23.22.16 (190400-540586286):0)
06-22 21:40:01.084  1134  1134 I WifiHAL : Creating message to get link statistics; iface = 48
06-22 21:40:01.175 26890 27817 W Conscrypt: Could not set socket write timeout: java.net.SocketException: Socket closed
06-22 21:40:01.176 26890 27817 W Conscrypt: 	at com.google.android.gms.org.conscrypt.Platform.setSocketWriteTimeout(:com.google.android.gms@232216044@23.22.16 (190400-540586286):2)
06-22 21:40:01.176 26890 27817 W Conscrypt: 	at com.google.android.gms.org.conscrypt.ConscryptFileDescriptorSocket.setSoWriteTimeout(:com.google.android.gms@232216044@23.22.16 (190400-540586286):0)
06-22 21:40:01.181  1134  1134 I WifiHAL : In GetLinkStatsCommand::handleResponse
06-22 21:40:01.214  1519  1948 D ConnectivityService: NetReassign [no changes] [c 1] [a 1] [i 5]
06-22 21:40:04.210  1134  1134 I WifiHAL : Creating message to get link statistics; iface = 48
06-22 21:40:04.309  1134  1134 I WifiHAL : In GetLinkStatsCommand::handleResponse
06-22 21:40:04.350  1519  1948 D ConnectivityService: NetReassign [no changes] [c 1] [a 0] [i 3]
06-22 21:40:04.350 26504 26539 I ChimeraSrvcProxy: NullBinder for android.net.action.RECOMMEND_NETWORKS triggering remote TransactionTooLargeException due to Service without Chimera impl
06-22 21:40:04.350 26504 26539 W .gms.persistent: Large reply transaction of 1056768 bytes, interface descriptor , code 1
06-22 21:40:04.420 26890 27817 D TrafficStats: tagSocket(157) with statsTag=0x1, statsUid=-1
06-22 21:40:04.445 26890 27817 W DynamiteModule: Local module descriptor class for com.google.android.gms.providerinstaller.dynamite not found.
06-22 21:40:04.451 26504 26539 W ProviderHelper: Unknown dynamite feature providerinstaller.dynamite
06-22 21:40:04.455 26890 27817 W ProviderInstaller: Failed to load providerinstaller module: No acceptable module com.google.android.gms.providerinstaller.dynamite found. Local version is 0 and remote version is 0.
06-22 21:40:04.458 26890 27817 W Conscrypt: Could not set socket write timeout: java.net.SocketException: Socket closed
06-22 21:40:04.459 26890 27817 W Conscrypt: 	at com.google.android.gms.org.conscrypt.Platform.setSocketWriteTimeout(:com.google.android.gms@232216044@23.22.16 (190400-540586286):2)
06-22 21:40:04.459 26890 27817 W Conscrypt: 	at com.google.android.gms.org.conscrypt.ConscryptFileDescriptorSocket.setSoWriteTimeout(:com.google.android.gms@232216044@23.22.16 (190400-540586286):0)
06-22 21:40:04.570 26890 27817 W Conscrypt: Could not set socket write timeout: java.net.SocketException: Socket closed
06-22 21:40:04.571 26890 27817 W Conscrypt: 	at com.google.android.gms.org.conscrypt.Platform.setSocketWriteTimeout(:com.google.android.gms@232216044@23.22.16 (190400-540586286):2)
06-22 21:40:04.571 26890 27817 W Conscrypt: 	at com.google.android.gms.org.conscrypt.ConscryptFileDescriptorSocket.setSoWriteTimeout(:com.google.android.gms@232216044@23.22.16 (190400-540586286):0)
06-22 21:40:05.262  1792  1807 I pixel-thermal: VIRTUAL-SKIN: 39.2285
06-22 21:40:05.262  1792  1807 I pixel-thermal: VIRTUAL-SKIN power_budget=9157.32 err=3.77155 err_integral=0 s_power=3500 time_elapsed_ms=7011 p=5657.32 i=0 d=-0.000108042 control target=2
06-22 21:40:05.262  1792  1807 I pixel-thermal: VIRTUAL-SKIN's thermal-cpufreq-0 binded power rail S4M_VDD_CPUCL0: power threshold = 200, avg power = 206.239
06-22 21:40:05.263  1792  1807 I pixel-thermal: VIRTUAL-SKIN's thermal-cpufreq-2 binded power rail S2M_VDD_CPUCL2: power threshold = 200, avg power = 278.269
06-22 21:40:05.263  1792  1807 I pixel-thermal: VIRTUAL-SKIN's thermal-cpufreq-1 binded power rail S3M_VDD_CPUCL1: power threshold = 200, avg power = 44.3714
06-22 21:40:05.263  1792  1807 I pixel-thermal: VIRTUAL-SKIN's thermal-gpufreq-0 binded power rail S2S_VDD_G3D: power threshold = 200, avg power = 537.778
06-22 21:40:05.263  1792  1807 I pixel-thermal: VIRTUAL-SKIN-CHARGE: 39.2285
06-22 21:40:05.263  1792  1807 I pixel-thermal: VIRTUAL-SKIN-CHARGE's fcc binded power rail POWER_FOR_CHARGING_THROTTLING: power threshold = 500, avg power = 1431.43
06-22 21:40:05.263  1792  1807 I pixel-thermal: neutral_therm: 37.293
06-22 21:40:05.263  1792  1807 I pixel-thermal: Successfully update cdev thermal-cpufreq-1 sysfs to 0
06-22 21:40:06.515 27459 27547 D UE      : [GameActivity] --- memstats:
06-22 21:40:06.516 27459 27547 D UE      : [GameActivity] memstat: Used memory: 170783
06-22 21:40:06.516 27459 27547 D UE      : [GameActivity] memstat: VmSize:	17033628 kB
06-22 21:40:06.516 27459 27547 D UE      : [GameActivity] memstat: VmHWM:	  831116 kB
06-22 21:40:06.516 27459 27547 D UE      : [GameActivity] memstat: VmRSS:	  758248 kB
06-22 21:40:06.516 27459 27547 D UE      : [GameActivity] memstat: VmData:	 1607448 kB
06-22 21:40:06.516 27459 27547 D UE      : [GameActivity] memstat: VmSwap:	   17644 kB
06-22 21:40:07.342  1134  1134 I WifiHAL : Creating message to get link statistics; iface = 48
06-22 21:40:07.442  1134  1134 I WifiHAL : In GetLinkStatsCommand::handleResponse
06-22 21:40:07.476  1519  1948 D ConnectivityService: NetReassign [no changes] [c 1] [a 0] [i 5]
06-22 21:40:07.739 26890 27817 D TrafficStats: tagSocket(160) with statsTag=0x1, statsUid=-1
06-22 21:40:07.767 26890 27817 W DynamiteModule: Local module descriptor class for com.google.android.gms.providerinstaller.dynamite not found.
06-22 21:40:07.776 26504 26539 W ProviderHelper: Unknown dynamite feature providerinstaller.dynamite
06-22 21:40:07.779 26890 27817 W ProviderInstaller: Failed to load providerinstaller module: No acceptable module com.google.android.gms.providerinstaller.dynamite found. Local version is 0 and remote version is 0.
06-22 21:40:07.783 26890 27817 W Conscrypt: Could not set socket write timeout: java.net.SocketException: Socket closed
06-22 21:40:07.784 26890 27817 W Conscrypt: 	at com.google.android.gms.org.conscrypt.Platform.setSocketWriteTimeout(:com.google.android.gms@232216044@23.22.16 (190400-540586286):2)
06-22 21:40:07.784 26890 27817 W Conscrypt: 	at com.google.android.gms.org.conscrypt.ConscryptFileDescriptorSocket.setSoWriteTimeout(:com.google.android.gms@232216044@23.22.16 (190400-540586286):0)
06-22 21:40:07.869 26890 27817 W Conscrypt: Could not set socket write timeout: java.net.SocketException: Socket closed
06-22 21:40:07.869 26890 27817 W Conscrypt: 	at com.google.android.gms.org.conscrypt.Platform.setSocketWriteTimeout(:com.google.android.gms@232216044@23.22.16 (190400-540586286):2)
06-22 21:40:07.869 26890 27817 W Conscrypt: 	at com.google.android.gms.org.conscrypt.ConscryptFileDescriptorSocket.setSoWriteTimeout(:com.google.android.gms@232216044@23.22.16 (190400-540586286):0)
06-22 21:40:10.470  1134  1134 I WifiHAL : Creating message to get link statistics; iface = 48
06-22 21:40:10.567  1134  1134 I WifiHAL : In GetLinkStatsCommand::handleResponse
06-22 21:40:10.599  1519  1948 D ConnectivityService: NetReassign [no changes] [c 0] [a 1] [i 4]
06-22 21:40:11.052 26890 27817 D TrafficStats: tagSocket(163) with statsTag=0x1, statsUid=-1
06-22 21:40:11.076 26890 27817 W DynamiteModule: Local module descriptor class for com.google.android.gms.providerinstaller.dynamite not found.
06-22 21:40:11.085 26504 26539 W ProviderHelper: Unknown dynamite feature providerinstaller.dynamite
06-22 21:40:11.089 26890 27817 W ProviderInstaller: Failed to load providerinstaller module: No acceptable module com.google.android.gms.providerinstaller.dynamite found. Local version is 0 and remote version is 0.
06-22 21:40:11.092 26890 27817 W Conscrypt: Could not set socket write timeout: java.net.SocketException: Socket closed
06-22 21:40:11.092 26890 27817 W Conscrypt: 	at com.google.android.gms.org.conscrypt.Platform.setSocketWriteTimeout(:com.google.android.gms@232216044@23.22.16 (190400-540586286):2)
06-22 21:40:11.093 26890 27817 W Conscrypt: 	at com.google.android.gms.org.conscrypt.ConscryptFileDescriptorSocket.setSoWriteTimeout(:com.google.android.gms@232216044@23.22.16 (190400-540586286):0)
06-22 21:40:11.204 26890 27817 W Conscrypt: Could not set socket write timeout: java.net.SocketException: Socket closed
06-22 21:40:11.204 26890 27817 W Conscrypt: 	at com.google.android.gms.org.conscrypt.Platform.setSocketWriteTimeout(:com.google.android.gms@232216044@23.22.16 (190400-540586286):2)
06-22 21:40:11.204 26890 27817 W Conscrypt: 	at com.google.android.gms.org.conscrypt.ConscryptFileDescriptorSocket.setSoWriteTimeout(:com.google.android.gms@232216044@23.22.16 (190400-540586286):0)
06-22 21:40:12.275  1792  1807 I pixel-thermal: VIRTUAL-SKIN: 39.3127
06-22 21:40:12.275  1792  1807 I pixel-thermal: VIRTUAL-SKIN power_budget=9030.94 err=3.68729 err_integral=0 s_power=3500 time_elapsed_ms=7012 p=5530.94 i=0 d=-0.000120159 control target=2
06-22 21:40:12.275  1792  1807 I pixel-thermal: VIRTUAL-SKIN's thermal-cpufreq-0 binded power rail S4M_VDD_CPUCL0: power threshold = 200, avg power = 206.239
06-22 21:40:12.276  1792  1807 I pixel-thermal: VIRTUAL-SKIN's thermal-cpufreq-2 binded power rail S2M_VDD_CPUCL2: power threshold = 200, avg power = 278.269
06-22 21:40:12.276  1792  1807 I pixel-thermal: VIRTUAL-SKIN's thermal-cpufreq-1 binded power rail S3M_VDD_CPUCL1: power threshold = 200, avg power = 44.3714
06-22 21:40:12.276  1792  1807 I pixel-thermal: VIRTUAL-SKIN's thermal-gpufreq-0 binded power rail S2S_VDD_G3D: power threshold = 200, avg power = 537.778
06-22 21:40:12.276  1792  1807 I pixel-thermal: VIRTUAL-SKIN-CHARGE: 39.3127
06-22 21:40:12.276  1792  1807 I pixel-thermal: VIRTUAL-SKIN-CHARGE's fcc binded power rail POWER_FOR_CHARGING_THROTTLING: power threshold = 500, avg power = 1431.43
06-22 21:40:12.276  1792  1807 I pixel-thermal: neutral_therm: 37.382
06-22 21:40:13.503  1322  1322 D AOC     : A3:MSG: vsc_controller.cc, 555: VSC: [Significant Motion] stopSensorEvents: sensor 0x20002
06-22 21:40:13.503  1322  1322 D AOC     : A3:MSG: vsc_controller.cc, 537: VSC: [Significant Motion] requestSensorEvents: sensor 0x10001, period=20 latency=3200ms
06-22 21:40:13.505  1323  1498 I CHRE    : @ 335082.492: [AR] IDLE => ON
06-22 21:40:13.506  1322  1322 D AOC     : A3:MSG: lsm6dsr_device.cc, 755: USF: Lsm6dsrDevice: Sensor 3: Enabled 0, odr_index 0.
06-22 21:40:13.506  1322  1322 D AOC     : A3:MSG: lsm6dsr_fifo.cc, 747: USF: Lsm6dsrFifo: ODR: XL/G/T/TS: 52/52/13/6 WM: 4 Intr: 31.
06-22 21:40:13.507  1322  1322 D AOC     : A3:MSG: lsm6dsr_device.cc, 663: USF: Lsm6dsrDevice: Fifo was disabled for 572754ns.
06-22 21:40:13.507  1322  1322 D AOC     : A3:MSG: usf_sensor.cc, 1375: USF: Received stop sampling request for LSM6DSR Motion Detect.
06-22 21:40:13.508  1322  1322 D AOC     : A3:ERR: usf_sensor.cc, 1835: USF: Sampling configuration 52511 not found.
06-22 21:40:13.508  1322  1322 D AOC     : A3:ERR: usf_vs_helper.cc, 430: USF: Received stop sampling request error. (7)
06-22 21:40:13.508  1322  1322 D AOC     : A3:MSG: usf_sensor.cc, 1368: USF: Received start sampling request for LSM6DSR Stationary Detect.
06-22 21:40:13.509  1322  1322 D AOC     : A3:MSG: lsm6dsr_device.cc, 755: USF: Lsm6dsrDevice: Sensor 4: Enabled 1, odr_index 1.
06-22 21:40:13.509  1322  1322 D AOC     : A3:MSG: lsm6dsr_fifo.cc, 747: USF: Lsm6dsrFifo: ODR: XL/G/T/TS: 52/52/13/6 WM: 4 Intr: 31.
