--------- beginning of main
06-22 21:38:35.884 15994 16003 W ssioncontroller: Cleared Reference was only reachable from finalizer (only reported once)
--------- beginning of system
06-22 21:38:35.924  1519  8224 I ActivityTaskManager: START u0 {flg=0x10000000 cmp=com.YourCompany.MashNDash/com.epicgames.unreal.SplashActivity} from uid 2000
06-22 21:38:35.929  1519  8224 D CompatibilityChangeReporter: Compat change id reported: 194480991; UID 10312; state: ENABLED
06-22 21:38:35.930  1519  8224 D CompatibilityChangeReporter: Compat change id reported: 174042980; UID 10312; state: DISABLED
06-22 21:38:35.932  1519  8224 D CompatibilityChangeReporter: Compat change id reported: 184838306; UID 10312; state: DISABLED
06-22 21:38:35.932  1519  8224 D CompatibilityChangeReporter: Compat change id reported: 185004937; UID 10312; state: DISABLED
06-22 21:38:35.932  1519  8224 D CompatibilityChangeReporter: Compat change id reported: 181136395; UID 10312; state: DISABLED
06-22 21:38:35.932  1519  8224 D CompatibilityChangeReporter: Compat change id reported: 174042936; UID 10312; state: DISABLED
06-22 21:38:35.934  1519  8224 D CompatibilityChangeReporter: Compat change id reported: 205907456; UID 10312; state: ENABLED
06-22 21:38:35.951  1519  7617 D CoreBackPreview: Window{9fefb9d u0 Splash Screen com.YourCompany.MashNDash}: Setting back callback OnBackInvokedCallbackInfo{mCallback=android.window.IOnBackInvokedCallback$Stub$Proxy@427bbe3, mPriority=0}
06-22 21:38:35.953 27459 27532 D vulkan  : searching for layers in '/data/app/~~hUbojVzS7y3KvaR3pUvC5A==/com.YourCompany.MashNDash-zeXQqdYxZKjeRAijLlZ4Lw==/lib/arm64'
06-22 21:38:35.953 27459 27532 D vulkan  : searching for layers in '/data/app/~~hUbojVzS7y3KvaR3pUvC5A==/com.YourCompany.MashNDash-zeXQqdYxZKjeRAijLlZ4Lw==/base.apk!/lib/arm64-v8a'
06-22 21:38:35.961  6081  7648 I AiAiTextClassifier: [VisualCortexAdapter]: provideRegistration: Registered Prominent Screen Entities for updates.
06-22 21:38:35.963  1519  6397 W Binder  : Caught a RuntimeException from the binder stub implementation.
06-22 21:38:35.963  1519  6397 W Binder  : java.lang.ArrayIndexOutOfBoundsException: Array index out of range: 0
06-22 21:38:35.963  1519  6397 W Binder  : 	at android.util.ArraySet.valueAt(ArraySet.java:422)
06-22 21:38:35.963  1519  6397 W Binder  : 	at com.android.server.contentcapture.ContentCapturePerUserService$ContentCaptureServiceRemoteCallback.updateContentCaptureOptions(ContentCapturePerUserService.java:733)
06-22 21:38:35.963  1519  6397 W Binder  : 	at com.android.server.contentcapture.ContentCapturePerUserService$ContentCaptureServiceRemoteCallback.setContentCaptureWhitelist(ContentCapturePerUserService.java:646)
06-22 21:38:35.963  1519  6397 W Binder  : 	at android.service.contentcapture.IContentCaptureServiceCallback$Stub.onTransact(IContentCaptureServiceCallback.java:115)
06-22 21:38:35.963  1519  6397 W Binder  : 	at android.os.Binder.execTransactInternal(Binder.java:1285)
06-22 21:38:35.963  1519  6397 W Binder  : 	at android.os.Binder.execTransact(Binder.java:1244)
06-22 21:38:35.976  1519  7349 I ActivityTaskManager: START u0 {flg=0x10000 cmp=com.YourCompany.MashNDash/com.epicgames.unreal.GameActivity (has extras)} from uid 10312
06-22 21:38:35.981  1519  7349 W ActivityTaskManager: Tried to set launchTime (0) < mLastActivityLaunchTime (185742704)
06-22 21:38:35.989 27459 27545 D UE      : Entering native app glue main function
06-22 21:38:35.989 27459 27545 D UE      : Created event thread
06-22 21:38:35.989 27459 27545 D UE      : Entered AndroidMain()
06-22 21:38:35.989 27459 27546 D UE      : Entering event processing thread engine entry point
06-22 21:38:35.989 27459 27546 D UE      : Prepared looper for event thread
06-22 21:38:35.989 27459 27546 D UE      : Passed callback initialization
06-22 21:38:35.989 27459 27546 D UE      : Passed sensor initialization
06-22 21:38:35.989 27459 27545 D UE      : Controller interface supported
06-22 21:38:36.005  1519  6397 D CoreBackPreview: Window{f0df58 u0 com.YourCompany.MashNDash/com.epicgames.unreal.GameActivity}: Setting back callback OnBackInvokedCallbackInfo{mCallback=android.window.IOnBackInvokedCallback$Stub$Proxy@2b2a196, mPriority=0}
06-22 21:38:36.010 27459 27459 D UE      : [GameActivity] Target SDK is 33.  This may cause issues if permissions are denied by the user.
06-22 21:38:36.011 27459 27459 E PermissionHelper: GVRTransition2DActivity.getActivity() failed. Trying to get GameActivity.
06-22 21:38:36.011 27459 27459 D PermissionHelper: checkPermission: android.permission.WRITE_EXTERNAL_STORAGE has granted
06-22 21:38:36.012 27459 27459 D UE      : [GameActivity] Vulkan version: 1.3.0
06-22 21:38:36.012 27459 27459 D UE      : [GameActivity] Vulkan level: 1
06-22 21:38:36.012 27459 27459 D UE      : [GameActivity] Found DepthBufferPreference = 0
06-22 21:38:36.012 27459 27459 D UE      : [GameActivity] Did not find PropagateAlpha, using default.
06-22 21:38:36.012 27459 27459 D UE      : [GameActivity] Found bPackageDataInsideApk = 0
06-22 21:38:36.012 27459 27459 D UE      : [GameActivity] Found ProjectName = MashNDash
06-22 21:38:36.012 27459 27459 D UE      : [GameActivity] Found AppType = 
06-22 21:38:36.012 27459 27459 D UE      : [GameActivity] Found bHasOBBFiles = 0
06-22 21:38:36.012 27459 27459 D UE      : [GameActivity] Found bVerifyOBBOnStartUp = false
06-22 21:38:36.012 27459 27459 D UE      : [GameActivity] UI hiding set to true
06-22 21:38:36.012 27459 27459 D UE      : [GameActivity] BuildConfiguration set to DebugGame
06-22 21:38:36.012 27459 27459 D UE      : [GameActivity] UseExternalFilesDir set to true
06-22 21:38:36.012 27459 27459 D UE      : [GameActivity] PublicLogFiles set to false
06-22 21:38:36.012 27459 27459 D UE      : [GameActivity] AllowIMU set to false
06-22 21:38:36.012 27459 27459 D UE      : [GameActivity] SupportsVulkan set to true
06-22 21:38:36.013 27459 27459 D UE      : [GameActivity] Using commandline from: /storage/emulated/0/Android/data/com.YourCompany.MashNDash/files/UnrealGame/MashNDash/UECommandLine.txt
06-22 21:38:36.013 27459 27459 D UE      : [GameActivity] Parsing commandline: ../../../MashNDash/MashNDash.uproject /Game/Levels/L_MashNDash_1 -Messaging -SessionId=9194A510412226CC58F261A49E598846 -SessionOwner="20418771" -SessionName="Launch On Device"
06-22 21:38:36.020 27459 27459 D libEGL  : loaded /vendor/lib64/egl/libGLES_mali.so
06-22 21:38:36.038 27459 27547 D UE      : [GameActivity] --- memstats:
06-22 21:38:36.038 21388 21388 I A       : onPause
06-22 21:38:36.038 27459 27547 D UE      : [GameActivity] memstat: Used memory:  (updated): 170783
06-22 21:38:36.038 27459 27547 D UE      : [GameActivity] memstat: VmSize:	15658832 kB
06-22 21:38:36.038 27459 27547 D UE      : [GameActivity] memstat: VmHWM:	  273176 kB
06-22 21:38:36.038 27459 27547 D UE      : [GameActivity] memstat: VmRSS:	  273176 kB
06-22 21:38:36.038 27459 27547 D UE      : [GameActivity] memstat: VmData:	 1354656 kB
06-22 21:38:36.038 27459 27547 D UE      : [GameActivity] memstat: VmSwap:	   19612 kB
06-22 21:38:36.039 32456 32456 I HdmBroadcastRecvUpd: (REDACTED) received broadcast: %s
06-22 21:38:36.041 32456 32495 I HdmHotwordRequestListen: (REDACTED) received broadcast: %s
06-22 21:38:36.041 32456 32495 I SodaTriggeringFrontend: (REDACTED) #onConfigUpdate. requester: %s
06-22 21:38:36.041 32456 32496 I SodaTriggeringFrontend: #onConfigUpdate inside sequencer
06-22 21:38:36.041 32456 32496 I A       : (REDACTED) Voice Match (Speaker-id) supported : %b 
06-22 21:38:36.041 32456 32496 I A       : (REDACTED) hotword enrollment state is enrolled:  %b, speakerId model exist: %b. Voice Match supported : %b 
06-22 21:38:36.041 32456 32496 I A       : (REDACTED) isHotwordAvailable():  %b, isHotwordEnabled() %b 
06-22 21:38:36.042 32456 32496 I A       : (REDACTED) isHotwordAvailable():  %b, isHotwordEnabled() %b 
06-22 21:38:36.042 32456 32496 I A       : (REDACTED) Hotword enrollment state : %s.
06-22 21:38:36.042 32456 32496 I A       : (REDACTED) Voice Match (Speaker-id) supported : %b 
06-22 21:38:36.042 32456 32496 I A       : (REDACTED) Voice Match (Speaker-id) supported : %b 
06-22 21:38:36.042 32456 32496 I A       : (REDACTED) hotword enrollment state is enrolled:  %b, speakerId model exist: %b, voice match supported : %b
06-22 21:38:36.042 32456 32496 I A       : (REDACTED) Hotword isNonVoiceMatchHotwordEnabled: %b, isHotwordAvailable : %b, isHotwordEnabled : %b, isVoiceMatchSupported: %b, isHotwordEnrolled: %b.
06-22 21:38:36.042 32456 32496 I SodaTriggeringFrontend: (REDACTED) Ignore the legacy hotword request. voice match enabled %b, isHotwordSupported %b, isIncompleteEnrollmentState %b, nonVoiceMatchHotwordEnabled %b
06-22 21:38:36.042 27459 27459 D UE      : [GameActivity] ro.hardware: bluejay
06-22 21:38:36.042 27459 27459 D UE      : [GameActivity] Hardware: bluejay
06-22 21:38:36.043 27459 27459 D UE      : [GameActivity] Memory: 5571 MB
06-22 21:38:36.043 27459 27459 D UE      : [GameActivity] failed to get bytes from asset java.io.FileNotFoundException: configrules.bin.png
06-22 21:38:36.045 27459 27459 D UE      : [GameActivity] configrulesversion: no data
06-22 21:38:36.045 27459 27459 D UE      : [GameActivity] configrulesversion: no data
06-22 21:38:36.045 27459 27459 D UE      : [GameActivity] configrulesversion: no data
06-22 21:38:36.045 27459 27459 D UE      : [GameActivity] UseAffinity: false
06-22 21:38:36.045 27459 27459 D UE      : [GameActivity] BigCoreMask: 0xffff
06-22 21:38:36.045 27459 27459 D UE      : [GameActivity] LittleCoreMask: 0x0
06-22 21:38:36.045 27459 27459 D UE      : [GameActivity] APK path: /data/app/~~hUbojVzS7y3KvaR3pUvC5A==/com.YourCompany.MashNDash-zeXQqdYxZKjeRAijLlZ4Lw==/base.apk
06-22 21:38:36.045 27459 27459 D UE      : [GameActivity] OBB in APK: false
06-22 21:38:36.046 27459 27459 D UE      : GFilePathBase Path override to'/storage/emulated/0/Android/data/com.YourCompany.MashNDash/files'
06-22 21:38:36.046 27459 27459 D UE      : InternalFilePath found as '/data/user/0/com.YourCompany.MashNDash/files'
06-22 21:38:36.046 27459 27459 D UE      : ExternalFilePath found as '/storage/emulated/0/Android/data/com.YourCompany.MashNDash/files'
06-22 21:38:36.046 27459 27459 D UE      : App is running in Landscape
06-22 21:38:36.046 27459 27459 D UE      : AndroidPropagateAlpha =  0
06-22 21:38:36.046 27459 27459 D UE      : [GameActivity] Android version is 13
06-22 21:38:36.046 27459 27459 D UE      : [GameActivity] Android manufacturer is Google
06-22 21:38:36.046 27459 27459 D UE      : [GameActivity] Android model is Pixel 6a
06-22 21:38:36.046 27459 27459 D UE      : [GameActivity] Android build number is TQ2A.230305.008.E1
06-22 21:38:36.046 27459 27459 D UE      : [GameActivity] OS language is set to en_GB
06-22 21:38:36.046 27459 27459 D UE      : [GameActivity] Debugger attached is false
06-22 21:38:36.050 27459 27459 D CompatibilityChangeReporter: Compat change id reported: 210923482; UID 10312; state: ENABLED
06-22 21:38:36.076 27459 27459 W PopupManager: You have not specified a View to use as content view for popups. Falling back to the Activity content view. Note that this may not work as expected in multi-screen environments
06-22 21:38:36.077 27459 27459 D UE      : [GameActivity] googleClient is valid
06-22 21:38:36.077 27459 27459 D UE      : [GameActivity] ==============> GameActive.onCreate complete!
06-22 21:38:36.077 27459 27459 D UE      : [GameActivity] Creating console command broadcast listener
06-22 21:38:36.077 27459 27546 D UE      : LogAndroidEvents::EnqueueAppEvent : 9, [width=-1, height=-1], tid = 27546, APP_EVENT_STATE_ON_START
06-22 21:38:36.078  1519  8224 D CompatibilityChangeReporter: Compat change id reported: 161145287; UID 10312; state: DISABLED
06-22 21:38:36.078 27459 27459 D UE      : [GameActivity] ==================================> Inside onStart function in GameActivity
06-22 21:38:36.079 27459 27459 V UE      : [GameApp] App in foreground
06-22 21:38:36.080 27459 27546 D UE      : Case APP_CMD_RESUME
06-22 21:38:36.080 27459 27459 D UE      : [GameActivity] === Restoring Transparent Bars ===
06-22 21:38:36.080 27459 27546 D UE      : LogAndroidEvents::EnqueueAppEvent : 7, [width=-1, height=-1], tid = 27546, APP_EVENT_STATE_ON_RESUME
06-22 21:38:36.080 27459 27459 D UE      : [GameActivity] ==============> [JAVA] AndroidThunkJava_KeepScreenOn(false) - Enabled screen saver
06-22 21:38:36.080 27459 27459 D UE      : [GameActivity] ==============> [JAVA] AndroidThunkJava_DisableScreenCapture(false) - Enabled screen captures
06-22 21:38:36.080 27459 27459 D UE      : App is running in Landscape
06-22 21:38:36.080 27459 27459 D UE      : AndroidPropagateAlpha =  0
06-22 21:38:36.080 27459 27459 D UE      : [GameActivity] === Restoring Transparent Bars ===
06-22 21:38:36.080 27459 27459 D UE      : [GameActivity] ==============> Resuming main init
06-22 21:38:36.082 27459 27545 D UE      : APK Commandline: ../../../MashNDash/MashNDash.uproject /Game/Levels/L_MashNDash_1 -Messaging -SessionId=9194A510412226CC58F261A49E598846 -SessionOwner="20418771" -SessionName="Launch On Device"
06-22 21:38:36.082 27459 27545 D UE      : Override Commandline: ../../../MashNDash/MashNDash.uproject /Game/Levels/L_MashNDash_1 -Messaging -SessionId=9194A510412226CC58F261A49E598846 -SessionOwner="20418771" -SessionName="Launch On Device"
06-22 21:38:36.082 27459 27545 D UE      : Final commandline: ../../../MashNDash/MashNDash.uproject /Game/Levels/L_MashNDash_1 -Messaging -SessionId=9194A510412226CC58F261A49E598846 -SessionOwner="20418771" -SessionName="Launch On Device"
06-22 21:38:36.082 27459 27545 D UE      : Created sync event
06-22 21:38:36.090 27459 27459 D UE      : [GameActivity] ==============> GameActive.onResume complete!
06-22 21:38:36.093  1519  6397 W WindowManager: Failed looking up window session=Session{bbfce35 27459:u0a10312} callers=com.android.server.wm.WindowManagerService.windowForClientLocked:5976 com.android.server.wm.Session.updateRequestedVisibilities:701 android.view.IWindowSession$Stub.onTransact:1075 
06-22 21:38:36.094  1519  8224 D CoreBackPreview: Window{9644d6e u0 com.YourCompany.MashNDash/com.epicgames.unreal.GameActivity}: Setting back callback OnBackInvokedCallbackInfo{mCallback=android.window.IOnBackInvokedCallback$Stub$Proxy@30049c, mPriority=0}
06-22 21:38:36.101   520   520 I hwservicemanager: getTransport: Cannot find entry android.hardware.graphics.allocator@4.0::IAllocator/default in either framework or device VINTF manifest.
06-22 21:38:36.101   519   519 I servicemanager: Found android.hardware.graphics.allocator.IAllocator/default in device VINTF manifest.
06-22 21:38:36.181   574  2587 I BpBinder: onLastStrongRef automatically unlinking death recipients: <uncached descriptor>
06-22 21:38:36.183 27459 27546 D UE      : Case APP_CMD_INIT_WINDOW
06-22 21:38:36.183 27459 27546 D UE      : LogAndroidEvents::EnqueueAppEvent : 0, [width=2136, height=1080], tid = 27546, APP_EVENT_STATE_WINDOW_CREATED
06-22 21:38:36.190 27459 27459 E SurfaceSyncer: Failed to find sync for id=0
06-22 21:38:36.197 27459 27459 D UE      : [GameActivity] === Thermal status changed to 0
06-22 21:38:36.198 27459 27459 D UE      : [GameActivity] === Restoring Transparent Bars due to Visibility Change ===
06-22 21:38:36.198 27459 27459 D UE      : [GameActivity] === Restoring Transparent Bars ===
06-22 21:38:36.199  1519  1726 W ziparchive: Unable to open '/data/app/~~hUbojVzS7y3KvaR3pUvC5A==/com.YourCompany.MashNDash-zeXQqdYxZKjeRAijLlZ4Lw==/base.dm': No such file or directory
06-22 21:38:36.199  1519  1726 I ActivityTaskManager: Displayed com.YourCompany.MashNDash/com.epicgames.unreal.GameActivity: +274ms
06-22 21:38:36.203 27459 27459 E SurfaceSyncer: Failed to find sync for id=0
06-22 21:38:36.212 27459 27546 D UE      : LogAndroidEvents::EnqueueAppEvent : 11, [width=-1, height=-1], tid = 27546, APP_EVENT_STATE_WINDOW_GAINED_FOCUS
06-22 21:38:36.212 27459 27546 D UE      : LogAndroidEvents::EnqueueAppEvent : 14, [width=-1, height=-1], tid = 27546, APP_EVENT_STATE_APP_ACTIVATED
06-22 21:38:36.212 27459 27546 D UE      : LogAndroidEvents::EnqueueAppEvent : 15, [width=-1, height=-1], tid = 27546, APP_EVENT_RUN_CALLBACK
06-22 21:38:36.214  1519  7349 D CompatibilityChangeReporter: Compat change id reported: 214016041; UID 10312; state: ENABLED
06-22 21:38:36.216  1519  8224 W ActivityTaskManager: Request to remove task ignored for non-existent task 2254
06-22 21:38:36.218 20807 20807 I GoogleInputMethodService: GoogleInputMethodService.onFinishInput():3306 
06-22 21:38:36.223 20807 20807 I GoogleInputMethodService: GoogleInputMethodService.updateDeviceLockedStatus():2127 repeatCheckTimes = 0, locked = false
06-22 21:38:36.223 20807 20807 I GoogleInputMethodService: GoogleInputMethodService.onStartInput():1909 onStartInput(EditorInfo{inputType=0x0(NULL) imeOptions=0x0 privateImeOptions=null actionName=UNSPECIFIED actionLabel=null actionId=0 initialSelStart=-1 initialSelEnd=-1 initialCapsMode=0x0 hintText=null label=null packageName=com.YourCompany.MashNDash fieldId=-1 fieldName=null extras=null hintLocales=[]}, false)
06-22 21:38:36.224 20807 20807 I GoogleInputMethodService: GoogleInputMethodService.shouldHideHeaderOnInitialState():1990 ShouldHideHeaderOnInitialState = false
06-22 21:38:36.225 20807 20807 I GoogleInputMethodService: GoogleInputMethodService.updateDeviceLockedStatus():2127 repeatCheckTimes = 1, locked = false
06-22 21:38:36.243  1519  7349 W InputManager-JNI: Input channel object 'Letterbox_left_ActivityRecord{7b6dbba u0 com.YourCompany.MashNDash/com.epicgames.unreal.SplashActivity} t2255} (client)' was disposed without first being removed with the input manager!
06-22 21:38:36.243  1519  7349 W InputManager-JNI: Input channel object 'Letterbox_top_ActivityRecord{7b6dbba u0 com.YourCompany.MashNDash/com.epicgames.unreal.SplashActivity} t2255} (client)' was disposed without first being removed with the input manager!
06-22 21:38:36.244  1519  7349 W InputManager-JNI: Input channel object 'Letterbox_right_ActivityRecord{7b6dbba u0 com.YourCompany.MashNDash/com.epicgames.unreal.SplashActivity} t2255} (client)' was disposed without first being removed with the input manager!
06-22 21:38:36.244  1519  7349 W InputManager-JNI: Input channel object 'Letterbox_bottom_ActivityRecord{7b6dbba u0 com.YourCompany.MashNDash/com.epicgames.unreal.SplashActivity} t2255} (client)' was disposed without first being removed with the input manager!
06-22 21:38:36.247  1519  1733 I ActivityTaskManager: Config changes=20000480 {1.15 234mcc10mnc [en_GB] ldltr sw411dp w864dp h387dp 420dpi nrml long hdr widecg land night finger -keyb/v/h -nav/h winConfig={ mBounds=Rect(0, 0 - 2400, 1080) mAppBounds=Rect(132, 0 - 2400, 1017) mMaxBounds=Rect(0, 0 - 2400, 1080) mDisplayRotation=ROTATION_90 mWindowingMode=fullscreen mDisplayWindowingMode=fullscreen mActivityType=undefined mAlwaysOnTop=undefined mRotation=ROTATION_90} s.2351 fontWeightAdjustment=0}
06-22 21:38:36.282  1519  1733 I WindowManager: Override config changes=20000480 {1.15 234mcc10mnc [en_GB] ldltr sw411dp w864dp h387dp 420dpi nrml long hdr widecg land night finger -keyb/v/h -nav/h winConfig={ mBounds=Rect(0, 0 - 2400, 1080) mAppBounds=Rect(132, 0 - 2400, 1017) mMaxBounds=Rect(0, 0 - 2400, 1080) mDisplayRotation=ROTATION_90 mWindowingMode=fullscreen mDisplayWindowingMode=fullscreen mActivityType=undefined mAlwaysOnTop=undefined mRotation=ROTATION_90} s.2351 fontWeightAdjustment=0} for displayId=0
06-22 21:38:36.289  1519  1519 D CompatibilityChangeReporter: Compat change id reported: 168419799; UID 10115; state: DISABLED
06-22 21:38:36.289  2030  2030 I NoBackGesture: NavbarController: newConfig={1.15 234mcc10mnc [en_GB] ldltr sw411dp w864dp h387dp 420dpi nrml long hdr widecg land night finger -keyb/v/h -nav/h winConfig={ mBounds=Rect(0, 0 - 2400, 1080) mAppBounds=Rect(132, 0 - 2400, 1017) mMaxBounds=Rect(0, 0 - 2400, 1080) mDisplayRotation=ROTATION_90 mWindowingMode=fullscreen mDisplayWindowingMode=fullscreen mActivityType=undefined mAlwaysOnTop=undefined mRotation=ROTATION_90} s.2415 fontWeightAdjustment=0} mTaskbarDelegate initialized=false willApplyConfigToNavbars=false navBarCount=1
06-22 21:38:36.289  1519  1733 I InputManager-JNI: Viewport [0] to add: local:4619827677550801152, isActive: true
06-22 21:38:36.290  1519  1900 I InputReader: Reconfiguring input devices, changes=DISPLAY_INFO | 
06-22 21:38:36.295 21388 21388 I A       : (REDACTED) onApplyWindowInsets: systemWindowInsets=%s
06-22 21:38:36.295 27459 27545 D UE      : EGL Extensions: 
06-22 21:38:36.295 27459 27545 D UE      : EGL_ANDROID_front_buffer_auto_refresh EGL_ANDROID_get_frame_timestamps EGL_ANDROID_get_native_client_buffer EGL_ANDROID_presentation_time EGL_EXT_surface_CTA861_3_metadata EGL_EXT_surface_SMPTE2086_metadata EGL_KHR_get_all_proc_addresses EGL_KHR_swap_buffers_with_damage EGL_EXT_gl_colorspace_scrgb EGL_EXT_gl_colorspace_scrgb_linear EGL_EXT_gl_colorspace_display_p3_linear EGL_EXT_gl_colorspace_display_p3 EGL_EXT_gl_colorspace_display_p3_passthrough EGL_EXT_gl_colorspace_bt2020_linear EGL_EXT_gl_colorspace_bt2020_pq EGL_ANDROID_image_native_buffer EGL_ANDROID_native_fence_sync EGL_ANDROID_recordable EGL_EXT_create_context_robustness EGL_EXT_image_gl_colorspace EGL_EXT_pixel_format_float EGL_EXT_protected_content EGL_EXT_yuv_surface EGL_IMG_context_priority EGL_KHR_config_attribs EGL_KHR_create_context EGL_KHR_fence_sync EGL_KHR_gl_colorspace EGL_KHR_gl_renderbuffer_image EGL_KHR_gl_texture_2D_image EGL_KHR_gl_texture_cubemap_image EGL_KHR_image EGL_KHR_image_base EGL_KHR_mutable_render_buffer EGL_KHR_no_config
06-22 21:38:36.295 21388 21388 I A       : (REDACTED) onApplyWindowInsets: systemWindowInsets=%s
06-22 21:38:36.296  1085  4746 D audio_hw: adev_set_parameters: enter: rotation=90
06-22 21:38:36.296  1085  4746 D audio_hw_35l41: update rotation 90, enabled 0
06-22 21:38:36.297  2030  2054 V WindowManagerShell: Display changed: 0
06-22 21:38:36.298  2030  2030 I NoBackGesture: Config changed: newConfig={1.15 234mcc10mnc [en_GB] ldltr sw411dp w864dp h387dp 420dpi nrml long hdr widecg land night finger -keyb/v/h -nav/h winConfig={ mBounds=Rect(0, 0 - 2400, 1080) mAppBounds=Rect(132, 0 - 2400, 1017) mMaxBounds=Rect(0, 0 - 2400, 1080) mDisplayRotation=ROTATION_90 mWindowingMode=fullscreen mDisplayWindowingMode=fullscreen mActivityType=undefined mAlwaysOnTop=undefined mRotation=ROTATION_90} s.2415 fontWeightAdjustment=0} lastReportedConfig={1.15 234mcc10mnc [en_GB] ldltr sw411dp w411dp h840dp 420dpi nrml long hdr widecg port night finger -keyb/v/h -nav/h winConfig={ mBounds=Rect(0, 0 - 1080, 2400) mAppBounds=Rect(0, 132 - 1080, 2337) mMaxBounds=Rect(0, 0 - 1080, 2400) mDisplayRotation=ROTATION_0 mWindowingMode=fullscreen mDisplayWindowingMode=fullscreen mActivityType=undefined mAlwaysOnTop=undefined mRotation=ROTATION_0} s.2341 fontWeightAdjustment=0}
06-22 21:38:36.298  2030  2030 D CentralSurfaces: Received new disable state: enaihbcrso.qingr (unchanged)
06-22 21:38:36.298  1533  1838 E TwoshayTouchContextService: Got new packet! ContextPacket{orientation: LANDSCAPE_LEFT}
06-22 21:38:36.301 26970 27022 D OneSearchSuggestProvider: Shut down the binder channel
06-22 21:38:36.301 26970 26987 I s.nexuslauncher: oneway function results for code 2 on binder at 0xb4000070ca3bab70 will be dropped but finished with status UNKNOWN_TRANSACTION
06-22 21:38:36.308 27459 27545 D UE      : FAndroidGPUInfo
06-22 21:38:36.308 27459 27545 D UE      : AndroidEGL::InitRenderSurface 1, 1
06-22 21:38:36.308 27459 27545 D UE      : AndroidEGL::InitRenderSurface, wnd: 0xb40000722a390740, width: 8, height 8 
06-22 21:38:36.309 27459 27545 D UE      : AndroidEGL::CreateEGLRenderSurface() 0xb40000711a3758f0
06-22 21:38:36.309 27459 27545 D UE      : AndroidEGL::InitSharedSurface 1
06-22 21:38:36.309 27459 27545 D UE      : AndroidEGL::InitSharedSurface, width: 8, height 8 
06-22 21:38:36.309 27459 27545 D UE      : AndroidEGL::CreateEGLSharedSurface(), auxSurface = eglCreatePbufferSurface(), 8x8
06-22 21:38:36.316  2030  2030 I NoBackGesture: Config changed: newConfig={1.15 234mcc10mnc [en_GB] ldltr sw411dp w864dp h387dp 420dpi nrml long hdr widecg land night finger -keyb/v/h -nav/h winConfig={ mBounds=Rect(0, 0 - 2400, 1080) mAppBounds=Rect(132, 0 - 2400, 1017) mMaxBounds=Rect(0, 0 - 2400, 1080) mDisplayRotation=ROTATION_90 mWindowingMode=fullscreen mDisplayWindowingMode=fullscreen mActivityType=undefined mAlwaysOnTop=undefined mRotation=ROTATION_90} s.2415 fontWeightAdjustment=0} lastReportedConfig={1.15 234mcc10mnc [en_GB] ldltr sw411dp w864dp h387dp 420dpi nrml long hdr widecg land night finger -keyb/v/h -nav/h winConfig={ mBounds=Rect(0, 0 - 2400, 1080) mAppBounds=Rect(132, 0 - 2400, 1017) mMaxBounds=Rect(0, 0 - 2400, 1080) mDisplayRotation=ROTATION_90 mWindowingMode=fullscreen mDisplayWindowingMode=fullscreen mActivityType=undefined mAlwaysOnTop=undefined mRotation=ROTATION_90} s.2415 fontWeightAdjustment=0}
06-22 21:38:36.318 16581 16581 I Finsky  : [2] ytj.onStartJob(4): SCH: job service start with id 9817.
06-22 21:38:36.321 21388 21388 I A       : onStop
06-22 21:38:36.327 16581 27330 I Finsky  : [1021] ysp.a(111): SCH: Satisfied jobs for 9817 are: 12-1
06-22 21:38:36.329 16581 27579 I Finsky  : [1028] ysh.accept(68): SCH: Job 12-1 starting
06-22 21:38:36.329 16581 16581 I Finsky  : [2] ContentSyncJob.v(3): [ContentSync] job started
06-22 21:38:36.337  1519  8234 I WindowManager: finishDrawing of orientation change: Window{96c355e u0 ScreenDecorOverlayBottom} 49ms
06-22 21:38:36.337  1519  8234 I WindowManager: finishDrawing of orientation change: Window{ecf44ae u0 ScreenDecorOverlay} 50ms
06-22 21:38:36.349 27459 27545 D UE      : LogPluginManager: Mounting Engine plugin MeshPainting
06-22 21:38:36.371 20807 20807 W GoogleInputMethodService: GoogleInputMethodService.onConfigurationChanged():1574 onConfigurationChanged() : NewConfig = {1.15 234mcc10mnc [en_GB] ldltr sw411dp w864dp h387dp 420dpi nrml long hdr widecg land night finger -keyb/v/h -nav/h winConfig={ mBounds=Rect(0, 0 - 2400, 1080) mAppBounds=Rect(132, 0 - 2400, 1017) mMaxBounds=Rect(0, 0 - 2400, 1080) mDisplayRotation=ROTATION_90 mWindowingMode=fullscreen mDisplayWindowingMode=fullscreen mActivityType=undefined mAlwaysOnTop=undefined mRotation=ROTATION_90} s.2351 fontWeightAdjustment=0}
06-22 21:38:36.376 20807 20807 I GoogleInputMethodService: GoogleInputMethodService.onConfigurationChanged():1591 changedMask : 20000480
06-22 21:38:36.377 27459 27545 D UE      : LogPluginManager: Mounting Engine plugin AISupport
06-22 21:38:36.378 27459 27545 D UE      : LogPluginManager: Mounting Engine plugin OodleNetwork
06-22 21:38:36.378 27459 27545 D UE      : LogPluginManager: Mounting Engine plugin GameplayCameras
06-22 21:38:36.378 27459 27545 D UE      : LogPluginManager: Mounting Engine plugin AssetManagerEditor
06-22 21:38:36.378 27459 27545 D UE      : LogPluginManager: Mounting Engine plugin FacialAnimation
06-22 21:38:36.379 27459 27545 D UE      : LogPluginManager: Mounting Engine plugin CameraShakePreviewer
06-22 21:38:36.379 27459 27545 D UE      : LogPluginManager: Mounting Engine plugin GeometryMode
06-22 21:38:36.379 27459 27545 D UE      : LogPluginManager: Mounting Engine plugin EditorScriptingUtilities
06-22 21:38:36.380 27459 27545 D UE      : LogPluginManager: Mounting Engine plugin SpeedTreeImporter
06-22 21:38:36.381 27459 27545 D UE      : LogPluginManager: Mounting Engine plugin EnvironmentQueryEditor
06-22 21:38:36.381 27459 27545 D UE      : LogPluginManager: Mounting Engine plugin DatasmithContent
06-22 21:38:36.382 27459 27545 D UE      : LogPluginManager: Mounting Engine plugin VariantManagerContent
06-22 21:38:36.382 27459 27545 D UE      : LogPluginManager: Mounting Engine plugin SequencerAnimTools
06-22 21:38:36.382 27459 27545 D UE      : LogPluginManager: Mounting Engine plugin Paper2D
06-22 21:38:36.383 27459 27545 D UE      : LogPluginManager: Mounting Engine plugin UObjectPlugin
06-22 21:38:36.383 27459 27545 D UE      : LogPluginManager: Mounting Engine plugin PluginUtils
06-22 21:38:36.383 27459 27545 D UE      : LogPluginManager: Mounting Engine plugin ControlRig
06-22 21:38:36.383 27459 27545 D UE      : LogPluginManager: Mounting Engine plugin IKRig
06-22 21:38:36.384 27459 27545 D UE      : LogPluginManager: Mounting Engine plugin ChaosCloth
06-22 21:38:36.384 27459 27545 D UE      : LogPluginManager: Mounting Engine plugin AutomationUtils
06-22 21:38:36.384 27459 27545 D UE      : LogPluginManager: Mounting Engine plugin BackChannel
06-22 21:38:36.384 27459 27545 D UE      : LogPluginManager: Mounting Engine plugin ChaosClothEditor
06-22 21:38:36.384 27459 27545 D UE      : LogPluginManager: Mounting Engine plugin AnimationSharing
06-22 21:38:36.385 27459 27545 D UE      : LogPluginManager: Mounting Engine plugin ChaosEditor
06-22 21:38:36.385 27459 27545 D UE      : LogPluginManager: Mounting Engine plugin Niagara
06-22 21:38:36.385 27459 27545 D UE      : LogPluginManager: Mounting Engine plugin ChaosNiagara
06-22 21:38:36.386 27459 27545 D UE      : LogPluginManager: Mounting Engine plugin CharacterAI
06-22 21:38:36.386 27459 27545 D UE      : LogPluginManager: Mounting Engine plugin ControlRigSpline
06-22 21:38:36.386 27459 27545 D UE      : LogPluginManager: Mounting Engine plugin FullBodyIK
06-22 21:38:36.387 27459 27545 D UE      : LogPluginManager: Mounting Engine plugin PlatformCrypto
06-22 21:38:36.387 27459 27545 D UE      : LogPluginManager: Mounting Engine plugin PythonScriptPlugin
06-22 21:38:36.387 27459 27545 D UE      : LogPluginManager: Mounting Engine plugin AlembicImporter
06-22 21:38:36.388 27459 27545 D UE      : LogPluginManager: Mounting Engine plugin UdpMessaging
06-22 21:38:36.388 27459 27545 D UE      : LogPluginManager: Mounting Engine plugin OnlineBase
06-22 21:38:36.388 27459 27545 D UE      : LogPluginManager: Mounting Engine plugin OnlineSubsystemNull
06-22 21:38:36.388 27459 27545 D UE      : LogPluginManager: Mounting Engine plugin TcpMessaging
06-22 21:38:36.388 27459 27545 D UE      : LogPluginManager: Mounting Engine plugin OnlineSubsystem
06-22 21:38:36.388 20807 20807 I DeviceModeUtil: DeviceModeUtil.getDeviceMode():140 Get device mode phone by ui mode:1 and smallestScreenWidthDp:411
06-22 21:38:36.389 27459 27545 D UE      : LogPluginManager: Mounting Engine plugin OnlineSubsystemUtils
06-22 21:38:36.389 27459 27545 D UE      : LogPluginManager: Mounting Engine plugin ChaosSolverPlugin
06-22 21:38:36.389 27459 27545 D UE      : LogPluginManager: Mounting Engine plugin MatineeToLevelSequence
06-22 21:38:36.389 27459 27545 D UE      : LogPluginManager: Mounting Engine plugin LevelSequenceEditor
06-22 21:38:36.389 27459 27545 D UE      : LogPluginManager: Mounting Engine plugin TemplateSequence
06-22 21:38:36.390 27459 27545 D UE      : LogPluginManager: Mounting Engine plugin AndroidMedia
06-22 21:38:36.390 27459 27545 D UE      : LogPluginManager: Mounting Engine plugin ActorLayerUtilities
06-22 21:38:36.390 27459 27545 D UE      : LogPluginManager: Mounting Engine plugin AndroidDeviceProfileSelector
06-22 21:38:36.390 27459 27545 D UE      : LogPluginManager: Mounting Engine plugin ActorSequence
06-22 21:38:36.390 27459 27545 D UE      : LogPluginManager: Mounting Engine plugin AndroidMoviePlayer
06-22 21:38:36.391 27459 27545 D UE      : LogPluginManager: Mounting Engine plugin AndroidFileServer
06-22 21:38:36.391 27459 27545 D UE      : LogPluginManager: Mounting Engine plugin SequencerScripting
06-22 21:38:36.391 27459 27545 D UE      : LogPluginManager: Mounting Engine plugin AndroidPermission
06-22 21:38:36.391 27459 27545 D UE      : LogPluginManager: Mounting Engine plugin AppleImageUtils
06-22 21:38:36.391 27459 27545 D UE      : LogPluginManager: Mounting Engine plugin MediaCompositing
06-22 21:38:36.392 27459 27545 D UE      : LogPluginManager: Mounting Engine plugin AssetTags
06-22 21:38:36.392 27459 27545 D UE      : LogPluginManager: Mounting Engine plugin AudioCapture
06-22 21:38:36.392 27459 27545 D UE      : LogPluginManager: Mounting Engine plugin ImgMedia
06-22 21:38:36.392 27459 27545 D UE      : LogPluginManager: Mounting Engine plugin CableComponent
06-22 21:38:36.392 20807 20807 I DeviceModeUtil: DeviceModeUtil.getDeviceMode():140 Get device mode phone by ui mode:1 and smallestScreenWidthDp:411
06-22 21:38:36.392 27459 27545 D UE      : LogPluginManager: Mounting Engine plugin AudioSynesthesia
06-22 21:38:36.393 27459 27545 D UE      : LogPluginManager: Mounting Engine plugin ChunkDownloader
06-22 21:38:36.393 27459 27545 D UE      : LogPluginManager: Mounting Engine plugin GeometryCache
06-22 21:38:36.393 27459 27545 D UE      : LogPluginManager: Mounting Engine plugin ExampleDeviceProfileSelector
06-22 21:38:36.393 27459 27545 D UE      : LogPluginManager: Mounting Engine plugin GeometryProcessing
06-22 21:38:36.393 27459 27545 D UE      : LogPluginManager: Mounting Engine plugin GooglePAD
06-22 21:38:36.394 27459 27545 D UE      : LogPluginManager: Mounting Engine plugin GoogleCloudMessaging
06-22 21:38:36.394 27459 27545 D UE      : LogPluginManager: Mounting Engine plugin CustomMeshComponent
06-22 21:38:36.394 27459 27545 D UE      : LogPluginManager: Mounting Engine plugin MobilePatchingUtils
06-22 21:38:36.394 27459 27545 D UE      : LogPluginManager: Mounting Engine plugin LocationServicesBPLibrary
06-22 21:38:36.395 27459 27545 D UE      : LogPluginManager: Mounting Engine plugin PropertyAccessEditor
06-22 21:38:36.395 20807 20807 I DeviceModeUtil: DeviceModeUtil.getDeviceMode():140 Get device mode phone by ui mode:1 and smallestScreenWidthDp:411
06-22 21:38:36.395 27459 27545 D UE      : LogPluginManager: Mounting Engine plugin RuntimePhysXCooking
06-22 21:38:36.395 27459 27545 D UE      : LogPluginManager: Mounting Engine plugin ResonanceAudio
06-22 21:38:36.395 27459 27545 D UE      : LogPluginManager: Mounting Engine plugin SignificanceManager
06-22 21:38:36.395 20807 20807 I DeviceModeUtil: DeviceModeUtil.getDeviceMode():140 Get device mode phone by ui mode:1 and smallestScreenWidthDp:411
06-22 21:38:36.395 27459 27545 D UE      : LogPluginManager: Mounting Engine plugin SoundFields
06-22 21:38:36.396 27459 27545 D UE      : LogPluginManager: Mounting Engine plugin Synthesis
06-22 21:38:36.396 20807 20807 I DeviceModeUtil: DeviceModeUtil.getDeviceMode():140 Get device mode phone by ui mode:1 and smallestScreenWidthDp:411
06-22 21:38:36.396 27459 27545 D UE      : LogPluginManager: Mounting Engine plugin ProceduralMeshComponent
06-22 21:38:36.396 27459 27545 D UE      : LogPluginManager: Mounting Engine plugin ArchVisCharacter
06-22 21:38:36.396 27459 27545 D UE      : LogPluginManager: Mounting Engine plugin GeometryCollectionPlugin
06-22 21:38:36.397 27459 27545 D UE      : LogPluginManager: Mounting Engine plugin OnlineServices
06-22 21:38:36.397 27459 27545 D UE      : LogPackageName: Display: FPackageName: Mount point added: '../../../Engine/Plugins/Editor/GeometryMode/Content/' mounted to '/GeometryMode/'
06-22 21:38:36.397 27459 27545 D UE      : LogPackageName: Display: FPackageName: Mount point added: '../../../Engine/Plugins/Editor/SpeedTreeImporter/Content/' mounted to '/SpeedTreeImporter/'
06-22 21:38:36.397 27459 27545 D UE      : LogPackageName: Display: FPackageName: Mount point added: '../../../Engine/Plugins/Enterprise/DatasmithContent/Content/' mounted to '/DatasmithContent/'
06-22 21:38:36.397 27459 27545 D UE      : LogPackageName: Display: FPackageName: Mount point added: '../../../Engine/Plugins/2D/Paper2D/Content/' mounted to '/Paper2D/'
06-22 21:38:36.397 27459 27545 D UE      : LogPackageName: Display: FPackageName: Mount point added: '../../../Engine/Plugins/Animation/ControlRig/Content/' mounted to '/ControlRig/'
06-22 21:38:36.397 27459 27545 D UE      : LogPackageName: Display: FPackageName: Mount point added: '../../../Engine/Plugins/Animation/IKRig/Content/' mounted to '/IKRig/'
06-22 21:38:36.397 27459 27545 D UE      : LogPackageName: Display: FPackageName: Mount point added: '../../../Engine/Plugins/Experimental/ChaosClothEditor/Content/' mounted to '/ChaosClothEditor/'
06-22 21:38:36.397 27459 27545 D UE      : LogPackageName: Display: FPackageName: Mount point added: '../../../Engine/Plugins/Developer/AnimationSharing/Content/' mounted to '/AnimationSharing/'
06-22 21:38:36.397 27459 27545 D UE      : LogPackageName: Display: FPackageName: Mount point added: '../../../Engine/Plugins/FX/Niagara/Content/' mounted to '/Niagara/'
06-22 21:38:36.397 27459 27545 D UE      : LogPackageName: Display: FPackageName: Mount point added: '../../../Engine/Plugins/Experimental/ChaosNiagara/Content/' mounted to '/ChaosNiagara/'
06-22 21:38:36.397 27459 27545 D UE      : LogPackageName: Display: FPackageName: Mount point added: '../../../Engine/Plugins/Animation/ControlRigSpline/Content/' mounted to '/ControlRigSpline/'
06-22 21:38:36.397 27459 27545 D UE      : LogPackageName: Display: FPackageName: Mount point added: '../../../Engine/Plugins/Experimental/FullBodyIK/Content/' mounted to '/FullBodyIK/'
06-22 21:38:36.397 27459 27545 D UE      : LogPackageName: Display: FPackageName: Mount point added: '../../../Engine/Plugins/Experimental/PythonScriptPlugin/Content/' mounted to '/PythonScriptPlugin/'
06-22 21:38:36.397 27459 27545 D UE      : LogPackageName: Display: FPackageName: Mount point added: '../../../Engine/Plugins/Experimental/ChaosSolverPlugin/Content/' mounted to '/ChaosSolverPlugin/'
06-22 21:38:36.397 27459 27545 D UE      : LogPackageName: Display: FPackageName: Mount point added: '../../../Engine/Plugins/MovieScene/SequencerScripting/Content/' mounted to '/SequencerScripting/'
06-22 21:38:36.397 27459 27545 D UE      : LogPackageName: Display: FPackageName: Mount point added: '../../../Engine/Plugins/Media/MediaCompositing/Content/' mounted to '/MediaCompositing/'
06-22 21:38:36.397 27459 27545 D UE      : LogPackageName: Display: FPackageName: Mount point added: '../../../Engine/Plugins/Runtime/AudioSynesthesia/Content/' mounted to '/AudioSynesthesia/'
06-22 21:38:36.397 27459 27545 D UE      : LogPackageName: Display: FPackageName: Mount point added: '../../../Engine/Plugins/Runtime/GeometryProcessing/Content/' mounted to '/GeometryProcessing/'
06-22 21:38:36.397 27459 27545 D UE      : LogPackageName: Display: FPackageName: Mount point added: '../../../Engine/Plugins/Runtime/ResonanceAudio/Content/' mounted to '/ResonanceAudio/'
06-22 21:38:36.397 27459 27545 D UE      : LogPackageName: Display: FPackageName: Mount point added: '../../../Engine/Plugins/Runtime/Synthesis/Content/' mounted to '/Synthesis/'
06-22 21:38:36.397 27459 27545 D UE      : LogPackageName: Display: FPackageName: Mount point added: '../../../Engine/Plugins/Experimental/GeometryCollectionPlugin/Content/' mounted to '/GeometryCollectionPlugin/'
06-22 21:38:36.400   574   574 E SurfaceFlinger: Attempt to set frame rate on an unrecognized IGraphicBufferProducer
06-22 21:38:36.402 18321 19232 D MediaCodec: keep callback message for reclaim
06-22 21:38:36.402 18321 26717 I CCodecConfig: query failed after returning 15 values (BAD_INDEX)
06-22 21:38:36.402 18321 26717 W Codec2Client: query -- param skipped: index = 1073743886.
06-22 21:38:36.402 18321 26717 W Codec2Client: query -- param skipped: index = 1610614798.
06-22 21:38:36.406 18321 26717 W MessageQueue: Handler (android.media.MediaCodec$EventHandler) {5cef925} sending message to a Handler on a dead thread
06-22 21:38:36.406 18321 26717 W MessageQueue: java.lang.IllegalStateException: Handler (android.media.MediaCodec$EventHandler) {5cef925} sending message to a Handler on a dead thread
06-22 21:38:36.406 18321 26717 W MessageQueue: 	at android.os.MessageQueue.enqueueMessage(MessageQueue.java:560)
06-22 21:38:36.406 18321 26717 W MessageQueue: 	at android.os.Handler.enqueueMessage(Handler.java:778)
06-22 21:38:36.406 18321 26717 W MessageQueue: 	at android.os.Handler.sendMessageAtTime(Handler.java:727)
06-22 21:38:36.406 18321 26717 W MessageQueue: 	at android.os.Handler.sendMessageDelayed(Handler.java:697)
06-22 21:38:36.406 18321 26717 W MessageQueue: 	at android.os.Handler.sendMessage(Handler.java:635)
06-22 21:38:36.406 18321 26717 W MessageQueue: 	at android.media.MediaCodec.postEventFromNative(MediaCodec.java:5030)
06-22 21:38:36.406 18321 26717 W MessageQueue: Handler (android.media.MediaCodec$EventHandler) {5cef925} sending message to a Handler on a dead thread
06-22 21:38:36.406 18321 26717 W MessageQueue: java.lang.IllegalStateException: Handler (android.media.MediaCodec$EventHandler) {5cef925} sending message to a Handler on a dead thread
06-22 21:38:36.406 18321 26717 W MessageQueue: 	at android.os.MessageQueue.enqueueMessage(MessageQueue.java:560)
06-22 21:38:36.406 18321 26717 W MessageQueue: 	at android.os.Handler.enqueueMessage(Handler.java:778)
06-22 21:38:36.406 18321 26717 W MessageQueue: 	at android.os.Handler.sendMessageAtTime(Handler.java:727)
06-22 21:38:36.406 18321 26717 W MessageQueue: 	at android.os.Handler.sendMessageDelayed(Handler.java:697)
06-22 21:38:36.406 18321 26717 W MessageQueue: 	at android.os.Handler.sendMessage(Handler.java:635)
06-22 21:38:36.406 18321 26717 W MessageQueue: 	at android.media.MediaCodec.postEventFromNative(MediaCodec.java:5030)
06-22 21:38:36.406 18321 26717 W MessageQueue: Handler (android.media.MediaCodec$EventHandler) {5cef925} sending message to a Handler on a dead thread
06-22 21:38:36.406 18321 26717 W MessageQueue: java.lang.IllegalStateException: Handler (android.media.MediaCodec$EventHandler) {5cef925} sending message to a Handler on a dead thread
06-22 21:38:36.406 18321 26717 W MessageQueue: 	at android.os.MessageQueue.enqueueMessage(MessageQueue.java:560)
06-22 21:38:36.406 18321 26717 W MessageQueue: 	at android.os.Handler.enqueueMessage(Handler.java:778)
06-22 21:38:36.406 18321 26717 W MessageQueue: 	at android.os.Handler.sendMessageAtTime(Handler.java:727)
06-22 21:38:36.406 18321 26717 W MessageQueue: 	at android.os.Handler.sendMessageDelayed(Handler.java:697)
06-22 21:38:36.406 18321 26717 W MessageQueue: 	at android.os.Handler.sendMessage(Handler.java:635)
06-22 21:38:36.406 18321 26717 W MessageQueue: 	at android.media.MediaCodec.postEventFromNative(MediaCodec.java:5030)
06-22 21:38:36.406 18321 26717 D SurfaceUtils: connecting to surface 0xb40000722a3d8d60, reason connectToSurface
06-22 21:38:36.407 18321 26717 I MediaCodec: [c2.exynos.h264.decoder] setting surface generation to 18761286
06-22 21:38:36.407 18321 26717 D SurfaceUtils: disconnecting from surface 0xb40000722a3d8d60, reason connectToSurface(reconnect)
06-22 21:38:36.407 18321 26717 D SurfaceUtils: connecting to surface 0xb40000722a3d8d60, reason connectToSurface(reconnect)
06-22 21:38:36.407 18321 26717 D Codec2-OutputBufferQueue: remote graphic buffer migration 0/0
06-22 21:38:36.408 18321 26717 D Codec2Client: setOutputSurface -- failed to set consumer usage (6/BAD_INDEX)
06-22 21:38:36.408 18321 26717 D Codec2Client: setOutputSurface -- generation=18761286 consumer usage=0x900
06-22 21:38:36.411 20807 20807 I AbstractOpenableExtension: AbstractOpenableExtension.maybeDestroyExistingKeyboardGroupManager():516 Destroy existing keyboard group manager in ekb
06-22 21:38:36.411 20807 20807 I AbstractOpenableExtension: AbstractOpenableExtension.createKeyboardGroupManagerListenableFuture():124 Create keyboard group manager listenable future in ekb
06-22 21:38:36.411  1127  1196 D C2BqBuffer: local generation change 18761286 , bqId: 78688095830308 migrated buffers # 6
06-22 21:38:36.411 18321 26717 D Codec2Client: Surface configure completed
06-22 21:38:36.411 18321 26717 D SurfaceUtils: disconnecting from surface 0xb40000722a3daf70, reason disconnectFromSurface
06-22 21:38:36.412 20807 20807 I AbstractOpenableExtension: AbstractOpenableExtension.maybeDestroyExistingKeyboardGroupManager():516 Destroy existing keyboard group manager in czx
06-22 21:38:36.412 20807 20807 I AbstractOpenableExtension: AbstractOpenableExtension.createKeyboardGroupManagerListenableFuture():124 Create keyboard group manager listenable future in czx
06-22 21:38:36.412 20807 20807 I AbstractOpenableExtension: AbstractOpenableExtension.maybeDestroyExistingKeyboardGroupManager():516 Destroy existing keyboard group manager in eix
06-22 21:38:36.412 20807 20807 I AbstractOpenableExtension: AbstractOpenableExtension.createKeyboardGroupManagerListenableFuture():124 Create keyboard group manager listenable future in eix
06-22 21:38:36.413 20807 20807 I AbstractOpenableExtension: AbstractOpenableExtension.maybeDestroyExistingKeyboardGroupManager():516 Destroy existing keyboard group manager in elz
06-22 21:38:36.413 20807 20807 I AbstractOpenableExtension: AbstractOpenableExtension.createKeyboardGroupManagerListenableFuture():124 Create keyboard group manager listenable future in elz
06-22 21:38:36.414 20807 20807 I KeyboardModeManager: KeyboardModeManager.setInputView():557 setInputView() : supportsOneHandedMode=false
06-22 21:38:36.415 20807 20807 I NormalModeController: NormalModeController.getKeyboardBodyViewHolderPaddingBottom():118 currentPrimeKeyboardType:SOFT systemPaddingBottom:16
06-22 21:38:36.416 20807 20807 I KeyboardModeManager: KeyboardModeManager.setInputView():549 setInputView() : entry=idi{languageTag=en-GB, variant=qwerty, hasLocalizedResources=true, conditionCacheKey=_device=phone_device_size=default_enable_adaptive_translate=true_enable_large_tablet_batch_1=false_enable_large_tablet_batch_2=false_enable_more_candidates_view_for_multilingual=false_enable_nav_redesign=true_enable_nav_redesign_for_expression=false_enable_navbar_motion=false_enable_number_row=false_enable_preemptive_decode=true_enable_secondary_symbols=false_expressions=normal_four_or_more_letter_rows=false_keyboard_mode=normal_language=en-GB_orientation=portrait_physical_keyboard=nokeys_rtl_layout=false_show_secondary_digits=true_show_suggestions=true_split_with_duplicate_keys=true_variant=qwerty, imeDef.stringId=ime_english_great_britain, imeDef.className=com.google.android.apps.inputmethod.libs.latin5.LatinIme, imeDef.languageTag=en-GB}
06-22 21:38:36.416 18321 26717 D CCodecBufferChannel: [c2.exynos.h264.decoder#839] MediaCodec discarded an unknown buffer
06-22 21:38:36.416 18321 26717 D CCodecBufferChannel: [c2.exynos.h264.decoder#839] MediaCodec discarded an unknown buffer
06-22 21:38:36.416 18321 26717 D CCodecBufferChannel: [c2.exynos.h264.decoder#839] MediaCodec discarded an unknown buffer
06-22 21:38:36.416 18321 26717 D CCodecBufferChannel: [c2.exynos.h264.decoder#839] MediaCodec discarded an unknown buffer
06-22 21:38:36.417 18321 26717 W MessageQueue: Handler (android.media.MediaCodec$EventHandler) {5cef925} sending message to a Handler on a dead thread
06-22 21:38:36.417 18321 26717 W MessageQueue: java.lang.IllegalStateException: Handler (android.media.MediaCodec$EventHandler) {5cef925} sending message to a Handler on a dead thread
06-22 21:38:36.417 18321 26717 W MessageQueue: 	at android.os.MessageQueue.enqueueMessage(MessageQueue.java:560)
06-22 21:38:36.417 18321 26717 W MessageQueue: 	at android.os.Handler.enqueueMessage(Handler.java:778)
06-22 21:38:36.417 18321 26717 W MessageQueue: 	at android.os.Handler.sendMessageAtTime(Handler.java:727)
06-22 21:38:36.417 18321 26717 W MessageQueue: 	at android.os.Handler.sendMessageDelayed(Handler.java:697)
06-22 21:38:36.417 18321 26717 W MessageQueue: 	at android.os.Handler.sendMessage(Handler.java:635)
06-22 21:38:36.417 18321 26717 W MessageQueue: 	at android.media.MediaCodec.postEventFromNative(MediaCodec.java:5030)
06-22 21:38:36.428  1127  1196 D C2BqBuffer: configuring null producer: igbp_information(0)
06-22 21:38:36.428 18321 27593 I hw-BpHwBinder: onLastStrongRef automatically unlinking death recipients
06-22 21:38:36.428 18321 26717 D SurfaceUtils: disconnecting from surface 0xb40000722a3d8d60, reason disconnectFromSurface
06-22 21:38:36.428 20807 27590 I KeyboardGroupDefParser: KeyboardGroupDefParser.parseKeyboardGroupDef():85 parseKeyboardGroupDef() 2132214035 -> 0_resource_name_obfuscated : WaitTime = 13 ms : RunTime = 3 ms
06-22 21:38:36.429  1127 21208 I hw-BpHwBinder: onLastStrongRef automatically unlinking death recipients
06-22 21:38:36.429 20807 27591 I KeyboardGroupDefParser: KeyboardGroupDefParser.parseKeyboardGroupDef():85 parseKeyboardGroupDef() 2132214026 -> 0_resource_name_obfuscated : WaitTime = 10 ms : RunTime = 7 ms
06-22 21:38:36.430 20807 27592 I KeyboardGroupDefParser: KeyboardGroupDefParser.parseKeyboardGroupDef():85 parseKeyboardGroupDef() 2132214036 -> 0_resource_name_obfuscated : WaitTime = 13 ms : RunTime = 4 ms
06-22 21:38:36.431 18321 26717 D MediaCodec: flushMediametrics
06-22 21:38:36.431 18321 26717 D MediaCodec: flushMediametrics
06-22 21:38:36.432 20807 27589 I KeyboardGroupDefParser: KeyboardGroupDefParser.parseKeyboardGroupDef():85 parseKeyboardGroupDef() 2132214029 -> 0_resource_name_obfuscated : WaitTime = 19 ms : RunTime = 2 ms
06-22 21:38:36.433 20807 20807 I StyledKeyboardTheme: StyledKeyboardTheme.<init>():103 Pref: [], themeName: [silk:], darkMode: [true], cacheKey: [overlay_builtin_dynamic_color_dark_base.binarypb:dynamic-dark-ff1b1b1f-ffd9e2ff-7fa6195bea8cec7f251ba9af587454fb]
06-22 21:38:36.434 20807 20807 I DeviceModeUtil: DeviceModeUtil.getDeviceMode():140 Get device mode phone by ui mode:1 and smallestScreenWidthDp:411
06-22 21:38:36.434 20807 20807 I DeviceModeUtil: DeviceModeUtil.getDeviceMode():140 Get device mode phone by ui mode:1 and smallestScreenWidthDp:411
06-22 21:38:36.435 20807 20807 I DeviceModeUtil: DeviceModeUtil.getDeviceMode():140 Get device mode phone by ui mode:1 and smallestScreenWidthDp:411
