06-22 21:40:13.510  1322  1322 D AOC     : A3:MSG: lsm6dsr_device.cc, 663: USF: Lsm6dsrDevice: Fifo was disabled for 933838ns.
06-22 21:40:13.511  1322  1322 D AOC     : A3:MSG: usf_sensor.cc, 1883: USF: Received reconfig sampling request for LSM6DSR Accelerometer.
06-22 21:40:13.511  1322  1322 D AOC     : A3:MSG: lsm6dsr_device.cc, 755: USF: Lsm6dsrDevice: Sensor 0: Enabled 1, odr_index 3.
06-22 21:40:13.511  1322  1322 D AOC     : A3:MSG: lsm6dsr_fifo.cc, 747: USF: Lsm6dsrFifo: ODR: XL/G/T/TS: 52/52/13/6 WM: 4 Intr: 31.
06-22 21:40:13.512  1322  1322 D AOC     : A3:MSG: lsm6dsr_device.cc, 663: USF: Lsm6dsrDevice: Fifo was disabled for 585205ns.
06-22 21:40:13.512  1322  1322 D AOC     : A3:MSG: usf_sensor.cc, 1368: USF: Received start sampling request for LSM6DSR Accelerometer.
06-22 21:40:13.517  1322  1322 D AOC     : A3:MSG: usf_sensor.cc, 1368: USF: Received start sampling request for LSM6DSR Stationary Detect.
06-22 21:40:13.517  1103  1111 D ContextHubHal: Got message from nanoapp: ID 0x476f6f676c001016
06-22 21:40:13.518  1322  1322 D AOC     : A3:MSG: usf_sensor.cc, 1375: USF: Received stop sampling request for LSM6DSR Motion Detect.
06-22 21:40:13.518  1322  1322 D AOC     : A3:ERR: usf_sensor.cc, 1835: USF: Sampling configuration 52512 not found.
06-22 21:40:13.526  1134  1134 I vendor.google.wifi_ext@1.0-service-vendor: Wifi: Setting SAR Scenario to 3
06-22 21:40:13.526  1134  1134 E WifiHAL : wifi_select_tx_power_scenario
06-22 21:40:13.587  2229  2229 D GRIL-S  : [2852]> UPDATE_DEVICE_STATE DeviceState: Usb:1, Wifi: 0, Wifi AP: 0, Earpiece: 0, Bluetooth: 1, Wireless charging: 0, Screen: 1, Camera: 0, 0, -, -, Motion: 1, Bluetooth tethering: 0, Voice: 0, Wifi 2.4G: 0, Radio: 1, Bluetooth connected: 0, Bluetooth media: 0, Wifi Band: 2, Wifi AP Band: 0, Wifi call: 0, mmWave: 0, mCellBackhaul: 0, mHallSensor: 0
06-22 21:40:13.595  1134  1134 I WifiHAL : Creating message to get link statistics; iface = 48
06-22 21:40:13.606  2229  6552 D GRIL-S  : [2852]< UPDATE_DEVICE_STATE 
06-22 21:40:13.643  1134  1134 I WifiHAL : In GetLinkStatsCommand::handleResponse
06-22 21:40:13.680  1519  1948 D ConnectivityService: NetReassign [no changes] [c 0] [a 0] [i 1]
06-22 21:40:13.683 26504 24113 I ChimeraSrvcProxy: NullBinder for android.net.action.RECOMMEND_NETWORKS triggering remote TransactionTooLargeException due to Service without Chimera impl
06-22 21:40:13.683 26504 24113 W .gms.persistent: Large reply transaction of 1056768 bytes, interface descriptor , code 1
06-22 21:40:13.863  1533  1839 I twoshay.grip: GRIP_CONTEXT:  Context Changed: [isPortrait, isLandscapeLeft, isPortraitFlipped, isLandscapeRight]: [0, 1, 0, 0] 
06-22 21:40:13.863  1533  1839 I twoshay.grip: Grip 0 ENTER
06-22 21:40:14.135  1533  1839 I twoshay.grip: Grip 0 LEAVE0
06-22 21:40:14.141  1322  1322 D AOC     : A3:MSG: window_orientation.c, 697: [WO] Proposed rotation: 0, flat angle threshold: 65
06-22 21:40:14.142  1322  1322 D AOC     : A3:MSG: window_orientation.c, 1105: [WO] orientation angle 31, orientation 0
06-22 21:40:14.142  1322  1322 D AOC     : A3:MSG: window_orientation.c, 430: [WO] Gyro angle integrated: 40.540581
06-22 21:40:14.142  1322  1322 D AOC     : A3:MSG: window_orientation.c, 1118: [WO] rejected by isOrientationAngleAcceptable
06-22 21:40:14.915  1120  1813 I suez-nanoapp-clients: Barometric peak detected: magnitude = 0.392787 hPa (bucket: 9), duration = 240.000000 ms (bucket: 21).
06-22 21:40:14.915  1323  1498 I CHRE    : @ 335083.901: [ip] Peak detected: magnitude = 0.392786 hpa, duration = 239.999994 ms
06-22 21:40:14.916  1103  1111 D ContextHubHal: Got message from nanoapp: ID 0x476f6f676c001022
06-22 21:40:14.917  1519  1991 E ContextHubClientManager: Cannot send message to unregistered client (host endpoint ID = -28638)
06-22 21:40:14.918  1120  1813 I suez-nanoapp-clients: Vendor atom [id = 100047] reported.
06-22 21:40:15.634  1134  1134 I WifiHAL : Creating message to get link statistics; iface = 48
06-22 21:40:15.736  1134  1134 I WifiHAL : In GetLinkStatsCommand::handleResponse
06-22 21:40:15.757  1091  2613 I bthal.flowcontrol: HciEventPreProcess: HCI Event 0xe Opcode 0xfd59 Length 22 unhandled by ControllerActivityWatcher
06-22 21:40:15.766  1519  7349 D TelephonyManager: requestModemActivityInfo: Sending result to app: ModemActivityInfo{ mTimestamp=335117824 mSleepTimeMs=252876895 mIdleTimeMs=14457680 mActivityStatsTechSpecificInfo=[{mRat=UNKNOWN,mFrequencyRange=UNKNOWN,mTxTimeMs[]=[1333567, 453113, 808455, 239016, 863912],mRxTimeMs=63045863}]}
06-22 21:40:15.793  1519  1758 D KernelCpuUidUserSysTimeReader: Removing uids 90003-90003
06-22 21:40:15.794  1519  1758 D KernelCpuUidUserSysTimeReader: Removing uids 90002-90002
06-22 21:40:16.123 26890 27817 W kdk     : ImapResponseParser: Received BYE
06-22 21:40:16.125 26890 27817 W kdk     : ImapFolder: IO Exception in ImapFolder
06-22 21:40:16.125 26890 27817 W kdk     : gmh: Received BYE
06-22 21:40:16.125 26890 27817 W kdk     : 	at glp.b(PG:21)
06-22 21:40:16.125 26890 27817 W kdk     : 	at glp.n(PG:23)
06-22 21:40:16.125 26890 27817 W kdk     : 	at glp.l(PG:2)
06-22 21:40:16.125 26890 27817 W kdk     : 	at glp.o(Unknown Source:0)
06-22 21:40:16.125 26890 27817 W kdk     : 	at glp.e(Unknown Source:0)
06-22 21:40:16.125 26890 27817 W kdk     : 	at glp.d(Unknown Source:1)
06-22 21:40:16.125 26890 27817 W kdk     : 	at glq.l(PG:5)
06-22 21:40:16.125 26890 27817 W kdk     : 	at com.android.email.service.ImapService.a(PG:41)
06-22 21:40:16.125 26890 27817 W kdk     : 	at goo.f(PG:23)
06-22 21:40:16.125 26890 27817 W kdk     : 	at goo.b(PG:21)
06-22 21:40:16.125 26890 27817 W kdk     : 	at qqc.b(PG:3)
06-22 21:40:16.125 26890 27817 W kdk     : 	at gnv.d(PG:8)
06-22 21:40:16.125 26890 27817 W kdk     : 	at gvi.onPerformSync(PG:2)
06-22 21:40:16.125 26890 27817 W kdk     : 	at gnv.onPerformSync(PG:2)
06-22 21:40:16.125 26890 27817 W kdk     : 	at android.content.AbstractThreadedSyncAdapter$SyncThread.run(AbstractThreadedSyncAdapter.java:354)
06-22 21:40:16.172  1322  1322 D AOC     : A3:MSG: window_orientation.c, 697: [WO] Proposed rotation: 4, flat angle threshold: 65
06-22 21:40:16.172  1322  1322 D AOC     : A3:MSG: window_orientation.c, 1105: [WO] orientation angle 344, orientation 4
06-22 21:40:16.172  1322  1322 D AOC     : A3:MSG: window_orientation.c, 430: [WO] Gyro angle integrated: 112.974509
06-22 21:40:16.173  1322  1322 D AOC     : A3:MSG: window_orientation.c, 430: [WO] Gyro angle integrated: 112.974509
06-22 21:40:16.173  1322  1322 D AOC     : A3:MSG: window_orientation.c, 540: [WO] Rejected by acceleration_time. Last detected 403 ms ago.
06-22 21:40:16.181 26890 27817 D TrafficStats: tagSocket(163) with statsTag=0x1, statsUid=-1
06-22 21:40:16.207 26890 27817 W DynamiteModule: Local module descriptor class for com.google.android.gms.providerinstaller.dynamite not found.
06-22 21:40:16.213 26504 24113 W ProviderHelper: Unknown dynamite feature providerinstaller.dynamite
06-22 21:40:16.215 26890 27817 W ProviderInstaller: Failed to load providerinstaller module: No acceptable module com.google.android.gms.providerinstaller.dynamite found. Local version is 0 and remote version is 0.
06-22 21:40:16.225 26890 27817 W Conscrypt: Could not set socket write timeout: java.net.SocketException: Socket closed
06-22 21:40:16.226 26890 27817 W Conscrypt: 	at com.google.android.gms.org.conscrypt.Platform.setSocketWriteTimeout(:com.google.android.gms@232216044@23.22.16 (190400-540586286):2)
06-22 21:40:16.226 26890 27817 W Conscrypt: 	at com.google.android.gms.org.conscrypt.ConscryptFileDescriptorSocket.setSoWriteTimeout(:com.google.android.gms@232216044@23.22.16 (190400-540586286):0)
06-22 21:40:16.343 26890 27817 W Conscrypt: Could not set socket write timeout: java.net.SocketException: Socket closed
06-22 21:40:16.343 26890 27817 W Conscrypt: 	at com.google.android.gms.org.conscrypt.Platform.setSocketWriteTimeout(:com.google.android.gms@232216044@23.22.16 (190400-540586286):2)
06-22 21:40:16.343 26890 27817 W Conscrypt: 	at com.google.android.gms.org.conscrypt.ConscryptFileDescriptorSocket.setSoWriteTimeout(:com.google.android.gms@232216044@23.22.16 (190400-540586286):0)
06-22 21:40:16.571 27459 27547 D UE      : [GameActivity] --- memstats:
06-22 21:40:16.575 27459 27547 D UE      : [GameActivity] memstat: Used memory: 170783
06-22 21:40:16.576 27459 27547 D UE      : [GameActivity] memstat: VmSize:	17035124 kB
06-22 21:40:16.576 27459 27547 D UE      : [GameActivity] memstat: VmHWM:	  831116 kB
06-22 21:40:16.576 27459 27547 D UE      : [GameActivity] memstat: VmRSS:	  742052 kB
06-22 21:40:16.576 27459 27547 D UE      : [GameActivity] memstat: VmData:	 1608428 kB
06-22 21:40:16.576 27459 27547 D UE      : [GameActivity] memstat: VmSwap:	   17644 kB
06-22 21:40:16.635 27459 27546 D UE      : [2023.06.22-20.40.16:635][812]LogAndroid: Mobile HDR: YES
06-22 21:40:16.635 27459 27546 D UE      : [2023.06.22-20.40.16:635][812]LogAndroidWindowUtils: Setting Width=1424 and Height=720 (requested scale = 1.000000)
06-22 21:40:16.676  1134  1134 I WifiHAL : Creating message to get link statistics; iface = 48
06-22 21:40:16.712  1904  1914 I native  : I0000 00:00:1687466416.711870    1914 tf_lite_classifier.cc:383] Event stream classified as kNone
06-22 21:40:16.776  1134  1134 I WifiHAL : In GetLinkStatsCommand::handleResponse
06-22 21:40:16.815 26504 24113 I ChimeraSrvcProxy: NullBinder for android.net.action.RECOMMEND_NETWORKS triggering remote TransactionTooLargeException due to Service without Chimera impl
06-22 21:40:16.815 26504 24113 W .gms.persistent: Large reply transaction of 1056768 bytes, interface descriptor , code 1
06-22 21:40:16.817  1519  1948 D ConnectivityService: NetReassign [no changes] [c 0] [a 1] [i 3]
06-22 21:40:17.613  1904  1914 I native  : I0000 00:00:1687466417.612376    1914 tf_lite_classifier.cc:383] Event stream classified as kNone
06-22 21:40:18.196  1904  1914 I native  : I0000 00:00:1687466418.196130    1914 tf_lite_classifier.cc:383] Event stream classified as kNone
06-22 21:40:18.203  1322  1322 D AOC     : A3:MSG: window_orientation.c, 697: [WO] Proposed rotation: 4, flat angle threshold: 65
06-22 21:40:18.203  1322  1322 D AOC     : A3:MSG: window_orientation.c, 1105: [WO] orientation angle 351, orientation 4
06-22 21:40:18.207  1322  1322 D AOC     : A3:MSG: window_orientation.c, 430: [WO] Gyro angle integrated: 41.465619
06-22 21:40:18.207  1322  1322 D AOC     : A3:MSG: window_orientation.c, 430: [WO] Gyro angle integrated: 41.465619
06-22 21:40:18.730  1904  1914 I native  : I0000 00:00:1687466418.730784    1914 tf_lite_classifier.cc:383] Event stream classified as kNone
06-22 21:40:18.874  1904  1914 I native  : I0000 00:00:1687466418.874324    1914 tf_lite_classifier.cc:383] Event stream classified as kNone
06-22 21:40:19.023  1904  1914 I native  : I0000 00:00:1687466419.023749    1914 tf_lite_classifier.cc:383] Event stream classified as kNone
06-22 21:40:19.169  1904  1914 I native  : I0000 00:00:1687466419.169354    1914 tf_lite_classifier.cc:383] Event stream classified as kNone
06-22 21:40:19.287  1792  1807 I pixel-thermal: VIRTUAL-SKIN: 39.4084
06-22 21:40:19.287  1792  1807 I pixel-thermal: VIRTUAL-SKIN power_budget=8887.39 err=3.59159 err_integral=0 s_power=3500 time_elapsed_ms=7011 p=5387.39 i=0 d=-0.000136499 control target=2
06-22 21:40:19.287  1792  1807 I pixel-thermal: VIRTUAL-SKIN's thermal-cpufreq-0 binded power rail S4M_VDD_CPUCL0: power threshold = 200, avg power = 208.472
06-22 21:40:19.287  1792  1807 I pixel-thermal: VIRTUAL-SKIN's thermal-cpufreq-2 binded power rail S2M_VDD_CPUCL2: power threshold = 200, avg power = 268.703
06-22 21:40:19.287  1792  1807 I pixel-thermal: VIRTUAL-SKIN's thermal-cpufreq-1 binded power rail S3M_VDD_CPUCL1: power threshold = 200, avg power = 45.2019
06-22 21:40:19.287  1792  1807 I pixel-thermal: VIRTUAL-SKIN's thermal-gpufreq-0 binded power rail S2S_VDD_G3D: power threshold = 200, avg power = 534.316
06-22 21:40:19.287  1792  1807 I pixel-thermal: VIRTUAL-SKIN-CHARGE: 39.4084
06-22 21:40:19.287  1792  1807 I pixel-thermal: VIRTUAL-SKIN-CHARGE's fcc binded power rail POWER_FOR_CHARGING_THROTTLING: power threshold = 500, avg power = 1422.39
06-22 21:40:19.287  1792  1807 I pixel-thermal: neutral_therm: 37.471
06-22 21:40:19.294  1904  1914 I native  : I0000 00:00:1687466419.294123    1914 tf_lite_classifier.cc:383] Event stream classified as kNone
06-22 21:40:19.457  1904  1914 I native  : I0000 00:00:1687466419.456620    1914 tf_lite_classifier.cc:383] Event stream classified as kNone
06-22 21:40:19.618  1904  1914 I native  : I0000 00:00:1687466419.618436    1914 tf_lite_classifier.cc:383] Event stream classified as kNone
06-22 21:40:19.764  1904  1914 I native  : I0000 00:00:1687466419.764615    1914 tf_lite_classifier.cc:383] Event stream classified as kNone
06-22 21:40:19.808  1134  1134 I WifiHAL : Creating message to get link statistics; iface = 48
06-22 21:40:19.907  1134  1134 I WifiHAL : In GetLinkStatsCommand::handleResponse
06-22 21:40:19.926  1904  1914 I native  : I0000 00:00:1687466419.926764    1914 tf_lite_classifier.cc:383] Event stream classified as kNone
06-22 21:40:19.945  1519  1948 D ConnectivityService: NetReassign [no changes] [c 0] [a 1] [i 6]
06-22 21:40:19.960  1323  1498 D CHRE    : @ 335088.947: [ActivityPlatform] type 4, confidence 79
06-22 21:40:20.234  1322  1322 D AOC     : A3:MSG: window_orientation.c, 697: [WO] Proposed rotation: 4, flat angle threshold: 65
06-22 21:40:20.234  1322  1322 D AOC     : A3:MSG: window_orientation.c, 1105: [WO] orientation angle 355, orientation 4
06-22 21:40:20.234  1322  1322 D AOC     : A3:MSG: window_orientation.c, 430: [WO] Gyro angle integrated: 106.146410
06-22 21:40:20.234  1322  1322 D AOC     : A3:MSG: window_orientation.c, 430: [WO] Gyro angle integrated: 106.146410
06-22 21:40:20.234  1322  1322 D AOC     : A3:MSG: window_orientation.c, 529: [WO] Rejected by swing_time. Last detected 0 ms ago.
06-22 21:40:20.708  1904  1914 I native  : I0000 00:00:1687466420.708803    1914 tf_lite_classifier.cc:383] Event stream classified as kNone
06-22 21:40:20.919  1904  1914 I native  : I0000 00:00:1687466420.919093    1914 tf_lite_classifier.cc:383] Event stream classified as kNone
06-22 21:40:21.028  1904  1914 I native  : I0000 00:00:1687466421.027889    1914 tf_lite_classifier.cc:383] Event stream classified as kNone
06-22 21:40:21.147  1904  1914 I native  : I0000 00:00:1687466421.146909    1914 tf_lite_classifier.cc:383] Event stream classified as kNone
06-22 21:40:21.266  1904  1914 I native  : I0000 00:00:1687466421.265855    1914 tf_lite_classifier.cc:383] Event stream classified as kNone
06-22 21:40:21.266 26890 27817 W kdk     : ImapResponseParser: Received BYE
06-22 21:40:21.269 26890 27817 W kdk     : ImapFolder: IO Exception in ImapFolder
06-22 21:40:21.269 26890 27817 W kdk     : gmh: Received BYE
06-22 21:40:21.269 26890 27817 W kdk     : 	at glp.b(PG:21)
06-22 21:40:21.269 26890 27817 W kdk     : 	at glp.n(PG:23)
06-22 21:40:21.269 26890 27817 W kdk     : 	at glp.l(PG:2)
06-22 21:40:21.269 26890 27817 W kdk     : 	at glp.o(Unknown Source:0)
06-22 21:40:21.269 26890 27817 W kdk     : 	at glp.e(Unknown Source:0)
06-22 21:40:21.269 26890 27817 W kdk     : 	at glp.d(Unknown Source:1)
06-22 21:40:21.269 26890 27817 W kdk     : 	at glq.B(PG:3)
06-22 21:40:21.269 26890 27817 W kdk     : 	at glq.v(PG:6)
06-22 21:40:21.269 26890 27817 W kdk     : 	at com.android.email.service.ImapService.b(PG:10)
06-22 21:40:21.269 26890 27817 W kdk     : 	at goo.f(PG:27)
06-22 21:40:21.269 26890 27817 W kdk     : 	at goo.b(PG:21)
06-22 21:40:21.269 26890 27817 W kdk     : 	at qqc.b(PG:3)
06-22 21:40:21.269 26890 27817 W kdk     : 	at gnv.d(PG:8)
06-22 21:40:21.269 26890 27817 W kdk     : 	at gvi.onPerformSync(PG:2)
06-22 21:40:21.269 26890 27817 W kdk     : 	at gnv.onPerformSync(PG:2)
06-22 21:40:21.269 26890 27817 W kdk     : 	at android.content.AbstractThreadedSyncAdapter$SyncThread.run(AbstractThreadedSyncAdapter.java:354)
06-22 21:40:21.363  1904  1914 I native  : I0000 00:00:1687466421.363452    1914 tf_lite_classifier.cc:383] Event stream classified as kNone
06-22 21:40:21.370 26890 27817 D TrafficStats: tagSocket(163) with statsTag=0x1, statsUid=-1
06-22 21:40:21.394 26890 27817 W DynamiteModule: Local module descriptor class for com.google.android.gms.providerinstaller.dynamite not found.
06-22 21:40:21.399 26504 24113 W ProviderHelper: Unknown dynamite feature providerinstaller.dynamite
06-22 21:40:21.401 26890 27817 W ProviderInstaller: Failed to load providerinstaller module: No acceptable module com.google.android.gms.providerinstaller.dynamite found. Local version is 0 and remote version is 0.
06-22 21:40:21.403 26890 27817 W Conscrypt: Could not set socket write timeout: java.net.SocketException: Socket closed
06-22 21:40:21.403 26890 27817 W Conscrypt: 	at com.google.android.gms.org.conscrypt.Platform.setSocketWriteTimeout(:com.google.android.gms@232216044@23.22.16 (190400-540586286):2)
06-22 21:40:21.403 26890 27817 W Conscrypt: 	at com.google.android.gms.org.conscrypt.ConscryptFileDescriptorSocket.setSoWriteTimeout(:com.google.android.gms@232216044@23.22.16 (190400-540586286):0)
06-22 21:40:21.512 26890 27817 W Conscrypt: Could not set socket write timeout: java.net.SocketException: Socket closed
06-22 21:40:21.513 26890 27817 W Conscrypt: 	at com.google.android.gms.org.conscrypt.Platform.setSocketWriteTimeout(:com.google.android.gms@232216044@23.22.16 (190400-540586286):2)
06-22 21:40:21.513 26890 27817 W Conscrypt: 	at com.google.android.gms.org.conscrypt.ConscryptFileDescriptorSocket.setSoWriteTimeout(:com.google.android.gms@232216044@23.22.16 (190400-540586286):0)
06-22 21:40:21.559  1904  1914 I native  : I0000 00:00:1687466421.559470    1914 tf_lite_classifier.cc:383] Event stream classified as kNone
06-22 21:40:21.932  1904  1914 I native  : I0000 00:00:1687466421.932624    1914 tf_lite_classifier.cc:383] Event stream classified as kNone
06-22 21:40:22.029  1904  1914 I native  : I0000 00:00:1687466422.029786    1914 tf_lite_classifier.cc:383] Event stream classified as kNone
06-22 21:40:22.154  1904  1914 I native  : I0000 00:00:1687466422.154430    1914 tf_lite_classifier.cc:383] Event stream classified as kNone
06-22 21:40:22.265  1322  1322 D AOC     : A3:MSG: window_orientation.c, 697: [WO] Proposed rotation: 4, flat angle threshold: 65
06-22 21:40:22.265  1322  1322 D AOC     : A3:MSG: window_orientation.c, 1105: [WO] orientation angle 321, orientation 4
06-22 21:40:22.265  1322  1322 D AOC     : A3:MSG: window_orientation.c, 430: [WO] Gyro angle integrated: 0.727207
06-22 21:40:22.265  1322  1322 D AOC     : A3:MSG: window_orientation.c, 1118: [WO] rejected by isOrientationAngleAcceptable
06-22 21:40:22.274  1904  1914 I native  : I0000 00:00:1687466422.273834    1914 tf_lite_classifier.cc:383] Event stream classified as kNone
06-22 21:40:22.406  1904  1914 I native  : I0000 00:00:1687466422.406254    1914 tf_lite_classifier.cc:383] Event stream classified as kNone
06-22 21:40:22.523  1904  1914 I native  : I0000 00:00:1687466422.523010    1914 tf_lite_classifier.cc:383] Event stream classified as kNone
06-22 21:40:22.741  1904  1914 I native  : I0000 00:00:1687466422.741550    1914 tf_lite_classifier.cc:383] Event stream classified as kNone
06-22 21:40:22.885  1904  1914 I native  : I0000 00:00:1687466422.885670    1914 tf_lite_classifier.cc:383] Event stream classified as kNone
06-22 21:40:22.939  1134  1134 I WifiHAL : Creating message to get link statistics; iface = 48
06-22 21:40:22.984  1904  1914 I native  : I0000 00:00:1687466422.984299    1914 tf_lite_classifier.cc:383] Event stream classified as kNone
06-22 21:40:23.035  1134  1134 I WifiHAL : In GetLinkStatsCommand::handleResponse
06-22 21:40:23.072  1519  1948 D ConnectivityService: NetReassign [no changes] [c 1] [a 1] [i 3]
06-22 21:40:23.114  1904  1914 I native  : I0000 00:00:1687466423.114075    1914 tf_lite_classifier.cc:383] Event stream classified as kNone
06-22 21:40:23.158  1323  1498 D CHRE    : @ 335092.146: [ActivityPlatform] type 4, confidence 52
06-22 21:40:23.222  1904  1914 I native  : I0000 00:00:1687466423.222716    1914 tf_lite_classifier.cc:383] Event stream classified as kNone
06-22 21:40:23.336  1904  1914 I native  : I0000 00:00:1687466423.336064    1914 tf_lite_classifier.cc:383] Event stream classified as kNone
06-22 21:40:23.423  1904  1914 I native  : I0000 00:00:1687466423.422968    1914 tf_lite_classifier.cc:383] Event stream classified as kNone
06-22 21:40:23.515  1904  1914 I native  : I0000 00:00:1687466423.515918    1914 tf_lite_classifier.cc:383] Event stream classified as kNone
06-22 21:40:23.597  1904  1914 I native  : I0000 00:00:1687466423.597762    1914 tf_lite_classifier.cc:383] Event stream classified as kNone
06-22 21:40:23.694  1904  1914 I native  : I0000 00:00:1687466423.694492    1914 tf_lite_classifier.cc:383] Event stream classified as kNone
06-22 21:40:23.884  1904  1914 I native  : I0000 00:00:1687466423.884384    1914 tf_lite_classifier.cc:383] Event stream classified as kNone
06-22 21:40:23.987  1904  1914 I native  : I0000 00:00:1687466423.986946    1914 tf_lite_classifier.cc:383] Event stream classified as kNone
06-22 21:40:24.096  1904  1914 I native  : I0000 00:00:1687466424.096484    1914 tf_lite_classifier.cc:383] Event stream classified as kNone
06-22 21:40:24.187  1904  1914 I native  : I0000 00:00:1687466424.186947    1914 tf_lite_classifier.cc:383] Event stream classified as kNone
06-22 21:40:24.273  1904  1914 I native  : I0000 00:00:1687466424.273750    1914 tf_lite_classifier.cc:383] Event stream classified as kNone
06-22 21:40:24.296  1322  1322 D AOC     : A3:MSG: window_orientation.c, 697: [WO] Proposed rotation: 4, flat angle threshold: 65
06-22 21:40:24.296  1322  1322 D AOC     : A3:MSG: window_orientation.c, 1105: [WO] orientation angle 322, orientation 4
06-22 21:40:24.296  1322  1322 D AOC     : A3:MSG: window_orientation.c, 430: [WO] Gyro angle integrated: 5.034130
06-22 21:40:24.296  1322  1322 D AOC     : A3:MSG: window_orientation.c, 1118: [WO] rejected by isOrientationAngleAcceptable
06-22 21:40:24.382  1904  1914 I native  : I0000 00:00:1687466424.382166    1914 tf_lite_classifier.cc:383] Event stream classified as kNone
06-22 21:40:24.580  1904  1914 I native  : I0000 00:00:1687466424.580556    1914 tf_lite_classifier.cc:383] Event stream classified as kNone
06-22 21:40:24.772  1904  1914 I native  : I0000 00:00:1687466424.772599    1914 tf_lite_classifier.cc:383] Event stream classified as kNone
06-22 21:40:24.882  1904  1914 I native  : I0000 00:00:1687466424.882308    1914 tf_lite_classifier.cc:383] Event stream classified as kNone
06-22 21:40:24.914  1103  1111 D ContextHubHal: Got message from nanoapp: ID 0x476f6f676c001022
06-22 21:40:24.914  1519  1991 E ContextHubClientManager: Cannot send message to unregistered client (host endpoint ID = -28638)
06-22 21:40:24.914  1120  1813 I suez-nanoapp-clients: Barometric peak detected: magnitude = 0.327492 hPa (bucket: 7), duration = 639.000000 ms (bucket: 49).
06-22 21:40:24.915  1103  1111 D ContextHubHal: Got message from nanoapp: ID 0x476f6f676c001022
06-22 21:40:24.915  1103  1111 D ContextHubHal: Got message from nanoapp: ID 0x476f6f676c001022
06-22 21:40:24.915  1519  1991 E ContextHubClientManager: Cannot send message to unregistered client (host endpoint ID = -28638)
06-22 21:40:24.915  1519  1991 E ContextHubClientManager: Cannot send message to unregistered client (host endpoint ID = -28638)
06-22 21:40:24.915  1103  1111 D ContextHubHal: Got message from nanoapp: ID 0x476f6f676c001022
06-22 21:40:24.916  1519  1991 E ContextHubClientManager: Cannot send message to unregistered client (host endpoint ID = -28638)
06-22 21:40:24.916  1103  1111 D ContextHubHal: Got message from nanoapp: ID 0x476f6f676c001022
06-22 21:40:24.916  1103  1111 D ContextHubHal: Got message from nanoapp: ID 0x476f6f676c001022
06-22 21:40:24.916  1120  1813 I suez-nanoapp-clients: Vendor atom [id = 100047] reported.
06-22 21:40:24.916  1519  1991 E ContextHubClientManager: Cannot send message to unregistered client (host endpoint ID = -28638)
06-22 21:40:24.916  1103  1111 D ContextHubHal: Got message from nanoapp: ID 0x476f6f676c001022
06-22 21:40:24.916  1519  1991 E ContextHubClientManager: Cannot send message to unregistered client (host endpoint ID = -28638)
06-22 21:40:24.917  1103  1111 D ContextHubHal: Got message from nanoapp: ID 0x476f6f676c001022
06-22 21:40:24.917  1120  1813 I suez-nanoapp-clients: Barometric peak detected: magnitude = 0.154868 hPa (bucket: 4), duration = 79.000000 ms (bucket: 7).
06-22 21:40:24.917  1519  1991 E ContextHubClientManager: Cannot send message to unregistered client (host endpoint ID = -28638)
06-22 21:40:24.917  1519  1991 E ContextHubClientManager: Cannot send message to unregistered client (host endpoint ID = -28638)
06-22 21:40:24.917  1103  1111 D ContextHubHal: Got message from nanoapp: ID 0x476f6f676c001022
06-22 21:40:24.917  1519  1991 E ContextHubClientManager: Cannot send message to unregistered client (host endpoint ID = -28638)
06-22 21:40:24.917  1323  1498 I CHRE    : @ 335093.901: [ip] Peak detected: magnitude = 0.327491 hpa, duration = 638.999998 ms
06-22 21:40:24.917  1323  1498 I CHRE    : @ 335093.901: [ip] Peak detected: magnitude = 0.154868 hpa, duration = 79.000002 ms
06-22 21:40:24.917  1323  1498 I CHRE    : @ 335093.902: [ip] Peak detected: magnitude = 0.113969 hpa, duration = 40.000000 ms
06-22 21:40:24.917  1323  1498 I CHRE    : @ 335093.902: [ip] Peak detected: magnitude = 0.137735 hpa, duration = 80.000001 ms
06-22 21:40:24.917  1323  1498 I CHRE    : @ 335093.902: [ip] Peak detected: magnitude = 0.121059 hpa, duration = 80.000001 ms
06-22 21:40:24.917  1323  1498 I CHRE    : @ 335093.902: [ip] Peak detected: magnitude = 0.251882 hpa, duration = 40.000000 ms
06-22 21:40:24.917  1323  1498 I CHRE    : @ 335093.902: [ip] Peak detected: magnitude = 0.109578 hpa, duration = 38.999998 ms
06-22 21:40:24.917  1323  1498 I CHRE    : @ 335093.903: [ip] Peak detected: magnitude = 0.191555 hpa, duration = 38.999998 ms
06-22 21:40:24.917  1323  1498 I CHRE    : @ 335093.903: [ip] Peak detected: magnitude = 0.125746 hpa, duration = 40.000000 ms
06-22 21:40:24.917  1323  1498 I CHRE    : @ 335093.903: [ip] Peak detected: magnitude = 0.414459 hpa, duration = 80.000001 ms
06-22 21:40:24.917  1103  1111 D ContextHubHal: Got message from nanoapp: ID 0x476f6f676c001022
06-22 21:40:24.917  1323  1498 I CHRE    : @ 335093.903: [ip] Peak detected: magnitude = 0.188223 hpa, duration = 40.000000 ms
06-22 21:40:24.917  1323  1498 I CHRE    : @ 335093.903: [ip] Peak detected: magnitude = 0.108451 hpa, duration = 38.999998 ms
06-22 21:40:24.917  1120  1813 I suez-nanoapp-clients: Vendor atom [id = 100047] reported.
06-22 21:40:24.917  1120  1813 I suez-nanoapp-clients: Barometric peak detected: magnitude = 0.113969 hPa (bucket: 3), duration = 40.000000 ms (bucket: 3).
06-22 21:40:24.917  1519  1991 E ContextHubClientManager: Cannot send message to unregistered client (host endpoint ID = -28638)
06-22 21:40:24.918  1103  1111 D ContextHubHal: Got message from nanoapp: ID 0x476f6f676c001022
06-22 21:40:24.918  1519  1991 E ContextHubClientManager: Cannot send message to unregistered client (host endpoint ID = -28638)
06-22 21:40:24.918  1103  1111 D ContextHubHal: Got message from nanoapp: ID 0x476f6f676c001022
06-22 21:40:24.918  1120  1813 I suez-nanoapp-clients: Vendor atom [id = 100047] reported.
06-22 21:40:24.918  1120  1813 I suez-nanoapp-clients: Barometric peak detected: magnitude = 0.137735 hPa (bucket: 3), duration = 80.000000 ms (bucket: 7).
06-22 21:40:24.918  1519  1991 E ContextHubClientManager: Cannot send message to unregistered client (host endpoint ID = -28638)
06-22 21:40:24.918  1120  1813 I suez-nanoapp-clients: Vendor atom [id = 100047] reported.
06-22 21:40:24.918  1120  1813 I suez-nanoapp-clients: Barometric peak detected: magnitude = 0.121059 hPa (bucket: 3), duration = 80.000000 ms (bucket: 7).
06-22 21:40:24.919  1120  1813 I suez-nanoapp-clients: Vendor atom [id = 100047] reported.
06-22 21:40:24.919  1120  1813 I suez-nanoapp-clients: Barometric peak detected: magnitude = 0.251882 hPa (bucket: 6), duration = 40.000000 ms (bucket: 3).
06-22 21:40:24.920  1120  1813 I suez-nanoapp-clients: Vendor atom [id = 100047] reported.
06-22 21:40:24.920  1120  1813 I suez-nanoapp-clients: Barometric peak detected: magnitude = 0.109579 hPa (bucket: 2), duration = 39.000000 ms (bucket: 3).
06-22 21:40:24.920  1120  1813 I suez-nanoapp-clients: Vendor atom [id = 100047] reported.
06-22 21:40:24.920  1120  1813 I suez-nanoapp-clients: Barometric peak detected: magnitude = 0.191556 hPa (bucket: 4), duration = 39.000000 ms (bucket: 3).
06-22 21:40:24.921  1120  1813 I suez-nanoapp-clients: Vendor atom [id = 100047] reported.
06-22 21:40:24.921  1120  1813 I suez-nanoapp-clients: Barometric peak detected: magnitude = 0.125747 hPa (bucket: 3), duration = 40.000000 ms (bucket: 3).
06-22 21:40:24.921  1120  1813 I suez-nanoapp-clients: Vendor atom [id = 100047] reported.
06-22 21:40:24.921  1120  1813 I suez-nanoapp-clients: Barometric peak detected: magnitude = 0.414459 hPa (bucket: 9), duration = 80.000000 ms (bucket: 7).
06-22 21:40:24.922  1120  1813 I suez-nanoapp-clients: Vendor atom [id = 100047] reported.
06-22 21:40:24.922  1120  1813 I suez-nanoapp-clients: Barometric peak detected: magnitude = 0.188223 hPa (bucket: 4), duration = 40.000000 ms (bucket: 3).
06-22 21:40:24.922  1120  1813 I suez-nanoapp-clients: Vendor atom [id = 100047] reported.
06-22 21:40:24.922  1120  1813 I suez-nanoapp-clients: Barometric peak detected: magnitude = 0.108451 hPa (bucket: 2), duration = 39.000000 ms (bucket: 3).
06-22 21:40:24.923  1120  1813 I suez-nanoapp-clients: Vendor atom [id = 100047] reported.
06-22 21:40:24.995  1904  1914 I native  : I0000 00:00:1687466424.995685    1914 tf_lite_classifier.cc:383] Event stream classified as kNone
06-22 21:40:25.300  1904  1914 I native  : I0000 00:00:1687466425.300044    1914 tf_lite_classifier.cc:383] Event stream classified as kNone
06-22 21:40:25.308  6143  6143 D NativeNfcTag: Connect to a tech with a different handle
06-22 21:40:25.347  6143  6143 D NativeNfcTag: Check NDEF Failed - status = 3
06-22 21:40:25.398  1904  1914 I native  : I0000 00:00:1687466425.398392    1914 tf_lite_classifier.cc:383] Event stream classified as kNone
06-22 21:40:25.410  6143  6143 D NativeNfcTag: Check NDEF Failed - status = 3
06-22 21:40:25.427  6143 27901 D NativeNfcTag: Starting background presence check
06-22 21:40:25.432  6143 27901 D NativeNfcTag: Tag lost, restarting polling loop
06-22 21:40:25.432  6143 27901 D NativeNfcTag: Stopping background presence check
06-22 21:40:25.494  1904  1914 I native  : I0000 00:00:1687466425.494070    1914 tf_lite_classifier.cc:383] Event stream classified as kNone
06-22 21:40:25.613  1904  1914 I native  : I0000 00:00:1687466425.612950    1914 tf_lite_classifier.cc:383] Event stream classified as kNone
06-22 21:40:25.824  1904  1914 I native  : I0000 00:00:1687466425.824514    1914 tf_lite_classifier.cc:383] Event stream classified as kNone
06-22 21:40:25.905  1904  1914 I native  : I0000 00:00:1687466425.905699    1914 tf_lite_classifier.cc:383] Event stream classified as kNone
06-22 21:40:26.064  1134  1134 I WifiHAL : Creating message to get link statistics; iface = 48
06-22 21:40:26.117  1904  1914 I native  : I0000 00:00:1687466426.117078    1914 tf_lite_classifier.cc:383] Event stream classified as kNone
06-22 21:40:26.163  1134  1134 I WifiHAL : In GetLinkStatsCommand::handleResponse
06-22 21:40:26.192  1519  1948 D ConnectivityService: NetReassign [no changes] [c 0] [a 0] [i 2]
06-22 21:40:26.204  1904  1914 I native  : I0000 00:00:1687466426.204173    1914 tf_lite_classifier.cc:383] Event stream classified as kNone
06-22 21:40:26.302  1792  1807 I pixel-thermal: VIRTUAL-SKIN: 39.4285
06-22 21:40:26.302  1904  1914 I native  : I0000 00:00:1687466426.302120    1914 tf_lite_classifier.cc:383] Event stream classified as kNone
06-22 21:40:26.302  1792  1807 I pixel-thermal: VIRTUAL-SKIN power_budget=8857.32 err=3.57155 err_integral=0 s_power=3500 time_elapsed_ms=7013 p=5357.32 i=0 d=-2.85844e-05 control target=2
06-22 21:40:26.302  1792  1807 I pixel-thermal: VIRTUAL-SKIN's thermal-cpufreq-0 binded power rail S4M_VDD_CPUCL0: power threshold = 200, avg power = 208.472
06-22 21:40:26.302  1792  1807 I pixel-thermal: VIRTUAL-SKIN's thermal-cpufreq-2 binded power rail S2M_VDD_CPUCL2: power threshold = 200, avg power = 268.703
06-22 21:40:26.302  1792  1807 I pixel-thermal: VIRTUAL-SKIN's thermal-cpufreq-1 binded power rail S3M_VDD_CPUCL1: power threshold = 200, avg power = 45.2019
06-22 21:40:26.302  1792  1807 I pixel-thermal: VIRTUAL-SKIN's thermal-gpufreq-0 binded power rail S2S_VDD_G3D: power threshold = 200, avg power = 534.316
06-22 21:40:26.302  1792  1807 I pixel-thermal: VIRTUAL-SKIN-CHARGE: 39.4285
06-22 21:40:26.302  1792  1807 I pixel-thermal: VIRTUAL-SKIN-CHARGE's fcc binded power rail POWER_FOR_CHARGING_THROTTLING: power threshold = 500, avg power = 1422.39
06-22 21:40:26.302  1792  1807 I pixel-thermal: neutral_therm: 37.493
06-22 21:40:26.302  1792  1807 I pixel-thermal: Successfully update cdev thermal-cpufreq-2 sysfs to 3
06-22 21:40:26.325 26890 27817 W kdk     : ImapResponseParser: Received BYE
06-22 21:40:26.326 26890 27817 W kdk     : ImapFolder: IO Exception in ImapFolder
06-22 21:40:26.326 26890 27817 W kdk     : gmh: Received BYE
06-22 21:40:26.326 26890 27817 W kdk     : 	at glp.b(PG:21)
06-22 21:40:26.326 26890 27817 W kdk     : 	at glp.n(PG:23)
06-22 21:40:26.326 26890 27817 W kdk     : 	at glp.l(PG:2)
06-22 21:40:26.326 26890 27817 W kdk     : 	at glp.o(Unknown Source:0)
06-22 21:40:26.326 26890 27817 W kdk     : 	at glp.e(Unknown Source:0)
06-22 21:40:26.326 26890 27817 W kdk     : 	at glp.d(Unknown Source:1)
06-22 21:40:26.326 26890 27817 W kdk     : 	at glq.l(PG:5)
06-22 21:40:26.326 26890 27817 W kdk     : 	at com.android.email.service.ImapService.a(PG:41)
06-22 21:40:26.326 26890 27817 W kdk     : 	at goo.f(PG:23)
06-22 21:40:26.326 26890 27817 W kdk     : 	at goo.b(PG:21)
06-22 21:40:26.326 26890 27817 W kdk     : 	at qqc.b(PG:3)
06-22 21:40:26.326 26890 27817 W kdk     : 	at gnv.d(PG:8)
06-22 21:40:26.326 26890 27817 W kdk     : 	at gvi.onPerformSync(PG:2)
06-22 21:40:26.326 26890 27817 W kdk     : 	at gnv.onPerformSync(PG:2)
06-22 21:40:26.326 26890 27817 W kdk     : 	at android.content.AbstractThreadedSyncAdapter$SyncThread.run(AbstractThreadedSyncAdapter.java:354)
06-22 21:40:26.330  1322  1322 D AOC     : A3:MSG: window_orientation.c, 697: [WO] Proposed rotation: 4, flat angle threshold: 65
06-22 21:40:26.333  1322  1322 D AOC     : A3:MSG: window_orientation.c, 1105: [WO] orientation angle 339, orientation 4
06-22 21:40:26.333  1322  1322 D AOC     : A3:MSG: window_orientation.c, 430: [WO] Gyro angle integrated: 4.627246
06-22 21:40:26.333  1322  1322 D AOC     : A3:MSG: window_orientation.c, 430: [WO] Gyro angle integrated: 4.627246
06-22 21:40:26.333  1322  1322 D AOC     : A3:MSG: window_orientation.c, 529: [WO] Rejected by swing_time. Last detected 293 ms ago.
06-22 21:40:26.353  1323  1498 I CHRE    : @ 335095.338: [AR] inconsistent: 41.176471
06-22 21:40:26.353  1323  1498 D CHRE    : @ 335095.340: [ActivityPlatform] type 6, confidence 41
06-22 21:40:26.394 26890 27817 D TrafficStats: tagSocket(163) with statsTag=0x1, statsUid=-1
06-22 21:40:26.427 26890 27817 W DynamiteModule: Local module descriptor class for com.google.android.gms.providerinstaller.dynamite not found.
06-22 21:40:26.438 26504 24113 W ProviderHelper: Unknown dynamite feature providerinstaller.dynamite
06-22 21:40:26.441 26890 27817 W ProviderInstaller: Failed to load providerinstaller module: No acceptable module com.google.android.gms.providerinstaller.dynamite found. Local version is 0 and remote version is 0.
06-22 21:40:26.443 26890 27817 W Conscrypt: Could not set socket write timeout: java.net.SocketException: Socket closed
06-22 21:40:26.444 26890 27817 W Conscrypt: 	at com.google.android.gms.org.conscrypt.Platform.setSocketWriteTimeout(:com.google.android.gms@232216044@23.22.16 (190400-540586286):2)
06-22 21:40:26.444 26890 27817 W Conscrypt: 	at com.google.android.gms.org.conscrypt.ConscryptFileDescriptorSocket.setSoWriteTimeout(:com.google.android.gms@232216044@23.22.16 (190400-540586286):0)
06-22 21:40:26.498  1904  1914 I native  : I0000 00:00:1687466426.498587    1914 tf_lite_classifier.cc:383] Event stream classified as kNone
06-22 21:40:26.540 26890 27817 W Conscrypt: Could not set socket write timeout: java.net.SocketException: Socket closed
06-22 21:40:26.540 26890 27817 W Conscrypt: 	at com.google.android.gms.org.conscrypt.Platform.setSocketWriteTimeout(:com.google.android.gms@232216044@23.22.16 (190400-540586286):2)
06-22 21:40:26.540 26890 27817 W Conscrypt: 	at com.google.android.gms.org.conscrypt.ConscryptFileDescriptorSocket.setSoWriteTimeout(:com.google.android.gms@232216044@23.22.16 (190400-540586286):0)
06-22 21:40:26.629 27459 27547 D UE      : [GameActivity] --- memstats:
06-22 21:40:26.632 27459 27547 D UE      : [GameActivity] memstat: Used memory: 170783
06-22 21:40:26.632 27459 27547 D UE      : [GameActivity] memstat: VmSize:	17011588 kB
06-22 21:40:26.632 27459 27547 D UE      : [GameActivity] memstat: VmHWM:	  831116 kB
06-22 21:40:26.632 27459 27547 D UE      : [GameActivity] memstat: VmRSS:	  711576 kB
06-22 21:40:26.632 27459 27547 D UE      : [GameActivity] memstat: VmData:	 1609228 kB
06-22 21:40:26.632 27459 27547 D UE      : [GameActivity] memstat: VmSwap:	   17632 kB
06-22 21:40:26.725  1904  1914 I native  : I0000 00:00:1687466426.724899    1914 tf_lite_classifier.cc:383] Event stream classified as kNone
06-22 21:40:26.913  1904  1914 I native  : I0000 00:00:1687466426.913768    1914 tf_lite_classifier.cc:383] Event stream classified as kNone
06-22 21:40:27.038  1904  1914 I native  : I0000 00:00:1687466427.038436    1914 tf_lite_classifier.cc:383] Event stream classified as kNone
06-22 21:40:27.113  1904  1914 I native  : I0000 00:00:1687466427.112985    1914 tf_lite_classifier.cc:383] Event stream classified as kNone
06-22 21:40:27.234  1904  1914 I native  : I0000 00:00:1687466427.233892    1914 tf_lite_classifier.cc:383] Event stream classified as kNone
06-22 21:40:27.336  1904  1914 I native  : I0000 00:00:1687466427.335857    1914 tf_lite_classifier.cc:383] Event stream classified as kNone
06-22 21:40:27.349  1519  1519 I JobServiceContext: Letting be7bdb7 #u0a299/572 ee.mtakso.client/androidx.work.impl.background.systemjob.SystemJobService continue to run past min execution time
06-22 21:40:27.350  1519  1519 I JobServiceContext: Letting be7bdb7 #u0a299/572 ee.mtakso.client/androidx.work.impl.background.systemjob.SystemJobService continue to run past min execution time
06-22 21:40:27.439  1904  1914 I native  : I0000 00:00:1687466427.439464    1914 tf_lite_classifier.cc:383] Event stream classified as kNone
06-22 21:40:27.519  1904  1914 I native  : I0000 00:00:1687466427.519071    1914 tf_lite_classifier.cc:383] Event stream classified as kNone
06-22 21:40:27.617  1904  1914 I native  : I0000 00:00:1687466427.616863    1914 tf_lite_classifier.cc:383] Event stream classified as kNone
06-22 21:40:27.852  1904  1914 I native  : I0000 00:00:1687466427.852406    1914 tf_lite_classifier.cc:383] Event stream classified as kNone
06-22 21:40:28.027  1904  1914 I native  : I0000 00:00:1687466428.027713    1914 tf_lite_classifier.cc:383] Event stream classified as kNone
06-22 21:40:28.124  1904  1914 I native  : I0000 00:00:1687466428.124359    1914 tf_lite_classifier.cc:383] Event stream classified as kNone
06-22 21:40:28.238  1904  1914 I native  : I0000 00:00:1687466428.238094    1914 tf_lite_classifier.cc:383] Event stream classified as kNone
06-22 21:40:28.330  1904  1914 I native  : I0000 00:00:1687466428.330316    1914 tf_lite_classifier.cc:383] Event stream classified as kNone
06-22 21:40:28.357  1322  1322 D AOC     : A3:MSG: window_orientation.c, 697: [WO] Proposed rotation: 4, flat angle threshold: 65
06-22 21:40:28.357  1322  1322 D AOC     : A3:MSG: window_orientation.c, 1105: [WO] orientation angle 337, orientation 4
06-22 21:40:28.357  1322  1322 D AOC     : A3:MSG: window_orientation.c, 430: [WO] Gyro angle integrated: 8.960453
06-22 21:40:28.357  1322  1322 D AOC     : A3:MSG: window_orientation.c, 430: [WO] Gyro angle integrated: 8.960453
06-22 21:40:28.434  1904  1914 I native  : I0000 00:00:1687466428.434553    1914 tf_lite_classifier.cc:383] Event stream classified as kNone
06-22 21:40:28.558  1904  1914 I native  : I0000 00:00:1687466428.558282    1914 tf_lite_classifier.cc:383] Event stream classified as kNone
06-22 21:40:28.682  1904  1914 I native  : I0000 00:00:1687466428.682327    1914 tf_lite_classifier.cc:383] Event stream classified as kNone
06-22 21:40:28.769  1904  1914 I native  : I0000 00:00:1687466428.769125    1914 tf_lite_classifier.cc:383] Event stream classified as kNone
06-22 21:40:28.855  1904  1914 I native  : I0000 00:00:1687466428.855313    1914 tf_lite_classifier.cc:383] Event stream classified as kNone
06-22 21:40:28.957  1904  1914 I native  : I0000 00:00:1687466428.957709    1914 tf_lite_classifier.cc:383] Event stream classified as kNone
06-22 21:40:29.073  1904  1914 I native  : I0000 00:00:1687466429.073295    1914 tf_lite_classifier.cc:383] Event stream classified as kNone
06-22 21:40:29.175  1904  1914 I native  : I0000 00:00:1687466429.175089    1914 tf_lite_classifier.cc:383] Event stream classified as kNone
06-22 21:40:29.191  1134  1134 I WifiHAL : Creating message to get link statistics; iface = 48
06-22 21:40:29.289  1904  1914 I native  : I0000 00:00:1687466429.288897    1914 tf_lite_classifier.cc:383] Event stream classified as kNone
06-22 21:40:29.293  1134  1134 I WifiHAL : In GetLinkStatsCommand::handleResponse
06-22 21:40:29.328  1519  1948 D ConnectivityService: NetReassign [no changes] [c 0] [a 1] [i 3]
06-22 21:40:29.369  1904  1914 I native  : I0000 00:00:1687466429.369256    1914 tf_lite_classifier.cc:383] Event stream classified as kNone
06-22 21:40:29.549  1323  1498 D CHRE    : @ 335098.536: [ActivityPlatform] type 6, confidence 41
06-22 21:40:29.558  1904  1914 I native  : I0000 00:00:1687466429.558857    1914 tf_lite_classifier.cc:383] Event stream classified as kNone
06-22 21:40:29.639  1322  1322 D AOC     : A3:MSG: significant_motion_detect.c, 109: [SMD] Publishing SMD with activity 0 conf 59.999996 motionConf 81.538462
06-22 21:40:29.639  1322  1322 D AOC     : A3:MSG: vsc_sensor.cc, 68: VSC: [Significant Motion] disable.
06-22 21:40:29.640  1322  1322 D AOC     : A3:MSG: significant_motion_detect.c, 135: [SMD] Deleted SMD instance at 0x400b3070
06-22 21:40:29.640  1322  1322 D AOC     : A3:MSG: vsc_controller.cc, 555: VSC: [Significant Motion] stopSensorEvents: sensor 0x10001
06-22 21:40:29.640  1322  1322 D AOC     : A3:MSG: usf_sensor.cc, 1883: USF: Received reconfig sampling request for LSM6DSR Accelerometer.
06-22 21:40:29.641  1322  1322 D AOC     : A3:MSG: lsm6dsr_device.cc, 755: USF: Lsm6dsrDevice: Sensor 0: Enabled 1, odr_index 3.
06-22 21:40:29.641  1322  1322 D AOC     : A3:MSG: lsm6dsr_fifo.cc, 747: USF: Lsm6dsrFifo: ODR: XL/G/T/TS: 52/52/13/6 WM: 4 Intr: 31.
06-22 21:40:29.642  1322  1322 D AOC     : A3:MSG: lsm6dsr_device.cc, 663: USF: Lsm6dsrDevice: Fifo was disabled for 542480ns.
06-22 21:40:29.645  1519  1519 W AlarmManager: Unrecognized alarm listener com.android.server.DeviceIdleController$$ExternalSyntheticLambda3@a1cd8d4
06-22 21:40:29.663  1103  1111 D ContextHubHal: Got message from nanoapp: ID 0x476f6f676c00100b
06-22 21:40:29.664  1103  1111 D ContextHubHal: Got message from nanoapp: ID 0x476f6f676c00100b
06-22 21:40:29.664  1323  1498 D CHRE    : @ 335098.650: Parsed nanoapp message from host: app ID 0x476f6f676c00100b endpoint 0x30 msgType 112 payload size 10
06-22 21:40:29.664  1323  1498 I CHRE    : @ 335098.650: [NanoMinion] received MSG Type 0x70, Version 1, 6 bytes
06-22 21:40:29.664  1323  1498 I CHRE    : @ 335098.650: [AR] request.query
06-22 21:40:29.664  1323  1498 I CHRE    : @ 335098.650: [NanoMinion] sent MSG Type 0x71, Version 0, 18 bytes, MessageId 71
06-22 21:40:29.664  1323  1498 I CHRE    : @ 335098.650: [AR] send response=0
06-22 21:40:29.664  1323  1498 D CHRE    : @ 335098.651: Parsed nanoapp message from host: app ID 0x476f6f676c00100b endpoint 0x30 msgType 112 payload size 10
06-22 21:40:29.664  1323  1498 I CHRE    : @ 335098.651: [NanoMinion] received MSG Type 0x70, Version 1, 6 bytes
06-22 21:40:29.664  1323  1498 I CHRE    : @ 335098.651: [AR] request.flush
06-22 21:40:29.664  1323  1498 I CHRE    : @ 335098.651: [AR] send to host, reason=3, sampleSize=59, transitionSize=0, lastAccelTime = 335131608, lastAudioTime = 0 
06-22 21:40:29.664  1323  1498 I CHRE    : @ 335098.652: [NanoMinion] sent MSG Type 0x72, Version 0, 913 bytes, MessageId 72
06-22 21:40:29.674  1120  1120 D usf_sensor_hal: accelerometer: Enter Batch. period = 20000000, latency = 0.
06-22 21:40:29.675  1322  1322 D AOC     : A3:MSG: usf_sensor.cc, 1883: USF: Received reconfig sampling request for LSM6DSR Accelerometer.
06-22 21:40:29.676  1322  1322 D AOC     : A3:MSG: lsm6dsr_device.cc, 755: USF: Lsm6dsrDevice: Sensor 0: Enabled 1, odr_index 3.
06-22 21:40:29.676  1322  1322 D AOC     : A3:MSG: lsm6dsr_fifo.cc, 747: USF: Lsm6dsrFifo: ODR: XL/G/T/TS: 52/52/13/6 WM: 2 Intr: 52.
06-22 21:40:29.676  1322  1322 D AOC     : A3:MSG: lsm6dsr_device.cc, 663: USF: Lsm6dsrDevice: Fifo was disabled for 625976ns.
06-22 21:40:29.677  1120  1120 D usf_sensor_hal: IMU temperature: Enter Batch. period = 615385000, latency = 0.
06-22 21:40:29.679  1322  1322 D AOC     : A3:MSG: usf_sensor.cc, 1883: USF: Received reconfig sampling request for LSM6DSR Temperature.
06-22 21:40:29.680  1322  1322 D AOC     : A3:MSG: lsm6dsr_device.cc, 755: USF: Lsm6dsrDevice: Sensor 2: Enabled 1, odr_index 1.
06-22 21:40:29.680  1322  1322 D AOC     : A3:MSG: lsm6dsr_fifo.cc, 747: USF: Lsm6dsrFifo: ODR: XL/G/T/TS: 52/52/13/6 WM: 2 Intr: 52.
06-22 21:40:29.680  1322  1322 D AOC     : A3:MSG: lsm6dsr_device.cc, 663: USF: Lsm6dsrDevice: Fifo was disabled for 550781ns.
06-22 21:40:29.681  1120  1120 D usf_sensor_hal: accelerometer: Enter Flush
06-22 21:40:29.686  1323  1498 D CHRE    : @ 335098.673: Nanoapp list request from client ID 1
06-22 21:40:29.708  1323  1498 D CHRE    : @ 335098.694: [ActivityPlatform] type 6, confidence 41
06-22 21:40:29.708  1103  1111 D ContextHubHal: Got nanoapp list response with 16 apps
06-22 21:40:29.712  1323  1498 D CHRE    : @ 335098.700: Nanoapp list request from client ID 1
06-22 21:40:29.713  1103  1111 D ContextHubHal: Got nanoapp list response with 16 apps
06-22 21:40:29.723  1519  8230 W AppOps  : Noting op not finished: uid 10148 pkg com.google.android.gms code 113 startTime of in progress event=1687464142739
06-22 21:40:29.732  1519  8230 W AppOps  : Noting op not finished: uid 10148 pkg com.google.android.gms code 113 startTime of in progress event=1687464142739
06-22 21:40:29.746  1519  8230 W AppOps  : Noting op not finished: uid 10292 pkg com.rewardyourworld.rewardyourworld code 79 startTime of in progress event=1687464475566
06-22 21:40:29.751  1519  8230 W ActivityManager: Background started FGS: Disallowed [callingPackage: com.rewardyourworld.rewardyourworld; callingUid: 10292; uidState: NONE; intent: Intent { cmp=com.rewardyourworld.rewardyourworld/com.transistorsoft.locationmanager.service.ActivityRecognitionService (has extras) }; code:DENIED; tempAllowListReason:<null>; targetSdkVersion:32; callerTargetSdkVersion:32; startForegroundCount:0; bindFromPackage:null]
06-22 21:40:29.752  1519  8230 W ActivityManager: startForegroundService() not allowed due to mAllowStartForeground false: service com.rewardyourworld.rewardyourworld/com.transistorsoft.locationmanager.service.ActivityRecognitionService
06-22 21:40:29.754  1519  8230 W ActivityManager: Unable to send startService intent
06-22 21:40:29.754  1519  8230 W ActivityManager: android.app.ForegroundServiceStartNotAllowedException: startForegroundService() not allowed due to mAllowStartForeground false: service com.rewardyourworld.rewardyourworld/com.transistorsoft.locationmanager.service.ActivityRecognitionService
06-22 21:40:29.754  1519  8230 W ActivityManager: 	at com.android.server.am.ActiveServices.startServiceLocked(ActiveServices.java:761)
06-22 21:40:29.754  1519  8230 W ActivityManager: 	at com.android.server.am.ActivityManagerService$LocalService.startServiceInPackage(ActivityManagerService.java:17033)
06-22 21:40:29.754  1519  8230 W ActivityManager: 	at com.android.server.am.PendingIntentRecord.sendInner(PendingIntentRecord.java:546)
06-22 21:40:29.754  1519  8230 W ActivityManager: 	at com.android.server.am.PendingIntentRecord.sendWithResult(PendingIntentRecord.java:311)
06-22 21:40:29.754  1519  8230 W ActivityManager: 	at com.android.server.am.ActivityManagerService.sendIntentSender(ActivityManagerService.java:5380)
06-22 21:40:29.754  1519  8230 W ActivityManager: 	at android.app.IActivityManager$Stub.onTransact(IActivityManager.java:4402)
06-22 21:40:29.754  1519  8230 W ActivityManager: 	at com.android.server.am.ActivityManagerService.onTransact(ActivityManagerService.java:2628)
06-22 21:40:29.754  1519  8230 W ActivityManager: 	at android.os.Binder.execTransactInternal(Binder.java:1280)
06-22 21:40:29.754  1519  8230 W ActivityManager: 	at android.os.Binder.execTransact(Binder.java:1244)
06-22 21:40:29.755  1519  8224 W AppOps  : Noting op not finished: uid 10148 pkg com.google.android.gms code 113 startTime of in progress event=1687464142739
06-22 21:40:29.764  1323  1498 D CHRE    : @ 335098.752: Nanoapp list request from client ID 1
