06-22 21:40:33.187  2266  3157 I SHANNON_IMS: 4928 [PROX] onReceive: intent= [Intent { act=android.net.wifi.STATE_CHANGE flg=0x4000010 (has extras) }] (ConnectivityBroadcastReceiver%onReceive:108)
06-22 21:40:33.195  2266  3156 I SHANNON_IMS: 4929 [PROX] networkInfo: wifiNetworkStatus:CONNECTED, extraInfo:null, networkInfo[type: WIFI[], state: CONNECTED/CONNECTED, reason: (unspecified), extra: (none), failover: false, available: false, roaming: false] [SLID:0 APM:false] (ImsConnectivityProxyListener%onBroadcastWiFiNetworkStateChangeEvent:344)
06-22 21:40:33.198  1519  1948 E ConnectivityService: BUG: NetworkAgentInfo{network{355}  handle{1528119087117}  ni{WIFI CONNECTED extra: } created=2023-06-22T20:35:08.892Z Score(Policies : TRANSPORT_PRIMARY&EVER_EVALUATED&IS_UNMETERED ; KeepConnected : 0)  created 334811604 firstCaptivePortalDetected 334812314 currentCaptivePortalDetected 334812314  lp{{InterfaceName: wlan1 LinkAddresses: [ fe80::c4f4:b4ff:fe6f:d89/64,10.135.57.47/16 ] DnsAddresses: [ /194.81.18.136,/194.81.18.202 ] Domains: null MTU: 0 ServerAddress: /1.1.1.1 TcpBufferSizes: 524288,2097152,8388608,262144,524288,4194304 Routes: [ fe80::/64 -> :: wlan1 mtu 0,10.135.0.0/16 -> 0.0.0.0 wlan1 mtu 0,0.0.0.0/0 -> 10.135.0.1 wlan1 mtu 0 ]}}  nc{[ Transports: WIFI Capabilities: NOT_METERED&INTERNET&NOT_RESTRICTED&TRUSTED&NOT_VPN&CAPTIVE_PORTAL&NOT_ROAMING&FOREGROUND&NOT_CONGESTED&NOT_SUSPENDED&NOT_VCN_MANAGED LinkUpBandwidth>=12000Kbps LinkDnBandwidth>=30000Kbps Specifier: <WifiNetworkAgentSpecifier [WifiConfiguration=, SSID="UoN_Guest", BSSID=00:a7:42:ea:0c:82, band=1, mMatchLocalOnlySpecifiers=false]> TransportInfo: <SSID: "UoN_Guest", BSSID: 00:00:00:00:00:00, MAC: c6:f4:b4:6f:0d:89, IP: /10.135.57.47, Security type: 0, Supplicant state: ASSOCIATED, Wi-Fi standard: 5, RSSI: -64, Link speed: 130Mbps, Tx Link speed: 130Mbps, Max Supported Tx Link speed: 192Mbps, Rx Link speed: 144Mbps, Max Supported Rx Link speed: 192Mbps, Frequency: 2462MHz, Net ID: 53, Metered hint: false, score: 60, isUsable: true, CarrierMerged: false, SubscriptionId: -1, IsPrimary: 1, Trusted: true, Restricted: false, Ephemeral: false, OEM paid: false, OEM private: false, OSU AP: false, FQDN: <none>, Provider friendly name: <none>, Requesting package name: <none>"UoN_Guest"openMLO Information: , AP MLD Address: <none>, AP MLO Link Id: <none>, AP MLO Affiliated links: <none>> SignalStrength: -64 OwnerUid: 10137 AdminUids: [10137] SSID: "UoN_Guest" UnderlyingNetworks: Null]}  factorySerialNumber=7} lost immutable capabilities:specifier changed: WifiNetworkAgentSpecifier [WifiConfiguration=, SSID="UoN_Guest", BSSID=00:a7:42:ea:0c:82, band=1, mMatchLocalOnlySpecifiers=false] -> WifiNetworkAgentSpecifier [WifiConfiguration=, SSID="UoN_Guest", BSSID=00:a7:42:e9:98:6d, band=2, mMatchLocalOnlySpecifiers=false]
06-22 21:40:33.200  2266  3190 I SHANNON_IMS: 4930 [PROX] networkInfo: wifiNetworkStatus:CONNECTED, extraInfo:null, networkInfo[type: WIFI[], state: CONNECTED/CONNECTED, reason: (unspecified), extra: (none), failover: false, available: false, roaming: false] [SLID:1 APM:false] (ImsConnectivityProxyListener%onBroadcastWiFiNetworkStateChangeEvent:344)
06-22 21:40:33.202  1075  1075 I libgps  : [proxy__gnss_visibility_control_is_in_emergency_session_cb] = 0
06-22 21:40:33.202  1242  1242 D gpsd    : WakeLock(Acquire,GPSD)
06-22 21:40:33.202  1075  1075 D GnssAidl: Gnss::start
06-22 21:40:33.204  1519  1948 D ConnectivityService: NetReassign [no changes] [c 1] [a 0] [i 2]
06-22 21:40:33.204  1120  1120 D usf_sensor_hal: pressure: Enter Batch. period = 100000000, latency = 0.
06-22 21:40:33.205  1120  1120 D usf_sensor_hal: pressure: Enter Activate. Enable = 1.
06-22 21:40:33.205  2266  3190 W SHANNON_IMS: 4931 [RULE] WiFi is supported, but IWLAN is not in allowed rat list. [WiFiConnectivity  STATE:trueSLID:1 ] (WiFiConnectivity%isServiceSupported:324)
06-22 21:40:33.205  1075  1075 D GnssAidl: Gnss::injectTime
06-22 21:40:33.207  1322  1322 D AOC     : A3:MSG: usf_sensor.cc, 1368: USF: Received start sampling request for ICP10101 Pressure Sensor.
06-22 21:40:33.207  1322  1322 D AOC     : A3:MSG: icp10101_device.cc, 160: USF: ICP10101: Barometer stops sampling.
06-22 21:40:33.207  1322  1322 D AOC     : A3:MSG: icp10101_device.cc, 146: USF: ICP10101: Barometer starts sampling: period_ns = 40000000, max_latency_ns = 0.
06-22 21:40:33.209 26504 26889 I NearbyDiscovery: (REDACTED) FastPairHandler: Received action %s
06-22 21:40:33.214  1242  1242 D gpsd    : WakeLock(Acquire,SUPL)
06-22 21:40:33.217  1242  1242 I LibSITRil-Gps: RequestAGPS: msgId=201 data=0x7fe75d54d4 data_len=2 callback=0x5c8dad966c
06-22 21:40:33.218 26504 26737 W inertial-anchor: Triggering reinit due to mag declination change
06-22 21:40:33.218  1242  1242 D RILClient: [OemClient]REQ (clientId = 1, t = 96, msgId = 201, len = 2 channel = 0)
06-22 21:40:33.219  1323  1498 D CHRE    : @ 335102.205: Parsed nanoapp message from host: app ID 0x476f6f676c001013 endpoint 0x31 msgType 1 payload size 20
06-22 21:40:33.219  1323  1498 I CHRE    : @ 335102.205: [NanoMinion] received MSG Type 0x1, Version 0, 16 bytes
06-22 21:40:33.219  1323  1498 I CHRE    : @ 335102.205: [BluePixel] *** Receiving StartDelivery request ***
06-22 21:40:33.219  1323  1498 I CHRE    : @ 335102.205: [BluePixel] FLP mode 3, FOP enabled 0
06-22 21:40:33.220 26504 26737 W Looper  : Looper already prepared for this thread with a different value for the LOOPER_PREPARE_ALLOW_NON_CALLBACKS option.
06-22 21:40:33.221 26504 24113 I ChimeraSrvcProxy: NullBinder for android.net.action.RECOMMEND_NETWORKS triggering remote TransactionTooLargeException due to Service without Chimera impl
06-22 21:40:33.221 26504 24113 W .gms.persistent: Large reply transaction of 1056768 bytes, interface descriptor , code 1
06-22 21:40:33.222  1120  1120 D usf_sensor_hal: accelerometer: Enter Flush
06-22 21:40:33.223  1120  1120 D usf_sensor_hal: accelerometer: Enter Batch. period = 10000000, latency = 0.
06-22 21:40:33.224  1322  1322 D AOC     : A3:MSG: usf_sensor.cc, 1883: USF: Received reconfig sampling request for LSM6DSR Accelerometer.
06-22 21:40:33.224  1322  1322 D AOC     : A3:MSG: lsm6dsr_device.cc, 755: USF: Lsm6dsrDevice: Sensor 0: Enabled 1, odr_index 4.
06-22 21:40:33.224  1322  1322 D AOC     : A3:MSG: lsm6dsr_fifo.cc, 747: USF: Lsm6dsrFifo: ODR: XL/G/T/TS: 104/52/13/13 WM: 1 Intr: 104.
06-22 21:40:33.224  1322  1322 D AOC     : A3:MSG: lsm6dsr_device.cc, 663: USF: Lsm6dsrDevice: Fifo was disabled for 653809ns.
06-22 21:40:33.225  1120  1120 D usf_sensor_hal: IMU temperature: Enter Batch. period = 615385000, latency = 0.
06-22 21:40:33.226  1120  1120 D usf_sensor_hal: magnetometer: Enter Batch. period = 200000000, latency = 0.
06-22 21:40:33.226  1904  1914 I native  : I0000 00:00:1687466433.226627    1914 tf_lite_classifier.cc:383] Event stream classified as kNone
06-22 21:40:33.226  1075  2065 D GnssPsdsAidl: downloadRequestCb_3_0: psdsType(2)
06-22 21:40:33.227  1244  1244 D scd     : ScdSuplConnection::RequestConnection(supl.google.com:7275 m_bConnected:0 IsArmed():0
06-22 21:40:33.228  1120  1120 D usf_sensor_hal: magnetometer: Enter Activate. Enable = 1.
06-22 21:40:33.229  1519  8235 D GnssPsdsCbJni: downloadRequestCb. psdsType: 2
06-22 21:40:33.230  1322  1322 D AOC     : A3:MSG: usf_sensor.cc, 1368: USF: Received start sampling request for MMC56X3X Magnetometer.
06-22 21:40:33.230  1322  1322 D AOC     : A3:MSG: mmc56x3x_device.cc, 409: USF: MMC56X3X0: mmc56x3x_enable_measure odr = 50.
06-22 21:40:33.230  1519  1726 I GnssLocationProvider: WakeLock acquired by handleDownloadPsdsData()
06-22 21:40:33.231  1120  1120 D usf_sensor_hal: magnetometer: Enter Batch. period = 20000000, latency = 0.
06-22 21:40:33.233  2266  3190 W SHANNON_IMS: 4932 [SIM#] Invalid slot id : 1 (SubscriptionWrapper%getSubId:46)
06-22 21:40:33.234  1322  1322 D AOC     : A3:MSG: usf_sensor.cc, 1883: USF: Received reconfig sampling request for MMC56X3X Magnetometer.
06-22 21:40:33.234  1519  8235 W AlarmManager: Alarms must either supply a PendingIntent or an AlarmReceiver
06-22 21:40:33.235  1075  1075 D GnssAidl: Gnss::injectTime
06-22 21:40:33.236  1120  1120 D usf_sensor_hal: gyroscope: Enter Batch. period = 200000000, latency = 0.
06-22 21:40:33.236  1120  1120 D usf_sensor_hal: IMU temperature: Enter Batch. period = 615385000, latency = 0.
06-22 21:40:33.236  1120  1120 D usf_sensor_hal: gyroscope: Enter Activate. Enable = 1.
06-22 21:40:33.236  1242  1299 D RILClient: [OemClient]RSP: (clientId = 1, t = 96, msgId = 201, len = 158, channel = 0, status = 0)
06-22 21:40:33.236  1322  1322 D AOC     : A3:MSG: usf_sensor.cc, 1368: USF: Received start sampling request for LSM6DSR Gyroscope.
06-22 21:40:33.237  1322  1322 D AOC     : A3:MSG: lsm6dsr_device.cc, 755: USF: Lsm6dsrDevice: Sensor 1: Enabled 1, odr_index 3.
06-22 21:40:33.238  1322  1322 D AOC     : A3:MSG: lsm6dsr_fifo.cc, 747: USF: Lsm6dsrFifo: ODR: XL/G/T/TS: 104/52/13/13 WM: 1 Intr: 104.
06-22 21:40:33.238  1322  1322 D AOC     : A3:MSG: lsm6dsr_device.cc, 663: USF: Lsm6dsrDevice: Fifo was disabled for 558838ns.
06-22 21:40:33.239  1120  1120 D usf_sensor_hal: gyroscope: Enter Batch. period = 10000000, latency = 0.
06-22 21:40:33.239  1322  1322 D AOC     : A3:MSG: usf_sensor.cc, 1883: USF: Received reconfig sampling request for LSM6DSR Gyroscope.
06-22 21:40:33.240  1322  1322 D AOC     : A3:MSG: lsm6dsr_device.cc, 755: USF: Lsm6dsrDevice: Sensor 1: Enabled 1, odr_index 4.
06-22 21:40:33.240  1322  1322 D AOC     : A3:MSG: lsm6dsr_fifo.cc, 747: USF: Lsm6dsrFifo: ODR: XL/G/T/TS: 104/104/13/13 WM: 2 Intr: 104.
06-22 21:40:33.241  1322  1322 D AOC     : A3:MSG: lsm6dsr_device.cc, 663: USF: Lsm6dsrDevice: Fifo was disabled for 806640ns.
06-22 21:40:33.241  1120  1120 D usf_sensor_hal: IMU temperature: Enter Batch. period = 615385000, latency = 0.
06-22 21:40:33.242  1120  1120 D usf_sensor_hal: magnetometer: Enter Batch. period = 200000000, latency = 0.
06-22 21:40:33.242  1120  1120 D usf_sensor_hal: magnetometer: Enter Activate. Enable = 1.
06-22 21:40:33.242  2555  2578 D IwlanEventListener: Cellinfo changed
06-22 21:40:33.242  2555  2578 D IwlanEventListener[0]: Updating handlers for the event: 11
06-22 21:40:33.242  2555  2579 D IwlanEventListener: Cellinfo changed
06-22 21:40:33.243  2555  2579 D IwlanEventListener[0]: Updating handlers for the event: 11
06-22 21:40:33.243  2555  2624 D IwlanDataServiceHandler: msg.what = CELLINFO_CHANGED_EVENT
06-22 21:40:33.243  2555  2624 D IwlanDataService:  Update cached cellinfo
06-22 21:40:33.243  1322  1322 D AOC     : A3:MSG: usf_sensor.cc, 1368: USF: Received start sampling request for MMC56X3X Magnetometer.
06-22 21:40:33.244  1242  1242 I LibSITRil-Gps: RequestAGPS: msgId=201 data=0x7fe75d90d4 data_len=2 callback=0x5c8dad966c
06-22 21:40:33.244  1519  8235 D AGnssRilCbJni: requestSetIdCb. setIdflag: 1, 
06-22 21:40:33.244 27930 27974 D TSLocationManager: [c.t.l.l.TSSQLiteAppender$c run] 
06-22 21:40:33.244 27930 27974 D TSLocationManager:     Cleared logs older than 24 hours
06-22 21:40:33.244 26504 26539 I ChimeraSrvcProxy: NullBinder for android.net.action.RECOMMEND_NETWORKS triggering remote TransactionTooLargeException due to Service without Chimera impl
06-22 21:40:33.244 26504 26539 W .gms.persistent: Large reply transaction of 1056768 bytes, interface descriptor , code 1
06-22 21:40:33.246  2555  2624 D IwlanDataServiceHandler: msg.what = CELLINFO_CHANGED_EVENT
06-22 21:40:33.246  2555  2624 D IwlanDataService:  Update cached cellinfo
06-22 21:40:33.246  1120  1120 D usf_sensor_hal: magnetometer: Enter Batch. period = 20000000, latency = 0.
06-22 21:40:33.247  1322  1322 D AOC     : A3:MSG: usf_sensor.cc, 1883: USF: Received reconfig sampling request for MMC56X3X Magnetometer.
06-22 21:40:33.249  1242  1242 D RILClient: [OemClient]REQ (clientId = 1, t = 97, msgId = 201, len = 2 channel = 0)
06-22 21:40:33.253  1103  1111 D ContextHubHal: Got message from nanoapp: ID 0x476f6f676c001013
06-22 21:40:33.253  1103  1111 D ContextHubHal: Got message from nanoapp: ID 0x476f6f676c001013
06-22 21:40:33.253  1322  1322 D AOC     : A3:MSG: usf_sensor.cc, 1883: USF: Received reconfig sampling request for LSM6DSR Accelerometer.
06-22 21:40:33.255  1323  1498 D CHRE    : @ 335102.241: [BluePixel] Controller flush completed
06-22 21:40:33.255  1323  1498 I CHRE    : @ 335102.241: [NanoMinion] sent MSG Type 0x3, Version 0, 16 bytes, MessageId 100
06-22 21:40:33.255  1323  1498 I CHRE    : @ 335102.241: [NanoMinion] sent MSG Type 0x2, Version 0, 8 bytes, MessageId 101
06-22 21:40:33.255  1322  1322 D AOC     : A3:MSG: usf_sensor.cc, 1883: USF: Received reconfig sampling request for LSM6DSR Gyroscope.
06-22 21:40:33.256  1322  1322 D AOC     : A3:MSG: usf_sensor.cc, 1883: USF: Received reconfig sampling request for MMC56X3X Magnetometer.
06-22 21:40:33.256  1322  1322 D AOC     : A3:MSG: usf_sensor.cc, 1883: USF: Received reconfig sampling request for LSM6DSR Accelerometer.
06-22 21:40:33.258  1323  1498 D CHRE    : @ 335102.246: Nanoapp list request from client ID 1
06-22 21:40:33.259  1103  1111 D ContextHubHal: Got nanoapp list response with 16 apps
06-22 21:40:33.264  2266  3190 W SHANNON_IMS: 4941 [SIM#] Invalid slot id : 1 (SubscriptionWrapper%getSubId:46)
06-22 21:40:33.264  1242  1299 D RILClient: [OemClient]RSP: (clientId = 1, t = 97, msgId = 201, len = 158, channel = 0, status = 0)
06-22 21:40:33.268  2266  3190 W SHANNON_IMS: 4944 [SIM#] Invalid slot id : 1 (SubscriptionWrapper%getSubId:46)
06-22 21:40:33.270  1323  1498 D CHRE    : @ 335102.257: Parsed nanoapp message from host: app ID 0x476f6f676c001013 endpoint 0x31 msgType 1 payload size 30
06-22 21:40:33.270  1323  1498 I CHRE    : @ 335102.257: [NanoMinion] received MSG Type 0x1, Version 0, 26 bytes
06-22 21:40:33.270  2266  3190 W SHANNON_IMS: 4948 [SIM#] Invalid slot id : 1 (SubscriptionWrapper%getSubId:46)
06-22 21:40:33.271  1103  1111 D ContextHubHal: Got message from nanoapp: ID 0x476f6f676c001013
06-22 21:40:33.271  1323  1498 I CHRE    : @ 335102.258: [BluePixel] *** Receiving Config request ***
06-22 21:40:33.271  1323  1498 I CHRE    : @ 335102.259: [BluePixel] GNSS config: enable 1, interval/timeout/retry 8000/15000/30000 ms, min C/N0 27.000001 dbhz, min meas 4
06-22 21:40:33.271  1323  1498 I CHRE    : @ 335102.259: [BluePixel] WiFi config: enable 1, interval/max_age 7500/3750 ms
06-22 21:40:33.271  1323  1498 I CHRE    : @ 335102.259: [NanoMinion] sent MSG Type 0x2, Version 0, 8 bytes, MessageId 102
06-22 21:40:33.274  1322  1322 D AOC     : A3:MSG: usf_sensor.cc, 1883: USF: Received reconfig sampling request for LSM6DSR Accelerometer.
06-22 21:40:33.275  1322  1322 D AOC     : A3:MSG: usf_sensor.cc, 1883: USF: Received reconfig sampling request for LSM6DSR Gyroscope.
06-22 21:40:33.276  1323  1498 D CHRE    : @ 335102.262: Parsed nanoapp message from host: app ID 0x476f6f676c001013 endpoint 0x31 msgType 1 payload size 16
06-22 21:40:33.276  1323  1498 I CHRE    : @ 335102.262: [NanoMinion] received MSG Type 0x1, Version 0, 12 bytes
06-22 21:40:33.276  1323  1498 I CHRE    : @ 335102.262: [BluePixel] *** Receiving StopDelivery request ***
06-22 21:40:33.276  1322  1322 D AOC     : A3:MSG: usf_sensor.cc, 1883: USF: Received reconfig sampling request for MMC56X3X Magnetometer.
06-22 21:40:33.276  1322  1322 D AOC     : A3:MSG: usf_sensor.cc, 1883: USF: Received reconfig sampling request for LSM6DSR Accelerometer.
06-22 21:40:33.277  1103  1111 D ContextHubHal: Got message from nanoapp: ID 0x476f6f676c001013
06-22 21:40:33.277  1323  1498 I CHRE    : @ 335102.265: [NanoMinion] sent MSG Type 0x2, Version 0, 8 bytes, MessageId 103
06-22 21:40:33.286  1519  1745 I DropBoxManagerService: add tag=system_server_wtf isTagEnabled=true flags=0x6
06-22 21:40:33.294  1519 27984 D TrafficStats: tagSocket(525) with statsTag=0xffffff44, statsUid=-1
06-22 21:40:33.315  1792  1807 I pixel-thermal: VIRTUAL-SKIN: 39.5312
06-22 21:40:33.315  1792  1807 I pixel-thermal: VIRTUAL-SKIN power_budget=8703.12 err=3.46875 err_integral=0 s_power=3500 time_elapsed_ms=7014 p=5203.12 i=0 d=-0.000146562 control target=2
06-22 21:40:33.315  1792  1807 I pixel-thermal: VIRTUAL-SKIN's thermal-cpufreq-0 binded power rail S4M_VDD_CPUCL0: power threshold = 200, avg power = 229.41
06-22 21:40:33.315  1792  1807 I pixel-thermal: VIRTUAL-SKIN's thermal-cpufreq-2 binded power rail S2M_VDD_CPUCL2: power threshold = 200, avg power = 265.828
06-22 21:40:33.315  1792  1807 I pixel-thermal: VIRTUAL-SKIN's thermal-cpufreq-1 binded power rail S3M_VDD_CPUCL1: power threshold = 200, avg power = 49.9304
06-22 21:40:33.315  1792  1807 I pixel-thermal: VIRTUAL-SKIN's thermal-gpufreq-0 binded power rail S2S_VDD_G3D: power threshold = 200, avg power = 509.394
06-22 21:40:33.315  1792  1807 I pixel-thermal: VIRTUAL-SKIN-CHARGE: 39.5312
06-22 21:40:33.315  1792  1807 I pixel-thermal: VIRTUAL-SKIN-CHARGE's fcc binded power rail POWER_FOR_CHARGING_THROTTLING: power threshold = 500, avg power = 1424.55
06-22 21:40:33.315  1792  1807 I pixel-thermal: neutral_therm: 37.56
06-22 21:40:33.320  1904  1914 I native  : I0000 00:00:1687466433.320405    1914 tf_lite_classifier.cc:383] Event stream classified as kNone
06-22 21:40:33.351 27930 27930 D TSLocationManager: [c.t.l.service.AbstractService onDestroy] 
06-22 21:40:33.351 27930 27930 D TSLocationManager:     ActivityRecognitionService stopped
06-22 21:40:33.451  1904  1914 I native  : I0000 00:00:1687466433.450969    1914 tf_lite_classifier.cc:383] Event stream classified as kNone
06-22 21:40:33.458  1075  1075 D GnssPsdsAidl: injectPsdsData: psdsType: 2, psdsData: 9644 bytes
06-22 21:40:33.477  1242  1242 I LibSITRil-Gps: RequestAGPS: msgId=201 data=0x7fe75d8f74 data_len=2 callback=0x5c8dad966c
06-22 21:40:33.477  1242  1242 D RILClient: [OemClient]REQ (clientId = 1, t = 98, msgId = 201, len = 2 channel = 0)
06-22 21:40:33.483  1242  1299 D RILClient: [OemClient]RSP: (clientId = 1, t = 98, msgId = 201, len = 158, channel = 0, status = 0)
06-22 21:40:33.483  1242  1242 I LibSITRil-Gps: RequestAGPS: msgId=201 data=0x7fe75d90d4 data_len=2 callback=0x5c8dad966c
06-22 21:40:33.483  1242  1242 D RILClient: [OemClient]REQ (clientId = 1, t = 99, msgId = 201, len = 2 channel = 0)
06-22 21:40:33.487  1242  1299 D RILClient: [OemClient]RSP: (clientId = 1, t = 99, msgId = 201, len = 158, channel = 0, status = 0)
06-22 21:40:33.612  1242  1242 D gpsd    : WakeLock(Release,SUPL)
06-22 21:40:33.634  1904  1914 I native  : I0000 00:00:1687466433.634394    1914 tf_lite_classifier.cc:383] Event stream classified as kNone
06-22 21:40:33.841  1904  1914 I native  : I0000 00:00:1687466433.841734    1914 tf_lite_classifier.cc:383] Event stream classified as kNone
06-22 21:40:33.874  1519  2106 D WifiNl80211Manager: Scan result ready event
06-22 21:40:33.874  1519  2106 D WifiNative: Scan result ready event
06-22 21:40:33.889  1242  1242 D gpsd    : CALL_SENTRY(main()): GlEngine::OnResourceRelease took 250 ms (from 335135698 to 335135948) (logOverhead=0,0,0,0,0,0,0), start: 21:40:33.638
06-22 21:40:33.900  1519  1943 D WificondScannerImpl: Filtering out 129 scan results.
06-22 21:40:33.913  1134  1134 I WifiHAL : Creating message to get link statistics; iface = 48
06-22 21:40:33.922  1323  1498 D CHRE    : @ 335102.905: [WifiPlatform] received scan: 46 APs
06-22 21:40:33.922  1323  1498 D CHRE    : @ 335102.908: [ChreWifiScanner] scan received in 335098 seconds: active: 1134, total: 1780
06-22 21:40:33.932  1904  1914 I native  : I0000 00:00:1687466433.932377    1914 tf_lite_classifier.cc:383] Event stream classified as kNone
06-22 21:40:33.934  1075  1075 D GnssAidl: Gnss::injectLocation
06-22 21:40:33.949  1519  7338 W AppOps  : Noting op not finished: uid 10292 pkg com.rewardyourworld.rewardyourworld code 1 startTime of in progress event=1687466432995
06-22 21:40:33.955  1134  1134 I WifiHAL : In GetLinkStatsCommand::handleResponse
06-22 21:40:33.959  1519  7338 W ActivityManager: Foreground service started from background can not have location/camera/microphone access: service com.rewardyourworld.rewardyourworld/com.transistorsoft.locationmanager.service.LocationRequestService
06-22 21:40:33.960 27930 27930 D TSLocationManager: [c.t.l.service.AbstractService start] 
06-22 21:40:33.960 27930 27930 D TSLocationManager:     LocationRequestService [eventCount: 1]
06-22 21:40:33.961 27930 27964 I TSLocationManager: [c.t.l.s.LocationRequestService handleLocationResult] 
06-22 21:40:33.961 27930 27964 I TSLocationManager: 
06-22 21:40:33.961 27930 27964 I TSLocationManager:  motionchange LocationResult: 1
06-22 21:40:33.961 27930 27964 I TSLocationManager: 
06-22 21:40:33.961 27930 27964 I TSLocationManager:    Location[fused 52.231722,-0.890802 hAcc=14.895 et=+3d21h5m35s919ms alt=114.30000305175781 vAcc=1.0622102], age: 101ms, time: 1687466433860
06-22 21:40:33.964 27930 27964 I TSLocationManager: [c.t.l.l.TSLocationManager onSingleLocationResult] 
06-22 21:40:33.964 27930 27964 I TSLocationManager:     Acquired motionchange position, isMoving: true
06-22 21:40:33.964 27930 27964 D TSLocationManager: [c.t.l.l.TSLocationManager calculateMedianAccuracy] Median accuracy: 14.895
06-22 21:40:33.967  1519  8230 W ActivityManager: Foreground service started from background can not have location/camera/microphone access: service com.rewardyourworld.rewardyourworld/com.transistorsoft.locationmanager.service.LocationRequestService
06-22 21:40:33.968 27930 27930 D TSLocationManager: [c.t.l.service.AbstractService finish]   finish LocationRequestService [eventCount: 0, sticky: false]
06-22 21:40:33.973 27930 27930 D TSLocationManager: [c.t.l.service.AbstractService onDestroy] 
06-22 21:40:33.973 27930 27930 D TSLocationManager:     LocationRequestService stopped
06-22 21:40:33.977  1075  1075 D GnssAidl: Gnss::stop
06-22 21:40:33.977  1120  1120 D usf_sensor_hal: accelerometer: Enter Batch. period = 10000000, latency = 0.
06-22 21:40:33.977  1120  1120 D usf_sensor_hal: IMU temperature: Enter Batch. period = 615385000, latency = 0.
06-22 21:40:33.978  1519  1726 W AlarmManager: Unrecognized alarm listener com.android.server.location.gnss.GnssLocationProvider$$ExternalSyntheticLambda10@9df4e5a
06-22 21:40:33.978  1519  1726 W AlarmManager: Unrecognized alarm listener com.android.server.location.gnss.GnssLocationProvider$$ExternalSyntheticLambda9@18ff88b
06-22 21:40:33.982 27930 27964 I TSLocationManager: [c.t.l.l.TSLocationManager requestLocationUpdates] 
06-22 21:40:33.982 27930 27964 I TSLocationManager:     Location-services: ON
06-22 21:40:33.983 27930 27964 D TSLocationManager: [c.t.l.adapter.TSConfig translateDesiredAccuracy] translateDesiredAccuracy (true): 0
06-22 21:40:33.983 27930 27964 D TSLocationManager: [c.t.l.s.LocationRequestService handleLocationResult] SingleLocationRequest 1 isFinished? true
06-22 21:40:33.983 27930 27964 I TSLocationManager: [c.t.l.s.ActivityRecognitionService start] 
06-22 21:40:33.983 27930 27964 I TSLocationManager:     Start motion-activity updates
06-22 21:40:33.984 27930 27964 D TSLocationManager: [c.t.l.service.AbstractService finish]   finish LocationRequestService [eventCount: 0, sticky: false]
06-22 21:40:33.986 27930 27969 I TSLocationManager: [c.t.l.data.sqlite.b persist] 
06-22 21:40:33.986 27930 27969 I TSLocationManager:     INSERT: b89432d9-84f1-4d1a-9b91-1187eb208d74
06-22 21:40:33.987  1120  1120 D usf_sensor_hal: pressure: Enter Activate. Enable = 0.
06-22 21:40:33.988 27930 27969 I TSLocationManager: [c.t.l.http.HttpService flush] 
06-22 21:40:33.988 27930 27969 I TSLocationManager: 
06-22 21:40:33.988 27930 27969 I TSLocationManager:  HTTP Service (count: 1)
06-22 21:40:33.988 27930 27969 I TSLocationManager: 
06-22 21:40:33.988  1322  1322 D AOC     : A3:MSG: usf_sensor.cc, 1375: USF: Received stop sampling request for ICP10101 Pressure Sensor.
06-22 21:40:33.989  1322  1322 D AOC     : A3:MSG: icp10101_device.cc, 160: USF: ICP10101: Barometer stops sampling.
06-22 21:40:33.989  1322  1322 D AOC     : A3:MSG: icp10101_device.cc, 146: USF: ICP10101: Barometer starts sampling: period_ns = 40000000, max_latency_ns = 10000
06-22 21:40:33.989  1519  8230 I ActivityManager: Background started FGS: Allowed [callingPackage: com.rewardyourworld.rewardyourworld; callingUid: 10292; uidState: FGS ; intent: Intent { cmp=com.rewardyourworld.rewardyourworld/com.transistorsoft.locationmanager.service.BackgroundTaskService (has extras) }; code:PROC_STATE_FGS; tempAllowListReason:<fg-service-launch,reasonCode:SERVICE_LAUNCH,duration:30000,callingUid:10292>; targetSdkVersion:32; callerTargetSdkVersion:32; startForegroundCount:0; bindFromPackage:null]
06-22 21:40:33.993  1120  1120 D usf_sensor_hal: pressure: Enter Batch. period = 100000000, latency = 0.
06-22 21:40:33.993  1120  1120 D usf_sensor_hal: pressure: Enter Activate. Enable = 1.
06-22 21:40:33.993  1519  7338 E AppOps  : Bad call made by uid 10148. Package "com.google.android.gms" does not belong to uid 10292.
06-22 21:40:33.994  1322  1322 D AOC     : A3:MSG: usf_sensor.cc, 1368: USF: Received start sampling request for ICP10101 Pressure Sensor.
06-22 21:40:33.994  1322  1322 D AOC     : A3:MSG: icp10101_device.cc, 160: USF: ICP10101: Barometer stops sampling.
06-22 21:40:33.994  1322  1322 D AOC     : A3:MSG: icp10101_device.cc, 146: USF: ICP10101: Barometer starts sampling: period_ns = 40000000, max_latency_ns = 0.
06-22 21:40:33.994  1519  7338 W ActivityManager: Foreground service started from background can not have location/camera/microphone access: service com.rewardyourworld.rewardyourworld/com.transistorsoft.locationmanager.service.BackgroundTaskService
06-22 21:40:33.997  1519  7335 W AppOps  : Noting op not finished: uid 10292 pkg com.rewardyourworld.rewardyourworld code 1 startTime of in progress event=1687466432995
06-22 21:40:33.997  1519  8235 W ActivityManager: Foreground service started from background can not have location/camera/microphone access: service com.rewardyourworld.rewardyourworld/com.transistorsoft.locationmanager.service.BackgroundTaskService
06-22 21:40:33.997 27930 27930 D TSLocationManager: [c.t.l.service.AbstractService start] 
06-22 21:40:33.997 27930 27930 D TSLocationManager:     BackgroundTaskService [eventCount: 1]
06-22 21:40:33.997 27930 27930 I TSLocationManager: [c.t.l.u.BackgroundTaskManager$Task start]  startBackgroundTask: 1
06-22 21:40:34.003  1120  1120 D usf_sensor_hal: accelerometer: Enter Batch. period = 200000000, latency = 2000000000.
06-22 21:40:34.004 27930 27969 D TSLocationManager: [c.t.l.data.sqlite.b allWithLocking] 
06-22 21:40:34.004 27930 27969 D TSLocationManager:     Locked 1 records
06-22 21:40:34.004 27930 27969 I TSLocationManager: [c.t.l.http.HttpService a] 
06-22 21:40:34.004 27930 27969 I TSLocationManager:     HTTP POST batch (1)
06-22 21:40:34.004  1322  1322 D AOC     : A3:MSG: usf_sensor.cc, 1883: USF: Received reconfig sampling request for LSM6DSR Accelerometer.
06-22 21:40:34.004  1322  1322 D AOC     : A3:MSG: lsm6dsr_device.cc, 755: USF: Lsm6dsrDevice: Sensor 0: Enabled 1, odr_index 3.
06-22 21:40:34.005  1322  1322 D AOC     : A3:MSG: lsm6dsr_fifo.cc, 747: USF: Lsm6dsrFifo: ODR: XL/G/T/TS: 52/104/13/13 WM: 1 Intr: 104.
06-22 21:40:34.006  1322  1322 D AOC     : A3:MSG: lsm6dsr_device.cc, 663: USF: Lsm6dsrDevice: Fifo was disabled for 677978ns.
06-22 21:40:34.006  1120  1120 D usf_sensor_hal: IMU temperature: Enter Batch. period = 615385000, latency = 0.
06-22 21:40:34.007  1120  1120 D usf_sensor_hal: magnetometer: Enter Activate. Enable = 0.
06-22 21:40:34.008  1519  7335 W ActivityManager: Foreground service started from background can not have location/camera/microphone access: service com.rewardyourworld.rewardyourworld/com.transistorsoft.locationmanager.service.TrackingService
06-22 21:40:34.008  1322  1322 D AOC     : A3:MSG: usf_sensor.cc, 1375: USF: Received stop sampling request for MMC56X3X Magnetometer.
06-22 21:40:34.009 27930 27930 D TSLocationManager: [c.t.l.service.AbstractService start] 
06-22 21:40:34.009 27930 27930 D TSLocationManager:     TrackingService [eventCount: 1]
06-22 21:40:34.009  1120  1120 D usf_sensor_hal: gyroscope: Enter Activate. Enable = 0.
06-22 21:40:34.010  1322  1322 D AOC     : A3:MSG: usf_sensor.cc, 1375: USF: Received stop sampling request for LSM6DSR Gyroscope.
06-22 21:40:34.010 27930 27930 D TSLocationManager: [c.t.l.service.TrackingService handleLocationResult] 
06-22 21:40:34.010 27930 27930 D TSLocationManager: 
06-22 21:40:34.010 27930 27930 D TSLocationManager:  TrackingService: LocationResult
06-22 21:40:34.010 27930 27930 D TSLocationManager: 
06-22 21:40:34.010 27930 27930 D TSLocationManager:    Location[fused 52.231722,-0.890802 hAcc=14.895 et=+3d21h5m36s56ms alt=114.30000305175781 vAcc=1.0622102]
06-22 21:40:34.010 27930 27930 D TSLocationManager:  Age: 13ms, time: 1687466433996
06-22 21:40:34.011  1322  1322 D AOC     : A3:MSG: lsm6dsr_device.cc, 755: USF: Lsm6dsrDevice: Sensor 1: Enabled 1, odr_index 3.
06-22 21:40:34.011  1322  1322 D AOC     : A3:MSG: lsm6dsr_fifo.cc, 747: USF: Lsm6dsrFifo: ODR: XL/G/T/TS: 52/52/13/6 WM: 4 Intr: 31.
06-22 21:40:34.011 27930 27930 D TSLocationManager: [c.t.l.service.AbstractService finish]   finish TrackingService [eventCount: 0, sticky: true]
06-22 21:40:34.012  1120  1120 D usf_sensor_hal: IMU temperature: Enter Batch. period = 615385000, latency = 2000000000.
06-22 21:40:34.012 27930 27969 D TSLocationManager: [c.t.l.l.TSLocationManager onLocationResult] 
06-22 21:40:34.012 27930 27969 D TSLocationManager: 
06-22 21:40:34.012 27930 27969 D TSLocationManager:  Process LocationResult
06-22 21:40:34.012 27930 27969 D TSLocationManager: 
06-22 21:40:34.013 27930 27969 D TSLocationManager: [c.t.l.l.TSLocationManager onLocationResult] 
06-22 21:40:34.013 27930 27969 D TSLocationManager:     IGNORED: same as last location
06-22 21:40:34.013  1322  1322 D AOC     : A3:MSG: lsm6dsr_device.cc, 663: USF: Lsm6dsrDevice: Fifo was disabled for 859131ns.
06-22 21:40:34.017  1322  1322 D AOC     : A3:MSG: usf_sensor.cc, 1883: USF: Received reconfig sampling request for LSM6DSR Temperature.
06-22 21:40:34.018  1322  1322 D AOC     : A3:MSG: lsm6dsr_device.cc, 755: USF: Lsm6dsrDevice: Sensor 2: Enabled 1, odr_index 1.
06-22 21:40:34.018  1322  1322 D AOC     : A3:MSG: lsm6dsr_fifo.cc, 747: USF: Lsm6dsrFifo: ODR: XL/G/T/TS: 52/52/13/6 WM: 4 Intr: 31.
06-22 21:40:34.018  1322  1322 D AOC     : A3:MSG: lsm6dsr_device.cc, 663: USF: Lsm6dsrDevice: Fifo was disabled for 553955ns.
06-22 21:40:34.020  1120  1120 D usf_sensor_hal: magnetometer: Enter Activate. Enable = 0.
06-22 21:40:34.020  1322  1322 D AOC     : A3:MSG: usf_sensor.cc, 1375: USF: Received stop sampling request for MMC56X3X Magnetometer.
06-22 21:40:34.021  1322  1322 D AOC     : A3:MSG: mmc56x3x_device.cc, 409: USF: MMC56X3X0: mmc56x3x_enable_measure odr = 50.
06-22 21:40:34.028  1075  1075 D GnssAidl: Gnss::setPositionMode
06-22 21:40:34.028  1075  1075 D GnssVisibilityControlAidl: GnssVisibilityControl::isInEmergencySession
06-22 21:40:34.028  1075  1075 I libgps  : [proxy__gnss_visibility_control_is_in_emergency_session_cb] = 0
06-22 21:40:34.028  1075  1147 D GnssAidl: Gnss::start
06-22 21:40:34.029  1120  1120 D usf_sensor_hal: accelerometer: Enter Batch. period = 20000000, latency = 0.
06-22 21:40:34.030  1322  1322 D AOC     : A3:MSG: usf_sensor.cc, 1883: USF: Received reconfig sampling request for LSM6DSR Accelerometer.
06-22 21:40:34.030  1322  1322 D AOC     : A3:MSG: lsm6dsr_device.cc, 755: USF: Lsm6dsrDevice: Sensor 0: Enabled 1, odr_index 3.
06-22 21:40:34.030  1322  1322 D AOC     : A3:MSG: lsm6dsr_fifo.cc, 747: USF: Lsm6dsrFifo: ODR: XL/G/T/TS: 52/52/13/6 WM: 2 Intr: 52.
06-22 21:40:34.031  1322  1322 D AOC     : A3:MSG: lsm6dsr_device.cc, 663: USF: Lsm6dsrDevice: Fifo was disabled for 648193ns.
06-22 21:40:34.032  1120  1120 D usf_sensor_hal: IMU temperature: Enter Batch. period = 615385000, latency = 0.
06-22 21:40:34.034  1322  1322 D AOC     : A3:MSG: usf_sensor.cc, 1883: USF: Received reconfig sampling request for LSM6DSR Temperature.
06-22 21:40:34.034  1322  1322 D AOC     : A3:MSG: lsm6dsr_device.cc, 755: USF: Lsm6dsrDevice: Sensor 2: Enabled 1, odr_index 1.
06-22 21:40:34.034  1322  1322 D AOC     : A3:MSG: lsm6dsr_fifo.cc, 747: USF: Lsm6dsrFifo: ODR: XL/G/T/TS: 52/52/13/6 WM: 2 Intr: 52.
06-22 21:40:34.034  1322  1322 D AOC     : A3:MSG: lsm6dsr_device.cc, 249: USF: Lsm6dsrDevice: Config sampling too slow. Took 813476ns.
06-22 21:40:34.035  1322  1322 D AOC     : A3:MSG: lsm6dsr_device.cc, 663: USF: Lsm6dsrDevice: Fifo was disabled for 813476ns.
06-22 21:40:34.035  1904  1914 I native  : I0000 00:00:1687466434.035512    1914 tf_lite_classifier.cc:383] Event stream classified as kNone
06-22 21:40:34.035  1120  1120 D usf_sensor_hal: accelerometer: Enter Flush
06-22 21:40:34.041  1120  1120 D usf_sensor_hal: pressure: Enter Activate. Enable = 0.
06-22 21:40:34.042  1322  1322 D AOC     : A3:MSG: usf_sensor.cc, 1375: USF: Received stop sampling request for ICP10101 Pressure Sensor.
06-22 21:40:34.042  1322  1322 D AOC     : A3:MSG: icp10101_device.cc, 160: USF: ICP10101: Barometer stops sampling.
06-22 21:40:34.042  1322  1322 D AOC     : A3:MSG: icp10101_device.cc, 146: USF: ICP10101: Barometer starts sampling: period_ns = 40000000, max_latency_ns = 10000
06-22 21:40:34.044  1120  1120 D usf_sensor_hal: pressure: Enter Batch. period = 100000000, latency = 0.
06-22 21:40:34.045  1120  1120 D usf_sensor_hal: pressure: Enter Activate. Enable = 1.
06-22 21:40:34.045  1322  1322 D AOC     : A3:MSG: usf_sensor.cc, 1368: USF: Received start sampling request for ICP10101 Pressure Sensor.
06-22 21:40:34.045  1322  1322 D AOC     : A3:MSG: icp10101_device.cc, 160: USF: ICP10101: Barometer stops sampling.
06-22 21:40:34.046  1322  1322 D AOC     : A3:MSG: icp10101_device.cc, 146: USF: ICP10101: Barometer starts sampling: period_ns = 40000000, max_latency_ns = 0.
06-22 21:40:34.050 26504 26737 W inertial-anchor: Triggering reinit due to mag declination change
06-22 21:40:34.051 26504 26737 W Looper  : Looper already prepared for this thread with a different value for the LOOPER_PREPARE_ALLOW_NON_CALLBACKS option.
06-22 21:40:34.052  1120  1120 D usf_sensor_hal: accelerometer: Enter Flush
06-22 21:40:34.053  1120  1120 D usf_sensor_hal: accelerometer: Enter Batch. period = 10000000, latency = 0.
06-22 21:40:34.055  1322  1322 D AOC     : A3:MSG: usf_sensor.cc, 1883: USF: Received reconfig sampling request for LSM6DSR Accelerometer.
06-22 21:40:34.056 27930 27996 D TrafficStats: tagSocket(78) with statsTag=0xffffffff, statsUid=-1
06-22 21:40:34.056  1322  1322 D AOC     : A3:MSG: lsm6dsr_device.cc, 755: USF: Lsm6dsrDevice: Sensor 0: Enabled 1, odr_index 4.
06-22 21:40:34.056  1322  1322 D AOC     : A3:MSG: lsm6dsr_fifo.cc, 747: USF: Lsm6dsrFifo: ODR: XL/G/T/TS: 104/52/13/13 WM: 1 Intr: 104.
06-22 21:40:34.057  1519  8235 W AlarmManager: Alarms must either supply a PendingIntent or an AlarmReceiver
06-22 21:40:34.057  1322  1322 D AOC     : A3:MSG: lsm6dsr_device.cc, 663: USF: Lsm6dsrDevice: Fifo was disabled for 652588ns.
06-22 21:40:34.057  1120  1120 D usf_sensor_hal: IMU temperature: Enter Batch. period = 615385000, latency = 0.
06-22 21:40:34.058  1120  1120 D usf_sensor_hal: magnetometer: Enter Batch. period = 200000000, latency = 0.
06-22 21:40:34.058  1120  1120 D usf_sensor_hal: magnetometer: Enter Activate. Enable = 1.
06-22 21:40:34.061  1322  1322 D AOC     : A3:MSG: usf_sensor.cc, 1368: USF: Received start sampling request for MMC56X3X Magnetometer.
06-22 21:40:34.061  1322  1322 D AOC     : A3:MSG: mmc56x3x_device.cc, 409: USF: MMC56X3X0: mmc56x3x_enable_measure odr = 50.
06-22 21:40:34.063  1120  1120 D usf_sensor_hal: magnetometer: Enter Batch. period = 20000000, latency = 0.
06-22 21:40:34.064  1322  1322 D AOC     : A3:MSG: usf_sensor.cc, 1883: USF: Received reconfig sampling request for MMC56X3X Magnetometer.
06-22 21:40:34.064  1323  1498 D CHRE    : @ 335103.040: Parsed nanoapp message from host: app ID 0x476f6f676c001013 endpoint 0x31 msgType 1 payload size 20
06-22 21:40:34.064  1323  1498 I CHRE    : @ 335103.040: [NanoMinion] received MSG Type 0x1, Version 0, 16 bytes
06-22 21:40:34.064  1323  1498 I CHRE    : @ 335103.040: [BluePixel] *** Receiving StartDelivery request ***
06-22 21:40:34.064  1323  1498 I CHRE    : @ 335103.040: [BluePixel] FLP mode 3, FOP enabled 0
06-22 21:40:34.064  1120  1120 D usf_sensor_hal: gyroscope: Enter Batch. period = 200000000, latency = 0.
06-22 21:40:34.064  1120  1120 D usf_sensor_hal: IMU temperature: Enter Batch. period = 615385000, latency = 0.
06-22 21:40:34.064  1120  1120 D usf_sensor_hal: gyroscope: Enter Activate. Enable = 1.
06-22 21:40:34.065  1322  1322 D AOC     : A3:MSG: usf_sensor.cc, 1368: USF: Received start sampling request for LSM6DSR Gyroscope.
06-22 21:40:34.066  1322  1322 D AOC     : A3:MSG: lsm6dsr_device.cc, 755: USF: Lsm6dsrDevice: Sensor 1: Enabled 1, odr_index 3.
06-22 21:40:34.066  1322  1322 D AOC     : A3:MSG: lsm6dsr_fifo.cc, 747: USF: Lsm6dsrFifo: ODR: XL/G/T/TS: 104/52/13/13 WM: 1 Intr: 104.
06-22 21:40:34.067  1322  1322 D AOC     : A3:MSG: lsm6dsr_device.cc, 663: USF: Lsm6dsrDevice: Fifo was disabled for 560791ns.
06-22 21:40:34.067  1120  1120 D usf_sensor_hal: gyroscope: Enter Batch. period = 10000000, latency = 0.
06-22 21:40:34.068  1322  1322 D AOC     : A3:MSG: usf_sensor.cc, 1883: USF: Received reconfig sampling request for LSM6DSR Gyroscope.
06-22 21:40:34.068  1322  1322 D AOC     : A3:MSG: lsm6dsr_device.cc, 755: USF: Lsm6dsrDevice: Sensor 1: Enabled 1, odr_index 4.
06-22 21:40:34.069  1322  1322 D AOC     : A3:MSG: lsm6dsr_fifo.cc, 747: USF: Lsm6dsrFifo: ODR: XL/G/T/TS: 104/104/13/13 WM: 2 Intr: 104.
06-22 21:40:34.069  1322  1322 D AOC     : A3:MSG: lsm6dsr_device.cc, 663: USF: Lsm6dsrDevice: Fifo was disabled for 779785ns.
06-22 21:40:34.070  1120  1120 D usf_sensor_hal: IMU temperature: Enter Batch. period = 615385000, latency = 0.
06-22 21:40:34.070  1120  1120 D usf_sensor_hal: magnetometer: Enter Batch. period = 200000000, latency = 0.
06-22 21:40:34.070  1120  1120 D usf_sensor_hal: magnetometer: Enter Activate. Enable = 1.
06-22 21:40:34.071  1322  1322 D AOC     : A3:MSG: usf_sensor.cc, 1368: USF: Received start sampling request for MMC56X3X Magnetometer.
06-22 21:40:34.072  1120  1120 D usf_sensor_hal: magnetometer: Enter Batch. period = 20000000, latency = 0.
06-22 21:40:34.073  1322  1322 D AOC     : A3:MSG: usf_sensor.cc, 1883: USF: Received reconfig sampling request for MMC56X3X Magnetometer.
06-22 21:40:34.126 27930 27969 I TSLocationManager: [c.t.l.http.HttpService flush] 
06-22 21:40:34.126 27930 27969 I TSLocationManager:     HttpService is busy
06-22 21:40:34.136 27930 27969 I TSLocationManager: [c.t.l.http.HttpService flush] 
06-22 21:40:34.136 27930 27969 I TSLocationManager:     HttpService is busy
06-22 21:40:34.136  1103  1111 D ContextHubHal: Got message from nanoapp: ID 0x476f6f676c001013
06-22 21:40:34.137  1322  1322 D AOC     : A3:MSG: usf_sensor.cc, 1883: USF: Received reconfig sampling request for LSM6DSR Accelerometer.
06-22 21:40:34.137  1103  1111 D ContextHubHal: Got message from nanoapp: ID 0x476f6f676c001013
06-22 21:40:34.137  1323  1498 D CHRE    : @ 335103.123: [BluePixel] Controller flush completed
06-22 21:40:34.137  1323  1498 I CHRE    : @ 335103.124: [NanoMinion] sent MSG Type 0x3, Version 0, 297 bytes, MessageId 104
06-22 21:40:34.137  1323  1498 I CHRE    : @ 335103.124: [NanoMinion] sent MSG Type 0x2, Version 0, 8 bytes, MessageId 105
06-22 21:40:34.139  1242  1242 D gpsd    : CALL_SENTRY(main()): GlEngine::OnResourceRequest took 250 ms (from 335135948 to 335136198) (logOverhead=0,0,0,0,0,0,0), start: 21:40:33.889
06-22 21:40:34.140  1322  1322 D AOC     : A3:MSG: usf_sensor.cc, 1883: USF: Received reconfig sampling request for LSM6DSR Gyroscope.
06-22 21:40:34.140  1322  1322 D AOC     : A3:MSG: usf_sensor.cc, 1883: USF: Received reconfig sampling request for MMC56X3X Magnetometer.
06-22 21:40:34.140  1322  1322 D AOC     : A3:MSG: usf_sensor.cc, 1883: USF: Received reconfig sampling request for LSM6DSR Accelerometer.
06-22 21:40:34.144  1904  1914 I native  : I0000 00:00:1687466434.144177    1914 tf_lite_classifier.cc:383] Event stream classified as kNone
06-22 21:40:34.149  1323  1498 D CHRE    : @ 335103.137: Nanoapp list request from client ID 1
06-22 21:40:34.153  1103  1111 D ContextHubHal: Got message from nanoapp: ID 0x476f6f676c001013
06-22 21:40:34.153  1103  1111 D ContextHubHal: Got nanoapp list response with 16 apps
06-22 21:40:34.154  1242  1242 D gpsd    : CALL_SENTRY(main()): GlEngine::ChipData took 518 ms (from 335135695 to 335136213) (logOverhead=0,0,0,0,0,0,0), start: 21:40:33.636
06-22 21:40:34.154  1242  1242 D gpsd    : CALL_SENTRY(main()): ProcessEvent took 518 ms (from 335135695 to 335136213) (logOverhead=0,0,0,0,0,0,0), start: 21:40:33.636
06-22 21:40:34.155  1519  8235 D AGnssRilCbJni: requestSetIdCb. setIdflag: 1, 
06-22 21:40:34.156  1075  1147 D GnssAidl: Gnss::injectTime
06-22 21:40:34.163  1103  1111 D ContextHubHal: Got message from nanoapp: ID 0x476f6f676c001013
06-22 21:40:34.163  1323  1498 D CHRE    : @ 335103.150: Parsed nanoapp message from host: app ID 0x476f6f676c001013 endpoint 0x31 msgType 1 payload size 30
06-22 21:40:34.163  1323  1498 I CHRE    : @ 335103.150: [NanoMinion] received MSG Type 0x1, Version 0, 26 bytes
06-22 21:40:34.163  1323  1498 I CHRE    : @ 335103.150: [BluePixel] *** Receiving Config request ***
06-22 21:40:34.163  1323  1498 I CHRE    : @ 335103.150: [BluePixel] GNSS config: enable 1, interval/timeout/retry 8000/15000/30000 ms, min C/N0 27.000001 dbhz, min meas 4
06-22 21:40:34.163  1323  1498 I CHRE    : @ 335103.150: [BluePixel] WiFi config: enable 1, interval/max_age 7500/3750 ms
06-22 21:40:34.163  1323  1498 I CHRE    : @ 335103.151: [NanoMinion] sent MSG Type 0x2, Version 0, 8 bytes, MessageId 107
06-22 21:40:34.168  1322  1322 D AOC     : A3:MSG: usf_sensor.cc, 1883: USF: Received reconfig sampling request for LSM6DSR Accelerometer.
06-22 21:40:34.168  1323  1498 D CHRE    : @ 335103.153: Parsed nanoapp message from host: app ID 0x476f6f676c001013 endpoint 0x31 msgType 1 payload size 16
06-22 21:40:34.168  1323  1498 I CHRE    : @ 335103.153: [NanoMinion] received MSG Type 0x1, Version 0, 12 bytes
06-22 21:40:34.168  1323  1498 I CHRE    : @ 335103.153: [BluePixel] *** Receiving StopDelivery request ***
06-22 21:40:34.168  1322  1322 D AOC     : A3:MSG: usf_sensor.cc, 1883: USF: Received reconfig sampling request for LSM6DSR Gyroscope.
06-22 21:40:34.169  1322  1322 D AOC     : A3:MSG: usf_sensor.cc, 1883: USF: Received reconfig sampling request for MMC56X3X Magnetometer.
06-22 21:40:34.170  1322  1322 D AOC     : A3:MSG: usf_sensor.cc, 1883: USF: Received reconfig sampling request for LSM6DSR Accelerometer.
06-22 21:40:34.170  1103  1111 D ContextHubHal: Got message from nanoapp: ID 0x476f6f676c001013
06-22 21:40:34.170  1323  1498 I CHRE    : @ 335103.158: [NanoMinion] sent MSG Type 0x2, Version 0, 8 bytes, MessageId 108
06-22 21:40:34.257  1904  1914 I native  : I0000 00:00:1687466434.257475    1914 tf_lite_classifier.cc:383] Event stream classified as kNone
06-22 21:40:34.365  1904  1914 I native  : I0000 00:00:1687466434.365595    1914 tf_lite_classifier.cc:383] Event stream classified as kNone
06-22 21:40:34.412  1322  1322 D AOC     : A3:MSG: window_orientation.c, 697: [WO] Proposed rotation: 4, flat angle threshold: 65
06-22 21:40:34.412  1322  1322 D AOC     : A3:MSG: window_orientation.c, 1105: [WO] orientation angle 339, orientation 4
06-22 21:40:34.412  1322  1322 D AOC     : A3:MSG: window_orientation.c, 430: [WO] Gyro angle integrated: 3.309535
06-22 21:40:34.412  1322  1322 D AOC     : A3:MSG: window_orientation.c, 430: [WO] Gyro angle integrated: 3.309535
06-22 21:40:34.418  2328  2328 D TelephonyManager: requestModemActivityInfo: Sending result to app: ModemActivityInfo{ mTimestamp=335136476 mSleepTimeMs=252878192 mIdleTimeMs=14464110 mActivityStatsTechSpecificInfo=[{mRat=UNKNOWN,mFrequencyRange=UNKNOWN,mTxTimeMs[]=[1333618, 453386, 808714, 239023, 864084],mRxTimeMs=63056033}]}
06-22 21:40:34.459  1904  1914 I native  : I0000 00:00:1687466434.459510    1914 tf_lite_classifier.cc:383] Event stream classified as kNone
06-22 21:40:34.664  1904  1914 I native  : I0000 00:00:1687466434.664099    1914 tf_lite_classifier.cc:383] Event stream classified as kNone
06-22 21:40:34.730  1519  7338 D WifiNl80211Manager: Scan result ready event
06-22 21:40:34.730  1519  7338 D WifiNative: Scan result ready event
06-22 21:40:34.760  1519  1943 D WificondScannerImpl: Filtering out 142 scan results.
06-22 21:40:34.773  1134  1134 I WifiHAL : Creating message to get link statistics; iface = 48
06-22 21:40:34.774  1323  1498 D CHRE    : @ 335103.762: [WifiPlatform] received scan: 48 APs
06-22 21:40:34.775  1323  1498 D CHRE    : @ 335103.762: [ChreWifiScanner] scan received in 335099 seconds: active: 1134, total: 1781
06-22 21:40:34.790  1075  1147 D GnssAidl: Gnss::injectLocation
06-22 21:40:34.813  1134  1134 I WifiHAL : In GetLinkStatsCommand::handleResponse
06-22 21:40:34.821  1904  1914 I native  : I0000 00:00:1687466434.821711    1914 tf_lite_classifier.cc:383] Event stream classified as kNone
06-22 21:40:34.917  1103  1111 D ContextHubHal: Got message from nanoapp: ID 0x476f6f676c001022
06-22 21:40:34.918  1323  1498 I CHRE    : @ 335103.903: [ip] Peak detected: magnitude = 0.184233 hpa, duration = 38.999998 ms
06-22 21:40:34.918  1120  1813 I suez-nanoapp-clients: Barometric peak detected: magnitude = 0.184234 hPa (bucket: 4), duration = 39.000000 ms (bucket: 3).
06-22 21:40:34.919  1120  1813 I suez-nanoapp-clients: Vendor atom [id = 100047] reported.
06-22 21:40:34.920  1103  1111 D ContextHubHal: Got message from nanoapp: ID 0x476f6f676c001022
06-22 21:40:34.920  1519  1991 E ContextHubClientManager: Cannot send message to unregistered client (host endpoint ID = -28638)
06-22 21:40:34.920  1519  1991 E ContextHubClientManager: Cannot send message to unregistered client (host endpoint ID = -28638)
06-22 21:40:34.920  1103  1111 D ContextHubHal: Got message from nanoapp: ID 0x476f6f676c001022
06-22 21:40:34.920  1120  1813 I suez-nanoapp-clients: Barometric peak detected: magnitude = 0.145375 hPa (bucket: 3), duration = 40.000000 ms (bucket: 3).
06-22 21:40:34.921  1103  1111 D ContextHubHal: Got message from nanoapp: ID 0x476f6f676c001022
06-22 21:40:34.921  1519  1991 E ContextHubClientManager: Cannot send message to unregistered client (host endpoint ID = -28638)
06-22 21:40:34.921  1519  1991 E ContextHubClientManager: Cannot send message to unregistered client (host endpoint ID = -28638)
06-22 21:40:34.921  1103  1111 D ContextHubHal: Got message from nanoapp: ID 0x476f6f676c001022
06-22 21:40:34.921  1120  1813 I suez-nanoapp-clients: Vendor atom [id = 100047] reported.
06-22 21:40:34.921  1120  1813 I suez-nanoapp-clients: Barometric peak detected: magnitude = 0.286335 hPa (bucket: 7), duration = 79.000000 ms (bucket: 7).
06-22 21:40:34.921  1103  1111 D ContextHubHal: Got message from nanoapp: ID 0x476f6f676c001022
06-22 21:40:34.921  1103  1111 D ContextHubHal: Got message from nanoapp: ID 0x476f6f676c001022
06-22 21:40:34.922  1103  1111 D ContextHubHal: Got message from nanoapp: ID 0x476f6f676c001022
06-22 21:40:34.922  1323  1498 I CHRE    : @ 335103.907: [ip] Peak detected: magnitude = 0.145374 hpa, duration = 40.000000 ms
06-22 21:40:34.922  1103  1111 D ContextHubHal: Got message from nanoapp: ID 0x476f6f676c001022
06-22 21:40:34.922  1323  1498 I CHRE    : @ 335103.907: [ip] Peak detected: magnitude = 0.286335 hpa, duration = 79.000002 ms
06-22 21:40:34.922  1323  1498 I CHRE    : @ 335103.907: [ip] Peak detected: magnitude = 0.185877 hpa, duration = 40.000000 ms
06-22 21:40:34.922  1323  1498 I CHRE    : @ 335103.907: [ip] Peak detected: magnitude = 0.232312 hpa, duration = 40.000000 ms
06-22 21:40:34.922  1323  1498 I CHRE    : @ 335103.907: [ip] Peak detected: magnitude = 0.531955 hpa, duration = 79.000002 ms
06-22 21:40:34.922  1323  1498 I CHRE    : @ 335103.908: [ip] Peak detected: magnitude = 0.219402 hpa, duration = 40.000000 ms
06-22 21:40:34.922  1323  1498 I CHRE    : @ 335103.908: [ip] Peak detected: magnitude = 0.131141 hpa, duration = 38.999998 ms
06-22 21:40:34.922  1323  1498 I CHRE    : @ 335103.908: [ip] Peak detected: magnitude = 0.118434 hpa, duration = 38.999998 ms
06-22 21:40:34.922  1323  1498 I CHRE    : @ 335103.908: [ip] Peak detected: magnitude = 0.247794 hpa, duration = 38.999998 ms
06-22 21:40:34.922  1323  1498 I CHRE    : @ 335103.908: [ip] Peak detected: magnitude = 0.315479 hpa, duration = 40.000000 ms
06-22 21:40:34.922  1103  1111 D ContextHubHal: Got message from nanoapp: ID 0x476f6f676c001022
06-22 21:40:34.922  1120  1813 I suez-nanoapp-clients: Vendor atom [id = 100047] reported.
06-22 21:40:34.922  1120  1813 I suez-nanoapp-clients: Barometric peak detected: magnitude = 0.185877 hPa (bucket: 4), duration = 40.000000 ms (bucket: 3).
06-22 21:40:34.922  1103  1111 D ContextHubHal: Got message from nanoapp: ID 0x476f6f676c001022
06-22 21:40:34.922  1103  1111 D ContextHubHal: Got message from nanoapp: ID 0x476f6f676c001022
06-22 21:40:34.922  1120  1813 I suez-nanoapp-clients: Vendor atom [id = 100047] reported.
06-22 21:40:34.922  1120  1813 I suez-nanoapp-clients: Barometric peak detected: magnitude = 0.232312 hPa (bucket: 5), duration = 40.000000 ms (bucket: 3).
06-22 21:40:34.923  1323  1498 I CHRE    : @ 335103.910: [ip] Peak detected: magnitude = 0.102386 hpa, duration = 38.999998 ms
06-22 21:40:34.922  1519  1991 E ContextHubClientManager: Cannot send message to unregistered client (host endpoint ID = -28638)
06-22 21:40:34.923  1120  1813 I suez-nanoapp-clients: Vendor atom [id = 100047] reported.
06-22 21:40:34.923  1103  1111 D ContextHubHal: Got message from nanoapp: ID 0x476f6f676c001022
